     VMA      LMA     Size Align Out     In      Symbol
       0        0        0     1 __user_storage_start = ORIGIN ( USER_STORAGE ) - ORIGIN ( FLASH )
a0000000 a0000000        0     1 ExtFlashSection
a0000000 a0000000        0     1         . = ALIGN ( 0x4 )
a0000000 a0000000        0     1 PROVIDE ( NonMaskableInt = DefaultHandler )
a0000000 a0000000        0     1 PROVIDE ( MemoryManagement = DefaultHandler )
a0000000 a0000000        0     1 PROVIDE ( BusFault = DefaultHandler )
a0000000 a0000000        0     1 PROVIDE ( UsageFault = DefaultHandler )
a0000000 a0000000        0     1 PROVIDE ( SecureFault = DefaultHandler )
a0000000 a0000000        0     1 PROVIDE ( SVCall = DefaultHandler )
a0000000 a0000000        0     1 PROVIDE ( DebugMonitor = DefaultHandler )
a0000000 a0000000        0     1 PROVIDE ( PendSV = DefaultHandler )
a0000000 a0000000        0     1 PROVIDE ( SysTick = DefaultHandler )
a0000000 a0000000        0     1 PROVIDE ( DefaultHandler = DefaultHandler_ )
a0000000 a0000000        0     1 PROVIDE ( HardFault = HardFault_ )
a0000000 a0000000        0     1 PROVIDE ( __pre_init = DefaultPreInit )
a0000000 a0000000        0     1 PROVIDE ( _stack_start = ORIGIN ( RAM ) + LENGTH ( RAM ) )
 8000000  8000000      274     4 .vector_table
 8000000  8000000        0     1         __vector_table = .
 8000000  8000000        4     1         LONG ( _stack_start & 0xFFFFFFF8 )
 8000004  8000004        4     4         C:\projects\contributions\embassy\examples\stm32u5\target\thumbv8m.main-none-eabihf\release\deps\libcortex_m_rt-12da0f7f83f8655c.rlib(cortex_m_rt-12da0f7f83f8655c.cortex_m_rt.9af0fdcc373a2615-cgu.0.rcgu.o):(.vector_table.reset_vector)
 8000004  8000004        4     1                 __RESET_VECTOR
 8000008  8000008        0     1         __reset_vector = .
 8000008  8000008       38     4         C:\projects\contributions\embassy\examples\stm32u5\target\thumbv8m.main-none-eabihf\release\deps\libcortex_m_rt-12da0f7f83f8655c.rlib(cortex_m_rt-12da0f7f83f8655c.cortex_m_rt.9af0fdcc373a2615-cgu.0.rcgu.o):(.vector_table.exceptions)
 8000008  8000008       38     1                 __EXCEPTIONS
 8000040  8000040        0     1         __eexceptions = .
 8000040  8000040      234     4         C:\projects\contributions\embassy\examples\stm32u5\target\thumbv8m.main-none-eabihf\release\deps\libstm32_metapac-43bcb7a497f38db8.rlib(stm32_metapac-43bcb7a497f38db8.stm32_metapac.f1d681a5e4127e88-cgu.0.rcgu.o):(.vector_table.interrupts)
 8000040  8000040      234     1                 __INTERRUPTS
 8000274  8000274        0     1 PROVIDE ( _stext = ADDR ( .vector_table ) + SIZEOF ( .vector_table ) )
 8000274  8000274     8b5c     4 .text
 8000274  8000274        0     1         __stext = .
 8000274  8000274       58     4         C:\projects\contributions\embassy\examples\stm32u5\target\thumbv8m.main-none-eabihf\release\deps\libcortex_m_rt-12da0f7f83f8655c.rlib(cortex_m_rt-12da0f7f83f8655c.cortex_m_rt.9af0fdcc373a2615-cgu.0.rcgu.o):(.Reset)
 8000274  8000274        0     1                 $t
 8000275  8000275       3e     1                 Reset
 80002b4  80002b4        0     1                 $d
 80002cc  80002cc      132     2         C:\projects\contributions\embassy\examples\stm32u5\target\thumbv8m.main-none-eabihf\release\deps\hspi_memory_mapped-e768eefdf1e95a3c.hspi_memory_mapped.a6c91d3a9f8ce307-cgu.0.rcgu.o:(.text._ZN13embassy_stm324hspi42Hspi$LT$T$C$embassy_stm32..mode..Async$GT$4read28_$u7b$$u7b$closure$u7d$$u7d$17h85e8a66421dd2014E)
 80002cc  80002cc        0     1                 $t
 80002cd  80002cd      132     1                 embassy_stm32::hspi::Hspi$LT$T$C$embassy_stm32..mode..Async$GT$::read::_$u7b$$u7b$closure$u7d$$u7d$::h85e8a66421dd2014
 80003fe  80003fe      104     2         C:\projects\contributions\embassy\examples\stm32u5\target\thumbv8m.main-none-eabihf\release\deps\hspi_memory_mapped-e768eefdf1e95a3c.hspi_memory_mapped.a6c91d3a9f8ce307-cgu.0.rcgu.o:(.text._ZN13embassy_stm324hspi42Hspi$LT$T$C$embassy_stm32..mode..Async$GT$5write28_$u7b$$u7b$closure$u7d$$u7d$17h3b8c795df77b3661E)
 80003fe  80003fe        0     1                 $t
 80003ff  80003ff      104     1                 embassy_stm32::hspi::Hspi$LT$T$C$embassy_stm32..mode..Async$GT$::write::_$u7b$$u7b$closure$u7d$$u7d$::h3b8c795df77b3661
 8000504  8000504     1586     4         C:\projects\contributions\embassy\examples\stm32u5\target\thumbv8m.main-none-eabihf\release\deps\hspi_memory_mapped-e768eefdf1e95a3c.hspi_memory_mapped.a6c91d3a9f8ce307-cgu.0.rcgu.o:(.text._ZN16embassy_executor3raw20TaskStorage$LT$F$GT$4poll17h5fb809135539258dE.llvm.17935306158673660401)
 8000504  8000504        0     1                 $t
 8000505  8000505     1586     1                 embassy_executor::raw::TaskStorage$LT$F$GT$::poll::h5fb809135539258d (.llvm.17935306158673660401)
 800053c  800053c        0     1                 $d
 800055c  800055c        0     1                 $t
 8000674  8000674        0     1                 $d
 800067e  800067e        0     1                 $t
 80006be  80006be        0     1                 $d
 80006c8  80006c8        0     1                 $t
 8000706  8000706        0     1                 $d
 8000710  8000710        0     1                 $t
 8000722  8000722        0     1                 $d
 800072c  800072c        0     1                 $t
 8000844  8000844        0     1                 $d
 800084e  800084e        0     1                 $t
 800087a  800087a        0     1                 $d
 8000884  8000884        0     1                 $t
 8000f36  8000f36        0     1                 $d
 8000f40  8000f40        0     1                 $t
 8000f70  8000f70        0     1                 $d
 8000f7e  8000f7e        0     1                 $t
 8001a8a  8001a8a       22     2         C:\projects\contributions\embassy\examples\stm32u5\target\thumbv8m.main-none-eabihf\release\deps\hspi_memory_mapped-e768eefdf1e95a3c.hspi_memory_mapped.a6c91d3a9f8ce307-cgu.0.rcgu.o:(.text._ZN67_$LT$embassy_stm32..hspi..HspiError$u20$as$u20$core..fmt..Debug$GT$3fmt17h1cc21e14352bb4e6E)
 8001a8a  8001a8a        0     1                 $t
 8001a8b  8001a8b       22     1                 _$LT$embassy_stm32..hspi..HspiError$u20$as$u20$core..fmt..Debug$GT$::fmt::h1cc21e14352bb4e6
 8001aac  8001aac       e4     2         C:\projects\contributions\embassy\examples\stm32u5\target\thumbv8m.main-none-eabihf\release\deps\hspi_memory_mapped-e768eefdf1e95a3c.hspi_memory_mapped.a6c91d3a9f8ce307-cgu.0.rcgu.o:(.text._ZN18hspi_memory_mapped20FlashMemory$LT$I$GT$12exec_command28_$u7b$$u7b$closure$u7d$$u7d$17he168192d59a68cb4E)
 8001aac  8001aac        0     1                 $t
 8001aad  8001aad       e4     1                 hspi_memory_mapped::FlashMemory$LT$I$GT$::exec_command::_$u7b$$u7b$closure$u7d$$u7d$::he168192d59a68cb4
 8001b90  8001b90      1ea     2         C:\projects\contributions\embassy\examples\stm32u5\target\thumbv8m.main-none-eabihf\release\deps\hspi_memory_mapped-e768eefdf1e95a3c.hspi_memory_mapped.a6c91d3a9f8ce307-cgu.0.rcgu.o:(.text._ZN18hspi_memory_mapped20FlashMemory$LT$I$GT$11read_memory28_$u7b$$u7b$closure$u7d$$u7d$17he7f051a0978ac435E)
 8001b90  8001b90        0     1                 $t
 8001b91  8001b91      1ea     1                 hspi_memory_mapped::FlashMemory$LT$I$GT$::read_memory::_$u7b$$u7b$closure$u7d$$u7d$::he7f051a0978ac435
 8001d7a  8001d7a      126     2         C:\projects\contributions\embassy\examples\stm32u5\target\thumbv8m.main-none-eabihf\release\deps\hspi_memory_mapped-e768eefdf1e95a3c.hspi_memory_mapped.a6c91d3a9f8ce307-cgu.0.rcgu.o:(.text._ZN18hspi_memory_mapped27OctaDtrFlashMemory$LT$I$GT$16exec_command_spi28_$u7b$$u7b$closure$u7d$$u7d$17hdb5b42bb38a1a911E)
 8001d7a  8001d7a        0     1                 $t
 8001d7b  8001d7b      126     1                 hspi_memory_mapped::OctaDtrFlashMemory$LT$I$GT$::exec_command_spi::_$u7b$$u7b$closure$u7d$$u7d$::hdb5b42bb38a1a911
 8001ea0  8001ea0      138     2         C:\projects\contributions\embassy\examples\stm32u5\target\thumbv8m.main-none-eabihf\release\deps\hspi_memory_mapped-e768eefdf1e95a3c.hspi_memory_mapped.a6c91d3a9f8ce307-cgu.0.rcgu.o:(.text._ZN18hspi_memory_mapped27OctaDtrFlashMemory$LT$I$GT$21exec_command_octa_dtr28_$u7b$$u7b$closure$u7d$$u7d$17h79c7ea552a53c8c0E)
 8001ea0  8001ea0        0     1                 $t
 8001ea1  8001ea1      138     1                 hspi_memory_mapped::OctaDtrFlashMemory$LT$I$GT$::exec_command_octa_dtr::_$u7b$$u7b$closure$u7d$$u7d$::h79c7ea552a53c8c0
 8001fd8  8001fd8      1f0     2         C:\projects\contributions\embassy\examples\stm32u5\target\thumbv8m.main-none-eabihf\release\deps\hspi_memory_mapped-e768eefdf1e95a3c.hspi_memory_mapped.a6c91d3a9f8ce307-cgu.0.rcgu.o:(.text._ZN18hspi_memory_mapped27OctaDtrFlashMemory$LT$I$GT$11read_memory28_$u7b$$u7b$closure$u7d$$u7d$17h8e59a413b569497cE)
 8001fd8  8001fd8        0     1                 $t
 8001fd9  8001fd9      1f0     1                 hspi_memory_mapped::OctaDtrFlashMemory$LT$I$GT$::read_memory::_$u7b$$u7b$closure$u7d$$u7d$::h8e59a413b569497c
 80021c8  80021c8      14c     2         C:\projects\contributions\embassy\examples\stm32u5\target\thumbv8m.main-none-eabihf\release\deps\hspi_memory_mapped-e768eefdf1e95a3c.hspi_memory_mapped.a6c91d3a9f8ce307-cgu.1.rcgu.o:(.text._ZN13embassy_stm324hspi17Hspi$LT$T$C$M$GT$17configure_command17h9daa9d46c15d6babE)
 80021c8  80021c8        0     1                 $t
 80021c9  80021c9      14c     1                 embassy_stm32::hspi::Hspi$LT$T$C$M$GT$::configure_command::h9daa9d46c15d6bab
 8002314  8002314      36e     4         C:\projects\contributions\embassy\examples\stm32u5\target\thumbv8m.main-none-eabihf\release\deps\hspi_memory_mapped-e768eefdf1e95a3c.hspi_memory_mapped.a6c91d3a9f8ce307-cgu.1.rcgu.o:(.text._ZN13embassy_stm324hspi42Hspi$LT$T$C$embassy_stm32..mode..Async$GT$11new_octospi17ha1dda4092a93055cE)
 8002314  8002314        0     1                 $t
 8002315  8002315      36e     1                 embassy_stm32::hspi::Hspi$LT$T$C$embassy_stm32..mode..Async$GT$::new_octospi::ha1dda4092a93055c
 8002436  8002436        0     1                 $d
 800244e  800244e        0     1                 $t
 8002682  8002682        c     2         C:\projects\contributions\embassy\examples\stm32u5\target\thumbv8m.main-none-eabihf\release\deps\hspi_memory_mapped-e768eefdf1e95a3c.hspi_memory_mapped.a6c91d3a9f8ce307-cgu.1.rcgu.o:(.text._ZN16embassy_executor3raw4util19UninitCell$LT$T$GT$14write_in_place17h898b798e5c04c1d5E)
 8002682  8002682        0     1                 $t
 8002683  8002683        c     1                 embassy_executor::raw::util::UninitCell$LT$T$GT$::write_in_place::h898b798e5c04c1d5
 800268e  800268e       e4     2         C:\projects\contributions\embassy\examples\stm32u5\target\thumbv8m.main-none-eabihf\release\deps\hspi_memory_mapped-e768eefdf1e95a3c.hspi_memory_mapped.a6c91d3a9f8ce307-cgu.1.rcgu.o:(.text._ZN16embassy_executor4arch6thread8Executor3run17hdd147195090b7e02E)
 800268e  800268e        0     1                 $t
 800268f  800268f       e4     1                 embassy_executor::arch::thread::Executor::run::hdd147195090b7e02
 8002772  8002772       18     2         C:\projects\contributions\embassy\examples\stm32u5\target\thumbv8m.main-none-eabihf\release\deps\hspi_memory_mapped-e768eefdf1e95a3c.hspi_memory_mapped.a6c91d3a9f8ce307-cgu.1.rcgu.o:(.text._ZN42_$LT$$RF$T$u20$as$u20$core..fmt..Debug$GT$3fmt17hd2a24e0768e33020E)
 8002772  8002772        0     1                 $t
 8002773  8002773       18     1                 _$LT$$RF$T$u20$as$u20$core..fmt..Debug$GT$::fmt::hd2a24e0768e33020
 800278a  800278a       18     2         C:\projects\contributions\embassy\examples\stm32u5\target\thumbv8m.main-none-eabihf\release\deps\hspi_memory_mapped-e768eefdf1e95a3c.hspi_memory_mapped.a6c91d3a9f8ce307-cgu.1.rcgu.o:(.text._ZN42_$LT$$RF$T$u20$as$u20$core..fmt..Debug$GT$3fmt17hd647aedcde0309e1E)
 800278a  800278a        0     1                 $t
 800278b  800278b       18     1                 _$LT$$RF$T$u20$as$u20$core..fmt..Debug$GT$::fmt::hd647aedcde0309e1
 80027a4  80027a4       20     4         C:\projects\contributions\embassy\examples\stm32u5\target\thumbv8m.main-none-eabihf\release\deps\hspi_memory_mapped-e768eefdf1e95a3c.hspi_memory_mapped.a6c91d3a9f8ce307-cgu.1.rcgu.o:(.text.unlikely._ZN4core9panicking13assert_failed17h475c5037286bee63E)
 80027a4  80027a4        0     1                 $t
 80027a5  80027a5       20     1                 core::panicking::assert_failed::h475c5037286bee63
 80027c0  80027c0        0     1                 $d
 80027c4  80027c4       20     4         C:\projects\contributions\embassy\examples\stm32u5\target\thumbv8m.main-none-eabihf\release\deps\hspi_memory_mapped-e768eefdf1e95a3c.hspi_memory_mapped.a6c91d3a9f8ce307-cgu.1.rcgu.o:(.text.unlikely._ZN4core9panicking13assert_failed17hcb6731a0b5acd07dE)
 80027c4  80027c4        0     1                 $t
 80027c5  80027c5       20     1                 core::panicking::assert_failed::hcb6731a0b5acd07d
 80027e0  80027e0        0     1                 $d
 80027e4  80027e4       1c     2         C:\projects\contributions\embassy\examples\stm32u5\target\thumbv8m.main-none-eabihf\release\deps\hspi_memory_mapped-e768eefdf1e95a3c.hspi_memory_mapped.a6c91d3a9f8ce307-cgu.1.rcgu.o:(.text._ZN5defmt6export3fmt17h3bc679ffb0b474a5E)
 80027e4  80027e4        0     1                 $t
 80027e5  80027e5       1c     1                 defmt::export::fmt::h3bc679ffb0b474a5
 8002800  8002800       22     2         C:\projects\contributions\embassy\examples\stm32u5\target\thumbv8m.main-none-eabihf\release\deps\hspi_memory_mapped-e768eefdf1e95a3c.hspi_memory_mapped.a6c91d3a9f8ce307-cgu.1.rcgu.o:(.text._ZN67_$LT$embassy_stm32..hspi..HspiError$u20$as$u20$core..fmt..Debug$GT$3fmt17h1cc21e14352bb4e6E.llvm.16878599276805716832)
 8002800  8002800        0     1                 $t
 8002801  8002801       22     1                 _$LT$embassy_stm32..hspi..HspiError$u20$as$u20$core..fmt..Debug$GT$::fmt::h1cc21e14352bb4e6 (.llvm.16878599276805716832)
 8002822  8002822      1fa     2         C:\projects\contributions\embassy\examples\stm32u5\target\thumbv8m.main-none-eabihf\release\deps\hspi_memory_mapped-e768eefdf1e95a3c.hspi_memory_mapped.a6c91d3a9f8ce307-cgu.1.rcgu.o:(.text._ZN80_$LT$embassy_stm32..hspi..Hspi$LT$T$C$M$GT$$u20$as$u20$core..ops..drop..Drop$GT$4drop17h2dfaaf3b5fcd5ecfE)
 8002822  8002822        0     1                 $t
 8002823  8002823      1fa     1                 _$LT$embassy_stm32..hspi..Hspi$LT$T$C$M$GT$$u20$as$u20$core..ops..drop..Drop$GT$::drop::h2dfaaf3b5fcd5ecf
 8002a1c  8002a1c      126     2         C:\projects\contributions\embassy\examples\stm32u5\target\thumbv8m.main-none-eabihf\release\deps\hspi_memory_mapped-e768eefdf1e95a3c.hspi_memory_mapped.a6c91d3a9f8ce307-cgu.1.rcgu.o:(.text._ZN18hspi_memory_mapped20FlashMemory$LT$I$GT$17wait_write_finish17hb6a8f0cb726c90e8E)
 8002a1c  8002a1c        0     1                 $t
 8002a1d  8002a1d      126     1                 hspi_memory_mapped::FlashMemory$LT$I$GT$::wait_write_finish::hb6a8f0cb726c90e8
 8002b42  8002b42      188     2         C:\projects\contributions\embassy\examples\stm32u5\target\thumbv8m.main-none-eabihf\release\deps\hspi_memory_mapped-e768eefdf1e95a3c.hspi_memory_mapped.a6c91d3a9f8ce307-cgu.1.rcgu.o:(.text._ZN18hspi_memory_mapped20FlashMemory$LT$I$GT$7read_id17h8394f54d3394ac70E)
 8002b42  8002b42        0     1                 $t
 8002b43  8002b43      188     1                 hspi_memory_mapped::FlashMemory$LT$I$GT$::read_id::h8394f54d3394ac70
 8002cca  8002cca      126     2         C:\projects\contributions\embassy\examples\stm32u5\target\thumbv8m.main-none-eabihf\release\deps\hspi_memory_mapped-e768eefdf1e95a3c.hspi_memory_mapped.a6c91d3a9f8ce307-cgu.1.rcgu.o:(.text._ZN18hspi_memory_mapped27OctaDtrFlashMemory$LT$I$GT$21wait_write_finish_spi17hacfc7937a947a9d8E)
 8002cca  8002cca        0     1                 $t
 8002ccb  8002ccb      126     1                 hspi_memory_mapped::OctaDtrFlashMemory$LT$I$GT$::wait_write_finish_spi::hacfc7937a947a9d8
 8002df0  8002df0      182     2         C:\projects\contributions\embassy\examples\stm32u5\target\thumbv8m.main-none-eabihf\release\deps\hspi_memory_mapped-e768eefdf1e95a3c.hspi_memory_mapped.a6c91d3a9f8ce307-cgu.1.rcgu.o:(.text._ZN18hspi_memory_mapped27OctaDtrFlashMemory$LT$I$GT$26wait_write_finish_octa_dtr17he23223c7081a17ceE)
 8002df0  8002df0        0     1                 $t
 8002df1  8002df1      182     1                 hspi_memory_mapped::OctaDtrFlashMemory$LT$I$GT$::wait_write_finish_octa_dtr::he23223c7081a17ce
 8002f72  8002f72       e4     2         C:\projects\contributions\embassy\examples\stm32u5\target\thumbv8m.main-none-eabihf\release\deps\hspi_memory_mapped-e768eefdf1e95a3c.hspi_memory_mapped.a6c91d3a9f8ce307-cgu.1.rcgu.o:(.text._ZN18hspi_memory_mapped27OctaDtrFlashMemory$LT$I$GT$13write_cr2_spi17he604ef8475dd5cf0E)
 8002f72  8002f72        0     1                 $t
 8002f73  8002f73       e4     1                 hspi_memory_mapped::OctaDtrFlashMemory$LT$I$GT$::write_cr2_spi::he604ef8475dd5cf0
 8003056  8003056        8     2         C:\projects\contributions\embassy\examples\stm32u5\target\thumbv8m.main-none-eabihf\release\deps\hspi_memory_mapped-e768eefdf1e95a3c.hspi_memory_mapped.a6c91d3a9f8ce307-cgu.1.rcgu.o:(.text.main)
 8003056  8003056        0     1                 $t
 8003057  8003057        8     1                 main
 800305e  800305e       14     2         C:\projects\contributions\embassy\examples\stm32u5\target\thumbv8m.main-none-eabihf\release\deps\hspi_memory_mapped-e768eefdf1e95a3c.hspi_memory_mapped.a6c91d3a9f8ce307-cgu.1.rcgu.o:(.text._ZN18hspi_memory_mapped18__cortex_m_rt_main17h9b187b4d45f2b1a1E)
 800305e  800305e        0     1                 $t
 800305f  800305f       14     1                 hspi_memory_mapped::__cortex_m_rt_main::h9b187b4d45f2b1a1
 8003072  8003072        6     2         C:\projects\contributions\embassy\examples\stm32u5\target\thumbv8m.main-none-eabihf\release\deps\libpanic_probe-f09ae00d2b2f7319.rlib(panic_probe-f09ae00d2b2f7319.panic_probe.b41ef4e3c89302ac-cgu.0.rcgu.o):(.text._ZN44_$LT$$RF$T$u20$as$u20$core..fmt..Display$GT$3fmt17h8d053607314c694bE)
 8003072  8003072        0     1                 $t
 8003073  8003073        6     1                 _$LT$$RF$T$u20$as$u20$core..fmt..Display$GT$::fmt::h8d053607314c694b
 8003078  8003078       68     2         C:\projects\contributions\embassy\examples\stm32u5\target\thumbv8m.main-none-eabihf\release\deps\libpanic_probe-f09ae00d2b2f7319.rlib(panic_probe-f09ae00d2b2f7319.panic_probe.b41ef4e3c89302ac-cgu.0.rcgu.o):(.text.rust_begin_unwind)
 8003078  8003078        0     1                 $t
 8003079  8003079       68     1                 rust_begin_unwind
 80030e0  80030e0       82     2         C:\projects\contributions\embassy\examples\stm32u5\target\thumbv8m.main-none-eabihf\release\deps\libdefmt_rtt-049cb879375b2510.rlib(defmt_rtt-049cb879375b2510.defmt_rtt.6d3d73dc5a6b6dc0-cgu.0.rcgu.o):(.text._ZN9defmt_rtt7channel7Channel14blocking_write17h5fee44ef662dc42aE)
 80030e0  80030e0        0     1                 $t
 80030e1  80030e1       82     1                 defmt_rtt::channel::Channel::blocking_write::h5fee44ef662dc42a
 8003162  8003162       5e     2         C:\projects\contributions\embassy\examples\stm32u5\target\thumbv8m.main-none-eabihf\release\deps\libdefmt_rtt-049cb879375b2510.rlib(defmt_rtt-049cb879375b2510.defmt_rtt.6d3d73dc5a6b6dc0-cgu.0.rcgu.o):(.text._ZN9defmt_rtt7channel7Channel17nonblocking_write17h364fe2a014deaf8dE)
 8003162  8003162        0     1                 $t
 8003163  8003163       5e     1                 defmt_rtt::channel::Channel::nonblocking_write::h364fe2a014deaf8d
 80031c0  80031c0       ea     2         C:\projects\contributions\embassy\examples\stm32u5\target\thumbv8m.main-none-eabihf\release\deps\libdefmt_rtt-049cb879375b2510.rlib(defmt_rtt-049cb879375b2510.defmt_rtt.6d3d73dc5a6b6dc0-cgu.0.rcgu.o):(.text._ZN59_$LT$defmt_rtt..Logger$u20$as$u20$defmt..traits..Logger$GT$7release17h330ca63c58327c85E)
 80031c0  80031c0        0     1                 $t
 80031c1  80031c1       ea     1                 _$LT$defmt_rtt..Logger$u20$as$u20$defmt..traits..Logger$GT$::release::h330ca63c58327c85
 80032aa  80032aa      1f2     2         C:\projects\contributions\embassy\examples\stm32u5\target\thumbv8m.main-none-eabihf\release\deps\libdefmt_rtt-049cb879375b2510.rlib(defmt_rtt-049cb879375b2510.defmt_rtt.6d3d73dc5a6b6dc0-cgu.0.rcgu.o):(.text._ZN59_$LT$defmt_rtt..Logger$u20$as$u20$defmt..traits..Logger$GT$5write17h109435cdac46a0a6E)
 80032aa  80032aa        0     1                 $t
 80032ab  80032ab      1f2     1                 _$LT$defmt_rtt..Logger$u20$as$u20$defmt..traits..Logger$GT$::write::h109435cdac46a0a6
 800349c  800349c       a0     2         C:\projects\contributions\embassy\examples\stm32u5\target\thumbv8m.main-none-eabihf\release\deps\libdefmt_rtt-049cb879375b2510.rlib(defmt_rtt-049cb879375b2510.defmt_rtt.6d3d73dc5a6b6dc0-cgu.0.rcgu.o):(.text._defmt_acquire)
 800349c  800349c        0     1                 $t
 800349d  800349d       a0     1                 _defmt_acquire
 800353c  800353c        4     2         C:\projects\contributions\embassy\examples\stm32u5\target\thumbv8m.main-none-eabihf\release\deps\libdefmt_rtt-049cb879375b2510.rlib(defmt_rtt-049cb879375b2510.defmt_rtt.6d3d73dc5a6b6dc0-cgu.0.rcgu.o):(.text._defmt_release)
 800353c  800353c        0     1                 $t
 800353d  800353d        4     1                 _defmt_release
 8003540  8003540        4     2         C:\projects\contributions\embassy\examples\stm32u5\target\thumbv8m.main-none-eabihf\release\deps\libdefmt_rtt-049cb879375b2510.rlib(defmt_rtt-049cb879375b2510.defmt_rtt.6d3d73dc5a6b6dc0-cgu.0.rcgu.o):(.text._defmt_write)
 8003540  8003540        0     1                 $t
 8003541  8003541        4     1                 _defmt_write
 8003544  8003544      12c     4         C:\projects\contributions\embassy\examples\stm32u5\target\thumbv8m.main-none-eabihf\release\deps\libembassy_stm32-c4ede1c142b55d62.rlib(embassy_stm32-c4ede1c142b55d62.embassy_stm32.52b24915d1ceb477-cgu.00.rcgu.o):(.text._ZN13embassy_stm3210_generated115_$LT$impl$u20$embassy_stm32..rcc..SealedRccPeripheral$u20$for$u20$embassy_stm32.._generated..peripherals..HSPI1$GT$9frequency17h01db61d897440123E)
 8003544  8003544        0     1                 $t
 8003545  8003545      12c     1                 embassy_stm32::_generated::_$LT$impl$u20$embassy_stm32..rcc..SealedRccPeripheral$u20$for$u20$embassy_stm32.._generated..peripherals..HSPI1$GT$::frequency::h01db61d897440123
 800355c  800355c        0     1                 $d
 8003560  8003560        0     1                 $t
 8003670  8003670      82a     4         C:\projects\contributions\embassy\examples\stm32u5\target\thumbv8m.main-none-eabihf\release\deps\libembassy_stm32-c4ede1c142b55d62.rlib(embassy_stm32-c4ede1c142b55d62.embassy_stm32.52b24915d1ceb477-cgu.01.rcgu.o):(.text._ZN13embassy_stm3210_generated118_$LT$impl$u20$core..ops..arith..Div$LT$stm32_metapac..rcc..vals..Plldiv$GT$$u20$for$u20$embassy_stm32..time..Hertz$GT$3div17he2321a3e6c768d3eE)
 8003670  8003670        0     1                 $t
 8003671  8003671      82a     1                 embassy_stm32::_generated::_$LT$impl$u20$core..ops..arith..Div$LT$stm32_metapac..rcc..vals..Plldiv$GT$$u20$for$u20$embassy_stm32..time..Hertz$GT$::div::he2321a3e6c768d3e
 8003676  8003676        0     1                 $d
 8003776  8003776        0     1                 $t
 8003e9c  8003e9c     124e     4         C:\projects\contributions\embassy\examples\stm32u5\target\thumbv8m.main-none-eabihf\release\deps\libembassy_stm32-c4ede1c142b55d62.rlib(embassy_stm32-c4ede1c142b55d62.embassy_stm32.52b24915d1ceb477-cgu.01.rcgu.o):(.text._ZN13embassy_stm3210_generated116_$LT$impl$u20$core..ops..arith..Mul$LT$stm32_metapac..rcc..vals..Plln$GT$$u20$for$u20$embassy_stm32..time..Hertz$GT$3mul17hb6f03fdb0ba91d6dE)
 8003e9c  8003e9c        0     1                 $t
 8003e9d  8003e9d     124e     1                 embassy_stm32::_generated::_$LT$impl$u20$core..ops..arith..Mul$LT$stm32_metapac..rcc..vals..Plln$GT$$u20$for$u20$embassy_stm32..time..Hertz$GT$::mul::hb6f03fdb0ba91d6d
 8003eac  8003eac        0     1                 $d
 80042a6  80042a6        0     1                 $t
 80050ea  80050ea       1c     2         C:\projects\contributions\embassy\examples\stm32u5\target\thumbv8m.main-none-eabihf\release\deps\libembassy_stm32-c4ede1c142b55d62.rlib(embassy_stm32-c4ede1c142b55d62.embassy_stm32.52b24915d1ceb477-cgu.02.rcgu.o):(.text._ZN5defmt6export3fmt17h1f114bd06ba58765E)
 80050ea  80050ea        0     1                 $t
 80050eb  80050eb       1c     1                 defmt::export::fmt::h1f114bd06ba58765
 8005106  8005106       28     2         C:\projects\contributions\embassy\examples\stm32u5\target\thumbv8m.main-none-eabihf\release\deps\libembassy_stm32-c4ede1c142b55d62.rlib(embassy_stm32-c4ede1c142b55d62.embassy_stm32.52b24915d1ceb477-cgu.02.rcgu.o):(.text._ZN5defmt6export3fmt17h542abbbb6eb65348E)
 8005106  8005106        0     1                 $t
 8005107  8005107       28     1                 defmt::export::fmt::h542abbbb6eb65348
 800512e  800512e       26     2         C:\projects\contributions\embassy\examples\stm32u5\target\thumbv8m.main-none-eabihf\release\deps\libembassy_stm32-c4ede1c142b55d62.rlib(embassy_stm32-c4ede1c142b55d62.embassy_stm32.52b24915d1ceb477-cgu.02.rcgu.o):(.text._ZN5defmt6export3fmt17h6c95a9ed77da0f4eE)
 800512e  800512e        0     1                 $t
 800512f  800512f       26     1                 defmt::export::fmt::h6c95a9ed77da0f4e
 8005154  8005154       26     2         C:\projects\contributions\embassy\examples\stm32u5\target\thumbv8m.main-none-eabihf\release\deps\libembassy_stm32-c4ede1c142b55d62.rlib(embassy_stm32-c4ede1c142b55d62.embassy_stm32.52b24915d1ceb477-cgu.02.rcgu.o):(.text._ZN5defmt6export3fmt17h7840e611ad5d58afE)
 8005154  8005154        0     1                 $t
 8005155  8005155       26     1                 defmt::export::fmt::h7840e611ad5d58af
 800517c  800517c      87a     4         C:\projects\contributions\embassy\examples\stm32u5\target\thumbv8m.main-none-eabihf\release\deps\libembassy_stm32-c4ede1c142b55d62.rlib(embassy_stm32-c4ede1c142b55d62.embassy_stm32.52b24915d1ceb477-cgu.03.rcgu.o):(.text._ZN13embassy_stm323rcc8_version4init17hb95f6209b2682554E)
 800517c  800517c        0     1                 $t
 800517d  800517d      87a     1                 embassy_stm32::rcc::_version::init::hb95f6209b2682554
 8005462  8005462        0     1                 $d
 8005466  8005466        0     1                 $t
 80054fa  80054fa        0     1                 $d
 80054fe  80054fe        0     1                 $t
 80055fa  80055fa        0     1                 $d
 800561a  800561a        0     1                 $t
 8005668  8005668        0     1                 $d
 8005678  8005678        0     1                 $t
 800569a  800569a        0     1                 $d
 80056aa  80056aa        0     1                 $t
 80056d4  80056d4        0     1                 $d
 80056e4  80056e4        0     1                 $t
 80059f8  80059f8      4c4     4         C:\projects\contributions\embassy\examples\stm32u5\target\thumbv8m.main-none-eabihf\release\deps\libembassy_stm32-c4ede1c142b55d62.rlib(embassy_stm32-c4ede1c142b55d62.embassy_stm32.52b24915d1ceb477-cgu.03.rcgu.o):(.text._ZN13embassy_stm323rcc8_version8init_pll17h686ffa2217a8a4feE)
 80059f8  80059f8        0     1                 $t
 80059f9  80059f9      4c4     1                 embassy_stm32::rcc::_version::init_pll::h686ffa2217a8a4fe
 8005a96  8005a96        0     1                 $d
 8005a9e  8005a9e        0     1                 $t
 8005ad2  8005ad2        0     1                 $d
 8005ae2  8005ae2        0     1                 $t
 8005bc2  8005bc2        0     1                 $d
 8005bca  8005bca        0     1                 $t
 8005ebc  8005ebc       de     2         C:\projects\contributions\embassy\examples\stm32u5\target\thumbv8m.main-none-eabihf\release\deps\libembassy_stm32-c4ede1c142b55d62.rlib(embassy_stm32-c4ede1c142b55d62.embassy_stm32.52b24915d1ceb477-cgu.05.rcgu.o):(.text._ZN13embassy_stm3211time_driver4init17h8951c9ebbfa6ea23E)
 8005ebc  8005ebc        0     1                 $t
 8005ebd  8005ebd       de     1                 embassy_stm32::time_driver::init::h8951c9ebbfa6ea23
 8005f9a  8005f9a       2a     2         C:\projects\contributions\embassy\examples\stm32u5\target\thumbv8m.main-none-eabihf\release\deps\libembassy_stm32-c4ede1c142b55d62.rlib(embassy_stm32-c4ede1c142b55d62.embassy_stm32.52b24915d1ceb477-cgu.05.rcgu.o):(.text._embassy_time_now)
 8005f9a  8005f9a        0     1                 $t
 8005f9b  8005f9b       2a     1                 _embassy_time_now
 8005fc4  8005fc4       28     2         C:\projects\contributions\embassy\examples\stm32u5\target\thumbv8m.main-none-eabihf\release\deps\libembassy_stm32-c4ede1c142b55d62.rlib(embassy_stm32-c4ede1c142b55d62.embassy_stm32.52b24915d1ceb477-cgu.05.rcgu.o):(.text._embassy_time_allocate_alarm)
 8005fc4  8005fc4        0     1                 $t
 8005fc5  8005fc5       28     1                 _embassy_time_allocate_alarm
 8005fec  8005fec       28     2         C:\projects\contributions\embassy\examples\stm32u5\target\thumbv8m.main-none-eabihf\release\deps\libembassy_stm32-c4ede1c142b55d62.rlib(embassy_stm32-c4ede1c142b55d62.embassy_stm32.52b24915d1ceb477-cgu.05.rcgu.o):(.text._embassy_time_set_alarm_callback)
 8005fec  8005fec        0     1                 $t
 8005fed  8005fed       28     1                 _embassy_time_set_alarm_callback
 8006014  8006014       ba     2         C:\projects\contributions\embassy\examples\stm32u5\target\thumbv8m.main-none-eabihf\release\deps\libembassy_stm32-c4ede1c142b55d62.rlib(embassy_stm32-c4ede1c142b55d62.embassy_stm32.52b24915d1ceb477-cgu.05.rcgu.o):(.text._embassy_time_set_alarm)
 8006014  8006014        0     1                 $t
 8006015  8006015       ba     1                 _embassy_time_set_alarm
 80060ce  80060ce       ec     2         C:\projects\contributions\embassy\examples\stm32u5\target\thumbv8m.main-none-eabihf\release\deps\libembassy_stm32-c4ede1c142b55d62.rlib(embassy_stm32-c4ede1c142b55d62.embassy_stm32.52b24915d1ceb477-cgu.05.rcgu.o):(.text.TIM15)
 80060ce  80060ce        0     1                 $t
 80060cf  80060cf       ec     1                 TIM15
 80061ba  80061ba      112     2         C:\projects\contributions\embassy\examples\stm32u5\target\thumbv8m.main-none-eabihf\release\deps\libembassy_stm32-c4ede1c142b55d62.rlib(embassy_stm32-c4ede1c142b55d62.embassy_stm32.52b24915d1ceb477-cgu.06.rcgu.o):(.text._ZN13embassy_stm323dma5gpdma8Transfer9new_inner17h47474a3edc23538fE)
 80061ba  80061ba        0     1                 $t
 80061bb  80061bb      112     1                 embassy_stm32::dma::gpdma::Transfer::new_inner::h47474a3edc23538f
 80062cc  80062cc       76     2         C:\projects\contributions\embassy\examples\stm32u5\target\thumbv8m.main-none-eabihf\release\deps\libembassy_stm32-c4ede1c142b55d62.rlib(embassy_stm32-c4ede1c142b55d62.embassy_stm32.52b24915d1ceb477-cgu.06.rcgu.o):(.text._ZN77_$LT$embassy_stm32..dma..gpdma..Transfer$u20$as$u20$core..ops..drop..Drop$GT$4drop17h456f5dc695c06b2dE)
 80062cc  80062cc        0     1                 $t
 80062cd  80062cd       76     1                 _$LT$embassy_stm32..dma..gpdma..Transfer$u20$as$u20$core..ops..drop..Drop$GT$::drop::h456f5dc695c06b2d
 8006342  8006342       6a     2         C:\projects\contributions\embassy\examples\stm32u5\target\thumbv8m.main-none-eabihf\release\deps\libembassy_stm32-c4ede1c142b55d62.rlib(embassy_stm32-c4ede1c142b55d62.embassy_stm32.52b24915d1ceb477-cgu.06.rcgu.o):(.text._ZN84_$LT$embassy_stm32..dma..gpdma..Transfer$u20$as$u20$core..future..future..Future$GT$4poll17h75ca7642da32240aE)
 8006342  8006342        0     1                 $t
 8006343  8006343       6a     1                 _$LT$embassy_stm32..dma..gpdma..Transfer$u20$as$u20$core..future..future..Future$GT$::poll::h75ca7642da32240a
 80063ac  80063ac       28     2         C:\projects\contributions\embassy\examples\stm32u5\target\thumbv8m.main-none-eabihf\release\deps\libembassy_stm32-c4ede1c142b55d62.rlib(embassy_stm32-c4ede1c142b55d62.embassy_stm32.52b24915d1ceb477-cgu.06.rcgu.o):(.text._ZN13embassy_stm324hspi10finish_dma17hd5cbe25767559e4eE)
 80063ac  80063ac        0     1                 $t
 80063ad  80063ad       28     1                 embassy_stm32::hspi::finish_dma::hd5cbe25767559e4e
 80063d4  80063d4       c8     2         C:\projects\contributions\embassy\examples\stm32u5\target\thumbv8m.main-none-eabihf\release\deps\libembassy_stm32-c4ede1c142b55d62.rlib(embassy_stm32-c4ede1c142b55d62.embassy_stm32.52b24915d1ceb477-cgu.08.rcgu.o):(.text._ZN13embassy_stm323dma5gpdma48_$LT$impl$u20$embassy_stm32..dma..AnyChannel$GT$6on_irq17hb688897992831cb8E)
 80063d4  80063d4        0     1                 $t
 80063d5  80063d5       c8     1                 embassy_stm32::dma::gpdma::_$LT$impl$u20$embassy_stm32..dma..AnyChannel$GT$::on_irq::hb688897992831cb8
 800649c  800649c      2a0     4         C:\projects\contributions\embassy\examples\stm32u5\target\thumbv8m.main-none-eabihf\release\deps\libembassy_stm32-c4ede1c142b55d62.rlib(embassy_stm32-c4ede1c142b55d62.embassy_stm32.52b24915d1ceb477-cgu.09.rcgu.o):(.text._ZN13embassy_stm323rcc2bd8LsConfig4init17he48864074710faf4E)
 800649c  800649c        0     1                 $t
 800649d  800649d      2a0     1                 embassy_stm32::rcc::bd::LsConfig::init::he48864074710faf4
 80064b0  80064b0        0     1                 $d
 80064b8  80064b8        0     1                 $t
 800673c  800673c        6     2         C:\projects\contributions\embassy\examples\stm32u5\target\thumbv8m.main-none-eabihf\release\deps\libembassy_stm32-c4ede1c142b55d62.rlib(embassy_stm32-c4ede1c142b55d62.embassy_stm32.52b24915d1ceb477-cgu.10.rcgu.o):(.text._ZN13embassy_stm324gpio6AfType6output17hb76f30a63a87230fE)
 800673c  800673c        0     1                 $t
 800673d  800673d        6     1                 embassy_stm32::gpio::AfType::output::hb76f30a63a87230f
 8006742  8006742       b2     2         C:\projects\contributions\embassy\examples\stm32u5\target\thumbv8m.main-none-eabihf\release\deps\libembassy_stm32-c4ede1c142b55d62.rlib(embassy_stm32-c4ede1c142b55d62.embassy_stm32.52b24915d1ceb477-cgu.10.rcgu.o):(.text._ZN13embassy_stm324gpio9set_as_af17hec381807e160b3a2E)
 8006742  8006742        0     1                 $t
 8006743  8006743       b2     1                 embassy_stm32::gpio::set_as_af::hec381807e160b3a2
 80067f4  80067f4       2c     2         C:\projects\contributions\embassy\examples\stm32u5\target\thumbv8m.main-none-eabihf\release\deps\libembassy_stm32-c4ede1c142b55d62.rlib(embassy_stm32-c4ede1c142b55d62.embassy_stm32.52b24915d1ceb477-cgu.10.rcgu.o):(.text._ZN13embassy_stm324gpio13set_as_analog17hdabd3d03651c5ba4E)
 80067f4  80067f4        0     1                 $t
 80067f5  80067f5       2c     1                 embassy_stm32::gpio::set_as_analog::hdabd3d03651c5ba4
 8006820  8006820       bc     2         C:\projects\contributions\embassy\examples\stm32u5\target\thumbv8m.main-none-eabihf\release\deps\libembassy_stm32-c4ede1c142b55d62.rlib(embassy_stm32-c4ede1c142b55d62.embassy_stm32.52b24915d1ceb477-cgu.11.rcgu.o):(.text._ZN13embassy_stm323rcc7RccInfo24enable_and_reset_with_cs17h536f0ac126a3df97E)
 8006820  8006820        0     1                 $t
 8006821  8006821       bc     1                 embassy_stm32::rcc::RccInfo::enable_and_reset_with_cs::h536f0ac126a3df97
 80068dc  80068dc       1c     2         C:\projects\contributions\embassy\examples\stm32u5\target\thumbv8m.main-none-eabihf\release\deps\libembassy_stm32-c4ede1c142b55d62.rlib(embassy_stm32-c4ede1c142b55d62.embassy_stm32.52b24915d1ceb477-cgu.11.rcgu.o):(.text._ZN13embassy_stm323rcc7RccInfo16enable_and_reset17h9f8ab0e0fa2c4560E)
 80068dc  80068dc        0     1                 $t
 80068dd  80068dd       1c     1                 embassy_stm32::rcc::RccInfo::enable_and_reset::h9f8ab0e0fa2c4560
 80068f8  80068f8       86     2         C:\projects\contributions\embassy\examples\stm32u5\target\thumbv8m.main-none-eabihf\release\deps\libembassy_stm32-c4ede1c142b55d62.rlib(embassy_stm32-c4ede1c142b55d62.embassy_stm32.52b24915d1ceb477-cgu.11.rcgu.o):(.text._ZN13embassy_stm323rcc7RccInfo7disable17h5d3567f13858fbaeE)
 80068f8  80068f8        0     1                 $t
 80068f9  80068f9       86     1                 embassy_stm32::rcc::RccInfo::disable::h5d3567f13858fbae
 800697e  800697e       4c     2         C:\projects\contributions\embassy\examples\stm32u5\target\thumbv8m.main-none-eabihf\release\deps\libembassy_stm32-c4ede1c142b55d62.rlib(embassy_stm32-c4ede1c142b55d62.embassy_stm32.52b24915d1ceb477-cgu.11.rcgu.o):(.text._ZN64_$LT$embassy_stm32..Config$u20$as$u20$core..default..Default$GT$7default17hd391288457334eabE)
 800697e  800697e        0     1                 $t
 800697f  800697f       4c     1                 _$LT$embassy_stm32..Config$u20$as$u20$core..default..Default$GT$::default::hd391288457334eab
 80069ca  80069ca      1da     2         C:\projects\contributions\embassy\examples\stm32u5\target\thumbv8m.main-none-eabihf\release\deps\libembassy_stm32-c4ede1c142b55d62.rlib(embassy_stm32-c4ede1c142b55d62.embassy_stm32.52b24915d1ceb477-cgu.11.rcgu.o):(.text._ZN13embassy_stm324init17h0ae8935db4e56a59E)
 80069ca  80069ca        0     1                 $t
 80069cb  80069cb      1da     1                 embassy_stm32::init::h0ae8935db4e56a59
 8006ba4  8006ba4      110     2         C:\projects\contributions\embassy\examples\stm32u5\target\thumbv8m.main-none-eabihf\release\deps\libembassy_stm32-c4ede1c142b55d62.rlib(embassy_stm32-c4ede1c142b55d62.embassy_stm32.52b24915d1ceb477-cgu.12.rcgu.o):(.text._ZN13embassy_stm3210_generated3mux8ClockMux4init17hce404f47272273ecE)
 8006ba4  8006ba4        0     1                 $t
 8006ba5  8006ba5      110     1                 embassy_stm32::_generated::mux::ClockMux::init::hce404f47272273ec
 8006cb4  8006cb4      27c     2         C:\projects\contributions\embassy\examples\stm32u5\target\thumbv8m.main-none-eabihf\release\deps\libembassy_stm32-c4ede1c142b55d62.rlib(embassy_stm32-c4ede1c142b55d62.embassy_stm32.52b24915d1ceb477-cgu.15.rcgu.o):(.text._ZN75_$LT$embassy_stm32.._generated..Clocks$u20$as$u20$defmt..traits..Format$GT$12_format_data17h7b453914bc37ba19E)
 8006cb4  8006cb4        0     1                 $t
 8006cb5  8006cb5      27c     1                 _$LT$embassy_stm32.._generated..Clocks$u20$as$u20$defmt..traits..Format$GT$::_format_data::h7b453914bc37ba19
 8006f30  8006f30        c     2         C:\projects\contributions\embassy\examples\stm32u5\target\thumbv8m.main-none-eabihf\release\deps\libembassy_stm32-c4ede1c142b55d62.rlib(embassy_stm32-c4ede1c142b55d62.embassy_stm32.52b24915d1ceb477-cgu.15.rcgu.o):(.text.LPDMA1_CHANNEL3)
 8006f30  8006f30        0     1                 $t
 8006f31  8006f31        c     1                 LPDMA1_CHANNEL3
 8006f3c  8006f3c        c     2         C:\projects\contributions\embassy\examples\stm32u5\target\thumbv8m.main-none-eabihf\release\deps\libembassy_stm32-c4ede1c142b55d62.rlib(embassy_stm32-c4ede1c142b55d62.embassy_stm32.52b24915d1ceb477-cgu.15.rcgu.o):(.text.LPDMA1_CHANNEL2)
 8006f3c  8006f3c        0     1                 $t
 8006f3d  8006f3d        c     1                 LPDMA1_CHANNEL2
 8006f48  8006f48        c     2         C:\projects\contributions\embassy\examples\stm32u5\target\thumbv8m.main-none-eabihf\release\deps\libembassy_stm32-c4ede1c142b55d62.rlib(embassy_stm32-c4ede1c142b55d62.embassy_stm32.52b24915d1ceb477-cgu.15.rcgu.o):(.text.LPDMA1_CHANNEL1)
 8006f48  8006f48        0     1                 $t
 8006f49  8006f49        c     1                 LPDMA1_CHANNEL1
 8006f54  8006f54        c     2         C:\projects\contributions\embassy\examples\stm32u5\target\thumbv8m.main-none-eabihf\release\deps\libembassy_stm32-c4ede1c142b55d62.rlib(embassy_stm32-c4ede1c142b55d62.embassy_stm32.52b24915d1ceb477-cgu.15.rcgu.o):(.text.LPDMA1_CHANNEL0)
 8006f54  8006f54        0     1                 $t
 8006f55  8006f55        c     1                 LPDMA1_CHANNEL0
 8006f60  8006f60        c     2         C:\projects\contributions\embassy\examples\stm32u5\target\thumbv8m.main-none-eabihf\release\deps\libembassy_stm32-c4ede1c142b55d62.rlib(embassy_stm32-c4ede1c142b55d62.embassy_stm32.52b24915d1ceb477-cgu.15.rcgu.o):(.text.GPDMA1_CHANNEL9)
 8006f60  8006f60        0     1                 $t
 8006f61  8006f61        c     1                 GPDMA1_CHANNEL9
 8006f6c  8006f6c        c     2         C:\projects\contributions\embassy\examples\stm32u5\target\thumbv8m.main-none-eabihf\release\deps\libembassy_stm32-c4ede1c142b55d62.rlib(embassy_stm32-c4ede1c142b55d62.embassy_stm32.52b24915d1ceb477-cgu.15.rcgu.o):(.text.GPDMA1_CHANNEL8)
 8006f6c  8006f6c        0     1                 $t
 8006f6d  8006f6d        c     1                 GPDMA1_CHANNEL8
 8006f78  8006f78        c     2         C:\projects\contributions\embassy\examples\stm32u5\target\thumbv8m.main-none-eabihf\release\deps\libembassy_stm32-c4ede1c142b55d62.rlib(embassy_stm32-c4ede1c142b55d62.embassy_stm32.52b24915d1ceb477-cgu.15.rcgu.o):(.text.GPDMA1_CHANNEL7)
 8006f78  8006f78        0     1                 $t
 8006f79  8006f79        c     1                 GPDMA1_CHANNEL7
 8006f84  8006f84        c     2         C:\projects\contributions\embassy\examples\stm32u5\target\thumbv8m.main-none-eabihf\release\deps\libembassy_stm32-c4ede1c142b55d62.rlib(embassy_stm32-c4ede1c142b55d62.embassy_stm32.52b24915d1ceb477-cgu.15.rcgu.o):(.text.GPDMA1_CHANNEL6)
 8006f84  8006f84        0     1                 $t
 8006f85  8006f85        c     1                 GPDMA1_CHANNEL6
 8006f90  8006f90        c     2         C:\projects\contributions\embassy\examples\stm32u5\target\thumbv8m.main-none-eabihf\release\deps\libembassy_stm32-c4ede1c142b55d62.rlib(embassy_stm32-c4ede1c142b55d62.embassy_stm32.52b24915d1ceb477-cgu.15.rcgu.o):(.text.GPDMA1_CHANNEL5)
 8006f90  8006f90        0     1                 $t
 8006f91  8006f91        c     1                 GPDMA1_CHANNEL5
 8006f9c  8006f9c        c     2         C:\projects\contributions\embassy\examples\stm32u5\target\thumbv8m.main-none-eabihf\release\deps\libembassy_stm32-c4ede1c142b55d62.rlib(embassy_stm32-c4ede1c142b55d62.embassy_stm32.52b24915d1ceb477-cgu.15.rcgu.o):(.text.GPDMA1_CHANNEL4)
 8006f9c  8006f9c        0     1                 $t
 8006f9d  8006f9d        c     1                 GPDMA1_CHANNEL4
 8006fa8  8006fa8        c     2         C:\projects\contributions\embassy\examples\stm32u5\target\thumbv8m.main-none-eabihf\release\deps\libembassy_stm32-c4ede1c142b55d62.rlib(embassy_stm32-c4ede1c142b55d62.embassy_stm32.52b24915d1ceb477-cgu.15.rcgu.o):(.text.GPDMA1_CHANNEL3)
 8006fa8  8006fa8        0     1                 $t
 8006fa9  8006fa9        c     1                 GPDMA1_CHANNEL3
 8006fb4  8006fb4        c     2         C:\projects\contributions\embassy\examples\stm32u5\target\thumbv8m.main-none-eabihf\release\deps\libembassy_stm32-c4ede1c142b55d62.rlib(embassy_stm32-c4ede1c142b55d62.embassy_stm32.52b24915d1ceb477-cgu.15.rcgu.o):(.text.GPDMA1_CHANNEL2)
 8006fb4  8006fb4        0     1                 $t
 8006fb5  8006fb5        c     1                 GPDMA1_CHANNEL2
 8006fc0  8006fc0        c     2         C:\projects\contributions\embassy\examples\stm32u5\target\thumbv8m.main-none-eabihf\release\deps\libembassy_stm32-c4ede1c142b55d62.rlib(embassy_stm32-c4ede1c142b55d62.embassy_stm32.52b24915d1ceb477-cgu.15.rcgu.o):(.text.GPDMA1_CHANNEL15)
 8006fc0  8006fc0        0     1                 $t
 8006fc1  8006fc1        c     1                 GPDMA1_CHANNEL15
 8006fcc  8006fcc        c     2         C:\projects\contributions\embassy\examples\stm32u5\target\thumbv8m.main-none-eabihf\release\deps\libembassy_stm32-c4ede1c142b55d62.rlib(embassy_stm32-c4ede1c142b55d62.embassy_stm32.52b24915d1ceb477-cgu.15.rcgu.o):(.text.GPDMA1_CHANNEL14)
 8006fcc  8006fcc        0     1                 $t
 8006fcd  8006fcd        c     1                 GPDMA1_CHANNEL14
 8006fd8  8006fd8        c     2         C:\projects\contributions\embassy\examples\stm32u5\target\thumbv8m.main-none-eabihf\release\deps\libembassy_stm32-c4ede1c142b55d62.rlib(embassy_stm32-c4ede1c142b55d62.embassy_stm32.52b24915d1ceb477-cgu.15.rcgu.o):(.text.GPDMA1_CHANNEL13)
 8006fd8  8006fd8        0     1                 $t
 8006fd9  8006fd9        c     1                 GPDMA1_CHANNEL13
 8006fe4  8006fe4        c     2         C:\projects\contributions\embassy\examples\stm32u5\target\thumbv8m.main-none-eabihf\release\deps\libembassy_stm32-c4ede1c142b55d62.rlib(embassy_stm32-c4ede1c142b55d62.embassy_stm32.52b24915d1ceb477-cgu.15.rcgu.o):(.text.GPDMA1_CHANNEL12)
 8006fe4  8006fe4        0     1                 $t
 8006fe5  8006fe5        c     1                 GPDMA1_CHANNEL12
 8006ff0  8006ff0        c     2         C:\projects\contributions\embassy\examples\stm32u5\target\thumbv8m.main-none-eabihf\release\deps\libembassy_stm32-c4ede1c142b55d62.rlib(embassy_stm32-c4ede1c142b55d62.embassy_stm32.52b24915d1ceb477-cgu.15.rcgu.o):(.text.GPDMA1_CHANNEL11)
 8006ff0  8006ff0        0     1                 $t
 8006ff1  8006ff1        c     1                 GPDMA1_CHANNEL11
 8006ffc  8006ffc        c     2         C:\projects\contributions\embassy\examples\stm32u5\target\thumbv8m.main-none-eabihf\release\deps\libembassy_stm32-c4ede1c142b55d62.rlib(embassy_stm32-c4ede1c142b55d62.embassy_stm32.52b24915d1ceb477-cgu.15.rcgu.o):(.text.GPDMA1_CHANNEL10)
 8006ffc  8006ffc        0     1                 $t
 8006ffd  8006ffd        c     1                 GPDMA1_CHANNEL10
 8007008  8007008        c     2         C:\projects\contributions\embassy\examples\stm32u5\target\thumbv8m.main-none-eabihf\release\deps\libembassy_stm32-c4ede1c142b55d62.rlib(embassy_stm32-c4ede1c142b55d62.embassy_stm32.52b24915d1ceb477-cgu.15.rcgu.o):(.text.GPDMA1_CHANNEL1)
 8007008  8007008        0     1                 $t
 8007009  8007009        c     1                 GPDMA1_CHANNEL1
 8007014  8007014        c     2         C:\projects\contributions\embassy\examples\stm32u5\target\thumbv8m.main-none-eabihf\release\deps\libembassy_stm32-c4ede1c142b55d62.rlib(embassy_stm32-c4ede1c142b55d62.embassy_stm32.52b24915d1ceb477-cgu.15.rcgu.o):(.text.GPDMA1_CHANNEL0)
 8007014  8007014        0     1                 $t
 8007015  8007015        c     1                 GPDMA1_CHANNEL0
 8007020  8007020       2c     2         C:\projects\contributions\embassy\examples\stm32u5\target\thumbv8m.main-none-eabihf\release\deps\libembassy_time-0cb908e5896376ca.rlib(embassy_time-0cb908e5896376ca.embassy_time.592797b8ccede7b1-cgu.0.rcgu.o):(.text._defmt_timestamp)
 8007020  8007020        0     1                 $t
 8007021  8007021       2c     1                 _defmt_timestamp
 800704c  800704c        2     2         C:\projects\contributions\embassy\examples\stm32u5\target\thumbv8m.main-none-eabihf\release\deps\libcortex_m_rt-12da0f7f83f8655c.rlib(cortex_m_rt-12da0f7f83f8655c.cortex_m_rt.9af0fdcc373a2615-cgu.0.rcgu.o):(.text.DefaultHandler_)
 800704c  800704c        0     1                 $t
 800704d  800704d        2     1                 DefaultHandler_
 800704e  800704e        2     2         C:\projects\contributions\embassy\examples\stm32u5\target\thumbv8m.main-none-eabihf\release\deps\libcortex_m_rt-12da0f7f83f8655c.rlib(cortex_m_rt-12da0f7f83f8655c.cortex_m_rt.9af0fdcc373a2615-cgu.0.rcgu.o):(.text.DefaultPreInit)
 800704e  800704e        0     1                 $t
 800704f  800704f        2     1                 DefaultPreInit
 8007050  8007050       66     2         C:\projects\contributions\embassy\examples\stm32u5\target\thumbv8m.main-none-eabihf\release\deps\libembassy_sync-751708c5be643027.rlib(embassy_sync-751708c5be643027.embassy_sync.493e1a41bafe1b8e-cgu.0.rcgu.o):(.text._ZN12embassy_sync9waitqueue12atomic_waker11AtomicWaker8register17h8f5f740dd48efb53E)
 8007050  8007050        0     1                 $t
 8007051  8007051       66     1                 embassy_sync::waitqueue::atomic_waker::AtomicWaker::register::h8f5f740dd48efb53
 80070b6  80070b6       3e     2         C:\projects\contributions\embassy\examples\stm32u5\target\thumbv8m.main-none-eabihf\release\deps\libembassy_sync-751708c5be643027.rlib(embassy_sync-751708c5be643027.embassy_sync.493e1a41bafe1b8e-cgu.0.rcgu.o):(.text._ZN12embassy_sync9waitqueue12atomic_waker11AtomicWaker4wake17h415f83967c3a83a6E)
 80070b6  80070b6        0     1                 $t
 80070b7  80070b7       3e     1                 embassy_sync::waitqueue::atomic_waker::AtomicWaker::wake::h415f83967c3a83a6
 80070f4  80070f4        e     2         C:\projects\contributions\embassy\examples\stm32u5\target\thumbv8m.main-none-eabihf\release\deps\libcortex_m-00d3499bdcc2cd79.rlib(cortex_m-00d3499bdcc2cd79.cortex_m.ad777470524c4902-cgu.0.rcgu.o):(.text._ZN126_$LT$cortex_m..critical_section..single_core_critical_section..SingleCoreCriticalSection$u20$as$u20$critical_section..Impl$GT$7acquire17hefe7dc763efcbe53E)
 80070f4  80070f4        0     1                 $t
 80070f5  80070f5        e     1                 _$LT$cortex_m..critical_section..single_core_critical_section..SingleCoreCriticalSection$u20$as$u20$critical_section..Impl$GT$::acquire::hefe7dc763efcbe53
 80070f5  80070f5        e     1                 _critical_section_1_0_acquire
 8007102  8007102        a     2         C:\projects\contributions\embassy\examples\stm32u5\target\thumbv8m.main-none-eabihf\release\deps\libcortex_m-00d3499bdcc2cd79.rlib(cortex_m-00d3499bdcc2cd79.cortex_m.ad777470524c4902-cgu.0.rcgu.o):(.text._ZN126_$LT$cortex_m..critical_section..single_core_critical_section..SingleCoreCriticalSection$u20$as$u20$critical_section..Impl$GT$7release17h23ad6c10e1ee2f60E)
 8007102  8007102        0     1                 $t
 8007103  8007103        a     1                 _$LT$cortex_m..critical_section..single_core_critical_section..SingleCoreCriticalSection$u20$as$u20$critical_section..Impl$GT$::release::h23ad6c10e1ee2f60
 8007103  8007103        a     1                 _critical_section_1_0_release
 800710c  800710c       1c     2         C:\projects\contributions\embassy\examples\stm32u5\target\thumbv8m.main-none-eabihf\release\deps\libembassy_executor-6a57099363a1c363.rlib(embassy_executor-6a57099363a1c363.embassy_executor.677ae4c3f9fc87cf-cgu.0.rcgu.o):(.text._ZN5defmt6export3fmt17h622331f0650ee19eE)
 800710c  800710c        0     1                 $t
 800710d  800710d       1c     1                 defmt::export::fmt::h622331f0650ee19e
 8007128  8007128       48     2         C:\projects\contributions\embassy\examples\stm32u5\target\thumbv8m.main-none-eabihf\release\deps\libembassy_executor-6a57099363a1c363.rlib(embassy_executor-6a57099363a1c363.embassy_executor.677ae4c3f9fc87cf-cgu.0.rcgu.o):(.text._ZN16embassy_executor4arch6thread8Executor3new17hb8f7da8a45baeab4E)
 8007128  8007128        0     1                 $t
 8007129  8007129       48     1                 embassy_executor::arch::thread::Executor::new::hb8f7da8a45baeab4
 8007170  8007170        c     2         C:\projects\contributions\embassy\examples\stm32u5\target\thumbv8m.main-none-eabihf\release\deps\libembassy_executor-6a57099363a1c363.rlib(embassy_executor-6a57099363a1c363.embassy_executor.677ae4c3f9fc87cf-cgu.0.rcgu.o):(.text._ZN16embassy_executor3raw5waker5clone17h5a588ef281f999ceE)
 8007170  8007170        0     1                 $t
 8007171  8007171        c     1                 embassy_executor::raw::waker::clone::h5a588ef281f999ce
 800717c  800717c       e6     2         C:\projects\contributions\embassy\examples\stm32u5\target\thumbv8m.main-none-eabihf\release\deps\libembassy_executor-6a57099363a1c363.rlib(embassy_executor-6a57099363a1c363.embassy_executor.677ae4c3f9fc87cf-cgu.0.rcgu.o):(.text._ZN16embassy_executor3raw5waker4wake17h0e394c57f2bd5786E)
 800717c  800717c        0     1                 $t
 800717d  800717d       e6     1                 embassy_executor::raw::waker::wake::h0e394c57f2bd5786
 8007262  8007262        2     2         C:\projects\contributions\embassy\examples\stm32u5\target\thumbv8m.main-none-eabihf\release\deps\libembassy_executor-6a57099363a1c363.rlib(embassy_executor-6a57099363a1c363.embassy_executor.677ae4c3f9fc87cf-cgu.0.rcgu.o):(.text._ZN16embassy_executor3raw5waker4drop17h3cad2a29cd656977E)
 8007262  8007262        0     1                 $t
 8007263  8007263        2     1                 embassy_executor::raw::waker::drop::h3cad2a29cd656977
 8007264  8007264        8     2         C:\projects\contributions\embassy\examples\stm32u5\target\thumbv8m.main-none-eabihf\release\deps\libembassy_executor-6a57099363a1c363.rlib(embassy_executor-6a57099363a1c363.embassy_executor.677ae4c3f9fc87cf-cgu.0.rcgu.o):(.text._ZN16embassy_executor3raw12SyncExecutor14alarm_callback17h8902b9e66cf4fe19E)
 8007264  8007264        0     1                 $t
 8007265  8007265        8     1                 embassy_executor::raw::SyncExecutor::alarm_callback::h8902b9e66cf4fe19
 800726c  800726c       c2     2         C:\projects\contributions\embassy\examples\stm32u5\target\thumbv8m.main-none-eabihf\release\deps\libembassy_executor-6a57099363a1c363.rlib(embassy_executor-6a57099363a1c363.embassy_executor.677ae4c3f9fc87cf-cgu.0.rcgu.o):(.text._ZN16embassy_executor3raw12SyncExecutor5spawn17h428cd28c94423806E)
 800726c  800726c        0     1                 $t
 800726d  800726d       c2     1                 embassy_executor::raw::SyncExecutor::spawn::h428cd28c94423806
 800726d  800726d       c2     1                 embassy_executor::raw::Executor::spawn::h5995d102d7f12823
 800732e  800732e       10     2         C:\projects\contributions\embassy\examples\stm32u5\target\thumbv8m.main-none-eabihf\release\deps\libembassy_executor-6a57099363a1c363.rlib(embassy_executor-6a57099363a1c363.embassy_executor.677ae4c3f9fc87cf-cgu.0.rcgu.o):(.text._ZN16embassy_executor3raw8Executor10initialize17hcd1ee3b5a721d124E)
 800732e  800732e        0     1                 $t
 800732f  800732f       10     1                 embassy_executor::raw::Executor::initialize::hcd1ee3b5a721d124
 800733e  800733e      2ea     2         C:\projects\contributions\embassy\examples\stm32u5\target\thumbv8m.main-none-eabihf\release\deps\libembassy_executor-6a57099363a1c363.rlib(embassy_executor-6a57099363a1c363.embassy_executor.677ae4c3f9fc87cf-cgu.0.rcgu.o):(.text._ZN16embassy_executor3raw8Executor4poll17hc53a82e2e48a974cE)
 800733e  800733e        0     1                 $t
 800733f  800733f      2ea     1                 embassy_executor::raw::Executor::poll::hc53a82e2e48a974c
 8007628  8007628        4     2         C:\projects\contributions\embassy\examples\stm32u5\target\thumbv8m.main-none-eabihf\release\deps\libembassy_time_driver-156be124ea90f617.rlib(embassy_time_driver-156be124ea90f617.embassy_time_driver.bcf9fc3466269bd1-cgu.0.rcgu.o):(.text._ZN19embassy_time_driver3now17h0a744ac0e11c747bE)
 8007628  8007628        0     1                 $t
 8007629  8007629        4     1                 embassy_time_driver::now::h0a744ac0e11c747b
 800762c  800762c        4     2         C:\projects\contributions\embassy\examples\stm32u5\target\thumbv8m.main-none-eabihf\release\deps\libembassy_time_driver-156be124ea90f617.rlib(embassy_time_driver-156be124ea90f617.embassy_time_driver.bcf9fc3466269bd1-cgu.0.rcgu.o):(.text._ZN19embassy_time_driver14allocate_alarm17h0922a5c40fcc89b3E)
 800762c  800762c        0     1                 $t
 800762d  800762d        4     1                 embassy_time_driver::allocate_alarm::h0922a5c40fcc89b3
 8007630  8007630        4     2         C:\projects\contributions\embassy\examples\stm32u5\target\thumbv8m.main-none-eabihf\release\deps\libembassy_time_driver-156be124ea90f617.rlib(embassy_time_driver-156be124ea90f617.embassy_time_driver.bcf9fc3466269bd1-cgu.0.rcgu.o):(.text._ZN19embassy_time_driver18set_alarm_callback17h7e99d5e947c38c55E)
 8007630  8007630        0     1                 $t
 8007631  8007631        4     1                 embassy_time_driver::set_alarm_callback::h7e99d5e947c38c55
 8007634  8007634        4     2         C:\projects\contributions\embassy\examples\stm32u5\target\thumbv8m.main-none-eabihf\release\deps\libembassy_time_driver-156be124ea90f617.rlib(embassy_time_driver-156be124ea90f617.embassy_time_driver.bcf9fc3466269bd1-cgu.0.rcgu.o):(.text._ZN19embassy_time_driver9set_alarm17h5ad0f089c6026d6cE)
 8007634  8007634        0     1                 $t
 8007635  8007635        4     1                 embassy_time_driver::set_alarm::h5ad0f089c6026d6c
 8007638  8007638        8     2         C:\projects\contributions\embassy\examples\stm32u5\target\thumbv8m.main-none-eabihf\release\deps\libdefmt-ef1ac156233cd8c6.rlib(defmt-ef1ac156233cd8c6.defmt.199bd02f7069c18f-cgu.0.rcgu.o):(.text._ZN42_$LT$$RF$T$u20$as$u20$core..fmt..Debug$GT$3fmt17ha447f4957b05a43aE)
 8007638  8007638        0     1                 $t
 8007639  8007639        8     1                 _$LT$$RF$T$u20$as$u20$core..fmt..Debug$GT$::fmt::ha447f4957b05a43a
 8007640  8007640       8c     2         C:\projects\contributions\embassy\examples\stm32u5\target\thumbv8m.main-none-eabihf\release\deps\libdefmt-ef1ac156233cd8c6.rlib(defmt-ef1ac156233cd8c6.defmt.199bd02f7069c18f-cgu.0.rcgu.o):(.text._ZN4core3fmt5Write10write_char17h895fb0b53b5936dcE)
 8007640  8007640        0     1                 $t
 8007641  8007641       8c     1                 core::fmt::Write::write_char::h895fb0b53b5936dc
 80076cc  80076cc        e     2         C:\projects\contributions\embassy\examples\stm32u5\target\thumbv8m.main-none-eabihf\release\deps\libdefmt-ef1ac156233cd8c6.rlib(defmt-ef1ac156233cd8c6.defmt.199bd02f7069c18f-cgu.0.rcgu.o):(.text._ZN4core3fmt5Write9write_fmt17h13c95256ec5ae592E)
 80076cc  80076cc        0     1                 $t
 80076cd  80076cd        e     1                 core::fmt::Write::write_fmt::h13c95256ec5ae592
 80076da  80076da       16     2         C:\projects\contributions\embassy\examples\stm32u5\target\thumbv8m.main-none-eabihf\release\deps\libdefmt-ef1ac156233cd8c6.rlib(defmt-ef1ac156233cd8c6.defmt.199bd02f7069c18f-cgu.0.rcgu.o):(.text._ZN5defmt6export3f3217h61d5257563f7ae4bE)
 80076da  80076da        0     1                 $t
 80076db  80076db       16     1                 defmt::export::f32::h61d5257563f7ae4b
 80076db  80076db       16     1                 defmt::export::integers::usize::h1e95359af44e8c85
 80076db  80076db       16     1                 defmt::export::integers::isize::hce2829d97914c0d6
 80076db  80076db       16     1                 defmt::export::integers::u32::h3863d0898cd3aea6
 80076db  80076db       16     1                 defmt::export::integers::i32::h7e5cfdbaf51b25ea
 80076f0  80076f0       1a     2         C:\projects\contributions\embassy\examples\stm32u5\target\thumbv8m.main-none-eabihf\release\deps\libdefmt-ef1ac156233cd8c6.rlib(defmt-ef1ac156233cd8c6.defmt.199bd02f7069c18f-cgu.0.rcgu.o):(.text._ZN5defmt6export3f6417h2d720c22de448261E)
 80076f0  80076f0        0     1                 $t
 80076f1  80076f1       1a     1                 defmt::export::f64::h2d720c22de448261
 80076f1  80076f1       1a     1                 defmt::export::integers::u64::h7a47d55679ec1541
 80076f1  80076f1       1a     1                 defmt::export::integers::i64::h106aa4079da52d96
 800770a  800770a       20     2         C:\projects\contributions\embassy\examples\stm32u5\target\thumbv8m.main-none-eabihf\release\deps\libdefmt-ef1ac156233cd8c6.rlib(defmt-ef1ac156233cd8c6.defmt.199bd02f7069c18f-cgu.0.rcgu.o):(.text._ZN5defmt6export3str17h14dfa56d36eca18aE)
 800770a  800770a        0     1                 $t
 800770b  800770b       20     1                 defmt::export::str::h14dfa56d36eca18a
 800770b  800770b       20     1                 defmt::export::slice::haad687ffc7f7198b
 800772a  800772a       18     2         C:\projects\contributions\embassy\examples\stm32u5\target\thumbv8m.main-none-eabihf\release\deps\libdefmt-ef1ac156233cd8c6.rlib(defmt-ef1ac156233cd8c6.defmt.199bd02f7069c18f-cgu.0.rcgu.o):(.text._ZN5defmt6export4istr17ha10b01676cc84349E)
 800772a  800772a        0     1                 $t
 800772b  800772b       18     1                 defmt::export::istr::ha10b01676cc84349
 800772b  800772b       18     1                 defmt::export::integers::u16::hef3d798045f330e6
 800772b  800772b       18     1                 defmt::export::integers::i16::h2e9419b7059706fc
 8007742  8007742       52     2         C:\projects\contributions\embassy\examples\stm32u5\target\thumbv8m.main-none-eabihf\release\deps\libdefmt-ef1ac156233cd8c6.rlib(defmt-ef1ac156233cd8c6.defmt.199bd02f7069c18f-cgu.0.rcgu.o):(.text._ZN5defmt6export5debug17h4581dabedf0a35f8E)
 8007742  8007742        0     1                 $t
 8007743  8007743       52     1                 defmt::export::debug::h4581dabedf0a35f8
 8007743  8007743       52     1                 defmt::export::display::h7c4314478a2bbfd5
 8007794  8007794       1c     2         C:\projects\contributions\embassy\examples\stm32u5\target\thumbv8m.main-none-eabihf\release\deps\libdefmt-ef1ac156233cd8c6.rlib(defmt-ef1ac156233cd8c6.defmt.199bd02f7069c18f-cgu.0.rcgu.o):(.text._ZN5defmt6export6header17hbaa5d50a076cf6abE)
 8007794  8007794        0     1                 $t
 8007795  8007795       1c     1                 defmt::export::header::hbaa5d50a076cf6ab
 80077b0  80077b0       10     2         C:\projects\contributions\embassy\examples\stm32u5\target\thumbv8m.main-none-eabihf\release\deps\libdefmt-ef1ac156233cd8c6.rlib(defmt-ef1ac156233cd8c6.defmt.199bd02f7069c18f-cgu.0.rcgu.o):(.text._ZN60_$LT$defmt..export..FmtWrite$u20$as$u20$core..fmt..Write$GT$9write_str17h5765a481306cf7a5E)
 80077b0  80077b0        0     1                 $t
 80077b1  80077b1       10     1                 _$LT$defmt..export..FmtWrite$u20$as$u20$core..fmt..Write$GT$::write_str::h5765a481306cf7a5
 80077c0  80077c0        2     2         C:\projects\contributions\embassy\examples\stm32u5\target\thumbv8m.main-none-eabihf\release\deps\libdefmt-ef1ac156233cd8c6.rlib(defmt-ef1ac156233cd8c6.defmt.199bd02f7069c18f-cgu.0.rcgu.o):(.text.__defmt_default_timestamp)
 80077c0  80077c0        0     1                 $t
 80077c1  80077c1        2     1                 __defmt_default_timestamp
 80077c2  80077c2        8     2         C:\projects\contributions\embassy\examples\stm32u5\target\thumbv8m.main-none-eabihf\release\deps\libdefmt-ef1ac156233cd8c6.rlib(defmt-ef1ac156233cd8c6.defmt.199bd02f7069c18f-cgu.0.rcgu.o):(.text.__defmt_default_panic)
 80077c2  80077c2        0     1                 $t
 80077c3  80077c3        8     1                 __defmt_default_panic
 80077ca  80077ca       10     2         C:\projects\contributions\embassy\examples\stm32u5\target\thumbv8m.main-none-eabihf\release\deps\libdefmt-ef1ac156233cd8c6.rlib(defmt-ef1ac156233cd8c6.defmt.199bd02f7069c18f-cgu.0.rcgu.o):(.text.unlikely._ZN5defmt13default_panic19panic_cold_explicit17h3430da4cba3d103cE)
 80077ca  80077ca        0     1                 $t
 80077cb  80077cb       10     1                 defmt::default_panic::panic_cold_explicit::h3430da4cba3d103c
 80077da  80077da       14     2         C:\Users\WilliamSpinelli\.rustup\toolchains\nightly-2024-10-13-x86_64-pc-windows-msvc\lib\rustlib\thumbv8m.main-none-eabihf\lib\libcore-f0c306036ef78580.rlib(core-f0c306036ef78580.core.201a00b13d263923-cgu.0.rcgu.o):(.text.unlikely._ZN4core6option13unwrap_failed17h8cb0e780c8203ea7E)
 80077da  80077da        0     1                 $t
 80077db  80077db       14     1                 core::option::unwrap_failed::h8cb0e780c8203ea7
 80077ee  80077ee       c0     2         C:\Users\WilliamSpinelli\.rustup\toolchains\nightly-2024-10-13-x86_64-pc-windows-msvc\lib\rustlib\thumbv8m.main-none-eabihf\lib\libcore-f0c306036ef78580.rlib(core-f0c306036ef78580.core.201a00b13d263923-cgu.0.rcgu.o):(.text._ZN73_$LT$core..panic..panic_info..PanicInfo$u20$as$u20$core..fmt..Display$GT$3fmt17h2b1808f12ca58ef6E)
 80077ee  80077ee        0     1                 $t
 80077ef  80077ef       c0     1                 _$LT$core..panic..panic_info..PanicInfo$u20$as$u20$core..fmt..Display$GT$::fmt::h2b1808f12ca58ef6
 80078ae  80078ae       16     2         C:\Users\WilliamSpinelli\.rustup\toolchains\nightly-2024-10-13-x86_64-pc-windows-msvc\lib\rustlib\thumbv8m.main-none-eabihf\lib\libcore-f0c306036ef78580.rlib(core-f0c306036ef78580.core.201a00b13d263923-cgu.0.rcgu.o):(.text.unlikely._ZN4core9panicking9panic_fmt17h4385a0ef777dbd72E)
 80078ae  80078ae        0     1                 $t
 80078af  80078af       16     1                 core::panicking::panic_fmt::h4385a0ef777dbd72
 80078c4  80078c4       26     2         C:\Users\WilliamSpinelli\.rustup\toolchains\nightly-2024-10-13-x86_64-pc-windows-msvc\lib\rustlib\thumbv8m.main-none-eabihf\lib\libcore-f0c306036ef78580.rlib(core-f0c306036ef78580.core.201a00b13d263923-cgu.0.rcgu.o):(.text.unlikely._ZN4core9panicking5panic17hf30811f3dc91981aE)
 80078c4  80078c4        0     1                 $t
 80078c5  80078c5       26     1                 core::panicking::panic::hf30811f3dc91981a
 80078ea  80078ea       3a     2         C:\Users\WilliamSpinelli\.rustup\toolchains\nightly-2024-10-13-x86_64-pc-windows-msvc\lib\rustlib\thumbv8m.main-none-eabihf\lib\libcore-f0c306036ef78580.rlib(core-f0c306036ef78580.core.201a00b13d263923-cgu.0.rcgu.o):(.text.unlikely._ZN4core9panicking14panic_explicit17hce1319d7627a0e35E)
 80078ea  80078ea        0     1                 $t
 80078eb  80078eb       3a     1                 core::panicking::panic_explicit::hce1319d7627a0e35
 8007924  8007924       3c     4         C:\Users\WilliamSpinelli\.rustup\toolchains\nightly-2024-10-13-x86_64-pc-windows-msvc\lib\rustlib\thumbv8m.main-none-eabihf\lib\libcore-f0c306036ef78580.rlib(core-f0c306036ef78580.core.201a00b13d263923-cgu.0.rcgu.o):(.text.unlikely._ZN4core9panicking18panic_bounds_check17h27428b78d9cedb6eE)
 8007924  8007924        0     1                 $t
 8007925  8007925       3c     1                 core::panicking::panic_bounds_check::h27428b78d9cedb6e
 8007958  8007958        0     1                 $d
 8007960  8007960       bc     4         C:\Users\WilliamSpinelli\.rustup\toolchains\nightly-2024-10-13-x86_64-pc-windows-msvc\lib\rustlib\thumbv8m.main-none-eabihf\lib\libcore-f0c306036ef78580.rlib(core-f0c306036ef78580.core.201a00b13d263923-cgu.0.rcgu.o):(.text.unlikely._ZN4core9panicking19assert_failed_inner17hd4a01abbf88276caE)
 8007960  8007960        0     1                 $t
 8007961  8007961       bc     1                 core::panicking::assert_failed_inner::hd4a01abbf88276ca
 80079fc  80079fc        0     1                 $d
 8007a1c  8007a1c       4a     2         C:\Users\WilliamSpinelli\.rustup\toolchains\nightly-2024-10-13-x86_64-pc-windows-msvc\lib\rustlib\thumbv8m.main-none-eabihf\lib\libcore-f0c306036ef78580.rlib(core-f0c306036ef78580.core.201a00b13d263923-cgu.0.rcgu.o):(.text.unlikely._ZN4core6result13unwrap_failed17h252e6c4129511b08E)
 8007a1c  8007a1c        0     1                 $t
 8007a1d  8007a1d       4a     1                 core::result::unwrap_failed::h252e6c4129511b08
 8007a66  8007a66        a     2         C:\Users\WilliamSpinelli\.rustup\toolchains\nightly-2024-10-13-x86_64-pc-windows-msvc\lib\rustlib\thumbv8m.main-none-eabihf\lib\libcore-f0c306036ef78580.rlib(core-f0c306036ef78580.core.201a00b13d263923-cgu.0.rcgu.o):(.text._ZN59_$LT$core..fmt..Arguments$u20$as$u20$core..fmt..Display$GT$3fmt17h52fb91f6ac814f62E)
 8007a66  8007a66        0     1                 $t
 8007a67  8007a67        a     1                 _$LT$core..fmt..Arguments$u20$as$u20$core..fmt..Display$GT$::fmt::h52fb91f6ac814f62
 8007a70  8007a70      184     2         C:\Users\WilliamSpinelli\.rustup\toolchains\nightly-2024-10-13-x86_64-pc-windows-msvc\lib\rustlib\thumbv8m.main-none-eabihf\lib\libcore-f0c306036ef78580.rlib(core-f0c306036ef78580.core.201a00b13d263923-cgu.0.rcgu.o):(.text._ZN4core3fmt5write17h246acdb6d3bd9c66E)
 8007a70  8007a70        0     1                 $t
 8007a71  8007a71      184     1                 core::fmt::write::h246acdb6d3bd9c66
 8007bf4  8007bf4      2c2     4         C:\Users\WilliamSpinelli\.rustup\toolchains\nightly-2024-10-13-x86_64-pc-windows-msvc\lib\rustlib\thumbv8m.main-none-eabihf\lib\libcore-f0c306036ef78580.rlib(core-f0c306036ef78580.core.201a00b13d263923-cgu.0.rcgu.o):(.text._ZN4core3fmt9Formatter12pad_integral17hc60689f07d01130dE)
 8007bf4  8007bf4        0     1                 $t
 8007bf5  8007bf5      2c2     1                 core::fmt::Formatter::pad_integral::hc60689f07d01130d
 8007d64  8007d64        0     1                 $d
 8007d68  8007d68        0     1                 $t
 8007eb6  8007eb6       46     2         C:\Users\WilliamSpinelli\.rustup\toolchains\nightly-2024-10-13-x86_64-pc-windows-msvc\lib\rustlib\thumbv8m.main-none-eabihf\lib\libcore-f0c306036ef78580.rlib(core-f0c306036ef78580.core.201a00b13d263923-cgu.0.rcgu.o):(.text._ZN4core3fmt9Formatter12pad_integral12write_prefix17h136f8466f7a0ffedE)
 8007eb6  8007eb6        0     1                 $t
 8007eb7  8007eb7       46     1                 core::fmt::Formatter::pad_integral::write_prefix::h136f8466f7a0ffed
 8007efc  8007efc      206     4         C:\Users\WilliamSpinelli\.rustup\toolchains\nightly-2024-10-13-x86_64-pc-windows-msvc\lib\rustlib\thumbv8m.main-none-eabihf\lib\libcore-f0c306036ef78580.rlib(core-f0c306036ef78580.core.201a00b13d263923-cgu.0.rcgu.o):(.text._ZN4core3fmt9Formatter3pad17h7955b84deed5a89eE)
 8007efc  8007efc        0     1                 $t
 8007efd  8007efd      206     1                 core::fmt::Formatter::pad::h7955b84deed5a89e
 800807a  800807a        0     1                 $d
 800807e  800807e        0     1                 $t
 8008102  8008102        8     2         C:\Users\WilliamSpinelli\.rustup\toolchains\nightly-2024-10-13-x86_64-pc-windows-msvc\lib\rustlib\thumbv8m.main-none-eabihf\lib\libcore-f0c306036ef78580.rlib(core-f0c306036ef78580.core.201a00b13d263923-cgu.0.rcgu.o):(.text._ZN4core3fmt9Formatter9write_str17hcf941490fbee9722E)
 8008102  8008102        0     1                 $t
 8008103  8008103        8     1                 core::fmt::Formatter::write_str::hcf941490fbee9722
 8008103  8008103        8     1                 _$LT$core..fmt..Formatter$u20$as$u20$core..fmt..Write$GT$::write_str::h71e96e36f82c1e0d
 800810a  800810a       3e     2         C:\Users\WilliamSpinelli\.rustup\toolchains\nightly-2024-10-13-x86_64-pc-windows-msvc\lib\rustlib\thumbv8m.main-none-eabihf\lib\libcore-f0c306036ef78580.rlib(core-f0c306036ef78580.core.201a00b13d263923-cgu.0.rcgu.o):(.text.unlikely._ZN4core5slice5index26slice_start_index_len_fail17h63913e2c4616e321E)
 800810a  800810a        0     1                 $t
 800810b  800810b       3e     1                 core::slice::index::slice_start_index_len_fail::h63913e2c4616e321
 8008148  8008148       3e     2         C:\Users\WilliamSpinelli\.rustup\toolchains\nightly-2024-10-13-x86_64-pc-windows-msvc\lib\rustlib\thumbv8m.main-none-eabihf\lib\libcore-f0c306036ef78580.rlib(core-f0c306036ef78580.core.201a00b13d263923-cgu.0.rcgu.o):(.text.unlikely._ZN4core5slice5index24slice_end_index_len_fail17h5d6162c58a345c2eE)
 8008148  8008148        0     1                 $t
 8008149  8008149       3e     1                 core::slice::index::slice_end_index_len_fail::h5d6162c58a345c2e
 8008186  8008186       3e     2         C:\Users\WilliamSpinelli\.rustup\toolchains\nightly-2024-10-13-x86_64-pc-windows-msvc\lib\rustlib\thumbv8m.main-none-eabihf\lib\libcore-f0c306036ef78580.rlib(core-f0c306036ef78580.core.201a00b13d263923-cgu.0.rcgu.o):(.text.unlikely._ZN4core5slice5index22slice_index_order_fail17h67a6f0461eba09b1E)
 8008186  8008186        0     1                 $t
 8008187  8008187       3e     1                 core::slice::index::slice_index_order_fail::h67a6f0461eba09b1
 80081c4  80081c4      4d0     2         C:\Users\WilliamSpinelli\.rustup\toolchains\nightly-2024-10-13-x86_64-pc-windows-msvc\lib\rustlib\thumbv8m.main-none-eabihf\lib\libcore-f0c306036ef78580.rlib(core-f0c306036ef78580.core.201a00b13d263923-cgu.0.rcgu.o):(.text._ZN4core3str5count14do_count_chars17heb6aa505f79b53fdE)
 80081c4  80081c4        0     1                 $t
 80081c5  80081c5      4d0     1                 core::str::count::do_count_chars::heb6aa505f79b53fd
 8008694  8008694       26     2         C:\Users\WilliamSpinelli\.rustup\toolchains\nightly-2024-10-13-x86_64-pc-windows-msvc\lib\rustlib\thumbv8m.main-none-eabihf\lib\libcore-f0c306036ef78580.rlib(core-f0c306036ef78580.core.201a00b13d263923-cgu.0.rcgu.o):(.text.unlikely._ZN4core9panicking11panic_const28panic_const_async_fn_resumed17hb5215f4dfe0d3736E)
 8008694  8008694        0     1                 $t
 8008695  8008695       26     1                 core::panicking::panic_const::panic_const_async_fn_resumed::hb5215f4dfe0d3736
 80086ba  80086ba       6c     2         C:\Users\WilliamSpinelli\.rustup\toolchains\nightly-2024-10-13-x86_64-pc-windows-msvc\lib\rustlib\thumbv8m.main-none-eabihf\lib\libcore-f0c306036ef78580.rlib(core-f0c306036ef78580.core.201a00b13d263923-cgu.0.rcgu.o):(.text._ZN4core3fmt3num52_$LT$impl$u20$core..fmt..LowerHex$u20$for$u20$i8$GT$3fmt17hcbe992bd2b21dc05E)
 80086ba  80086ba        0     1                 $t
 80086bb  80086bb       6c     1                 core::fmt::num::_$LT$impl$u20$core..fmt..LowerHex$u20$for$u20$i8$GT$::fmt::hcbe992bd2b21dc05
 80086bb  80086bb       6c     1                 core::fmt::num::_$LT$impl$u20$core..fmt..LowerHex$u20$for$u20$u8$GT$::fmt::haa78b28f5a7d2e2b
 8008726  8008726       6c     2         C:\Users\WilliamSpinelli\.rustup\toolchains\nightly-2024-10-13-x86_64-pc-windows-msvc\lib\rustlib\thumbv8m.main-none-eabihf\lib\libcore-f0c306036ef78580.rlib(core-f0c306036ef78580.core.201a00b13d263923-cgu.0.rcgu.o):(.text._ZN4core3fmt3num52_$LT$impl$u20$core..fmt..UpperHex$u20$for$u20$i8$GT$3fmt17h59130ec1da6bd8e8E)
 8008726  8008726        0     1                 $t
 8008727  8008727       6c     1                 core::fmt::num::_$LT$impl$u20$core..fmt..UpperHex$u20$for$u20$i8$GT$::fmt::h59130ec1da6bd8e8
 8008727  8008727       6c     1                 core::fmt::num::_$LT$impl$u20$core..fmt..UpperHex$u20$for$u20$u8$GT$::fmt::had884cf84698b830
 8008792  8008792       c6     2         C:\Users\WilliamSpinelli\.rustup\toolchains\nightly-2024-10-13-x86_64-pc-windows-msvc\lib\rustlib\thumbv8m.main-none-eabihf\lib\libcore-f0c306036ef78580.rlib(core-f0c306036ef78580.core.201a00b13d263923-cgu.0.rcgu.o):(.text._ZN4core3fmt3num53_$LT$impl$u20$core..fmt..LowerHex$u20$for$u20$i32$GT$3fmt17h7a093860da5a7d6cE)
 8008792  8008792        0     1                 $t
 8008793  8008793       c6     1                 core::fmt::num::_$LT$impl$u20$core..fmt..LowerHex$u20$for$u20$i32$GT$::fmt::h7a093860da5a7d6c
 8008793  8008793       c6     1                 core::fmt::num::_$LT$impl$u20$core..fmt..LowerHex$u20$for$u20$usize$GT$::fmt::h750c595c77de1c05
 8008793  8008793       c6     1                 core::fmt::num::_$LT$impl$u20$core..fmt..LowerHex$u20$for$u20$isize$GT$::fmt::he43455b92ffdfa7b
 8008793  8008793       c6     1                 core::fmt::num::_$LT$impl$u20$core..fmt..LowerHex$u20$for$u20$u32$GT$::fmt::hb9cf50b02dce8dfc
 8008858  8008858       c6     2         C:\Users\WilliamSpinelli\.rustup\toolchains\nightly-2024-10-13-x86_64-pc-windows-msvc\lib\rustlib\thumbv8m.main-none-eabihf\lib\libcore-f0c306036ef78580.rlib(core-f0c306036ef78580.core.201a00b13d263923-cgu.0.rcgu.o):(.text._ZN4core3fmt3num53_$LT$impl$u20$core..fmt..UpperHex$u20$for$u20$i32$GT$3fmt17he5bddcaf62444910E)
 8008858  8008858        0     1                 $t
 8008859  8008859       c6     1                 core::fmt::num::_$LT$impl$u20$core..fmt..UpperHex$u20$for$u20$i32$GT$::fmt::he5bddcaf62444910
 8008859  8008859       c6     1                 core::fmt::num::_$LT$impl$u20$core..fmt..UpperHex$u20$for$u20$usize$GT$::fmt::h8ee3091f1fea9de7
 8008859  8008859       c6     1                 core::fmt::num::_$LT$impl$u20$core..fmt..UpperHex$u20$for$u20$isize$GT$::fmt::h5f4a1e3c205e67a0
 8008859  8008859       c6     1                 core::fmt::num::_$LT$impl$u20$core..fmt..UpperHex$u20$for$u20$u32$GT$::fmt::h9aca0529ede9c93b
 800891e  800891e       6e     2         C:\Users\WilliamSpinelli\.rustup\toolchains\nightly-2024-10-13-x86_64-pc-windows-msvc\lib\rustlib\thumbv8m.main-none-eabihf\lib\libcore-f0c306036ef78580.rlib(core-f0c306036ef78580.core.201a00b13d263923-cgu.0.rcgu.o):(.text._ZN4core3fmt3num3imp51_$LT$impl$u20$core..fmt..Display$u20$for$u20$u8$GT$3fmt17h660778eb52395c8aE)
 800891e  800891e        0     1                 $t
 800891f  800891f       6e     1                 core::fmt::num::imp::_$LT$impl$u20$core..fmt..Display$u20$for$u20$u8$GT$::fmt::h660778eb52395c8a
 800898c  800898c       ee     2         C:\Users\WilliamSpinelli\.rustup\toolchains\nightly-2024-10-13-x86_64-pc-windows-msvc\lib\rustlib\thumbv8m.main-none-eabihf\lib\libcore-f0c306036ef78580.rlib(core-f0c306036ef78580.core.201a00b13d263923-cgu.0.rcgu.o):(.text._ZN4core3fmt3num3imp52_$LT$impl$u20$core..fmt..Display$u20$for$u20$u32$GT$3fmt17h99cf9375c20dbdb6E)
 800898c  800898c        0     1                 $t
 800898d  800898d       ee     1                 core::fmt::num::imp::_$LT$impl$u20$core..fmt..Display$u20$for$u20$u32$GT$::fmt::h99cf9375c20dbdb6
 800898d  800898d       ee     1                 core::fmt::num::imp::_$LT$impl$u20$core..fmt..Display$u20$for$u20$usize$GT$::fmt::h00c8443433104b60
 8008a7a  8008a7a        8     2         C:\Users\WilliamSpinelli\.rustup\toolchains\nightly-2024-10-13-x86_64-pc-windows-msvc\lib\rustlib\thumbv8m.main-none-eabihf\lib\libcore-f0c306036ef78580.rlib(core-f0c306036ef78580.core.201a00b13d263923-cgu.0.rcgu.o):(.text._ZN42_$LT$$RF$T$u20$as$u20$core..fmt..Debug$GT$3fmt17h93c81afd0e914239E)
 8008a7a  8008a7a        0     1                 $t
 8008a7b  8008a7b        8     1                 _$LT$$RF$T$u20$as$u20$core..fmt..Debug$GT$::fmt::h93c81afd0e914239
 8008a82  8008a82        c     2         C:\Users\WilliamSpinelli\.rustup\toolchains\nightly-2024-10-13-x86_64-pc-windows-msvc\lib\rustlib\thumbv8m.main-none-eabihf\lib\libcore-f0c306036ef78580.rlib(core-f0c306036ef78580.core.201a00b13d263923-cgu.0.rcgu.o):(.text._ZN44_$LT$$RF$T$u20$as$u20$core..fmt..Display$GT$3fmt17h55b2f5a634080406E)
 8008a82  8008a82        0     1                 $t
 8008a83  8008a83        c     1                 _$LT$$RF$T$u20$as$u20$core..fmt..Display$GT$::fmt::h55b2f5a634080406
 8008a8e  8008a8e       92     2         C:\Users\WilliamSpinelli\.rustup\toolchains\nightly-2024-10-13-x86_64-pc-windows-msvc\lib\rustlib\thumbv8m.main-none-eabihf\lib\libcompiler_builtins-788898541b60bffa.rlib(compiler_builtins-788898541b60bffa.compiler_builtins.7850f3bf58c73c71-cgu.134.rcgu.o):(.text.__aeabi_memclr)
 8008a8e  8008a8e        0     1                 $t
 8008a8f  8008a8f       92     1                 __aeabi_memclr
 8008b20  8008b20       a4     2         C:\Users\WilliamSpinelli\.rustup\toolchains\nightly-2024-10-13-x86_64-pc-windows-msvc\lib\rustlib\thumbv8m.main-none-eabihf\lib\libcompiler_builtins-788898541b60bffa.rlib(compiler_builtins-788898541b60bffa.compiler_builtins.7850f3bf58c73c71-cgu.157.rcgu.o):(.text.__aeabi_memcpy4)
 8008b20  8008b20        0     1                 $t
 8008b21  8008b21       a4     1                 __aeabi_memcpy4
[...]
    9550     9550       34     4         C:\Users\WilliamSpinelli\.rustup\toolchains\nightly-2024-10-13-x86_64-pc-windows-msvc\lib\rustlib\thumbv8m.main-none-eabihf\lib\libcompiler_builtins-788898541b60bffa.rlib(compiler_builtins-788898541b60bffa.compiler_builtins.7850f3bf58c73c71-cgu.227.rcgu.o):(.debug_frame)
    9584     9584       30     4         C:\Users\WilliamSpinelli\.rustup\toolchains\nightly-2024-10-13-x86_64-pc-windows-msvc\lib\rustlib\thumbv8m.main-none-eabihf\lib\libcompiler_builtins-788898541b60bffa.rlib(compiler_builtins-788898541b60bffa.compiler_builtins.7850f3bf58c73c71-cgu.252.rcgu.o):(.debug_frame)
    95b4     95b4       30     4         C:\Users\WilliamSpinelli\.rustup\toolchains\nightly-2024-10-13-x86_64-pc-windows-msvc\lib\rustlib\thumbv8m.main-none-eabihf\lib\libcompiler_builtins-788898541b60bffa.rlib(compiler_builtins-788898541b60bffa.compiler_builtins.7850f3bf58c73c71-cgu.306.rcgu.o):(.debug_frame)
    95e4     95e4       38     4         C:\Users\WilliamSpinelli\.rustup\toolchains\nightly-2024-10-13-x86_64-pc-windows-msvc\lib\rustlib\thumbv8m.main-none-eabihf\lib\libcompiler_builtins-788898541b60bffa.rlib(compiler_builtins-788898541b60bffa.compiler_builtins.7850f3bf58c73c71-cgu.322.rcgu.o):(.debug_frame)
    961c     961c       30     4         C:\Users\WilliamSpinelli\.rustup\toolchains\nightly-2024-10-13-x86_64-pc-windows-msvc\lib\rustlib\thumbv8m.main-none-eabihf\lib\libcompiler_builtins-788898541b60bffa.rlib(compiler_builtins-788898541b60bffa.compiler_builtins.7850f3bf58c73c71-cgu.335.rcgu.o):(.debug_frame)
    964c     964c       90     4         C:\Users\WilliamSpinelli\.rustup\toolchains\nightly-2024-10-13-x86_64-pc-windows-msvc\lib\rustlib\thumbv8m.main-none-eabihf\lib\libcompiler_builtins-788898541b60bffa.rlib(compiler_builtins-788898541b60bffa.compiler_builtins.7850f3bf58c73c71-cgu.001.rcgu.o):(.debug_frame)
    96dc     96dc       34     4         C:\Users\WilliamSpinelli\.rustup\toolchains\nightly-2024-10-13-x86_64-pc-windows-msvc\lib\rustlib\thumbv8m.main-none-eabihf\lib\libcompiler_builtins-788898541b60bffa.rlib(compiler_builtins-788898541b60bffa.compiler_builtins.7850f3bf58c73c71-cgu.343.rcgu.o):(.debug_frame)
    9710     9710       24     4         C:\Users\WilliamSpinelli\.rustup\toolchains\nightly-2024-10-13-x86_64-pc-windows-msvc\lib\rustlib\thumbv8m.main-none-eabihf\lib\libcompiler_builtins-788898541b60bffa.rlib(compiler_builtins-788898541b60bffa.compiler_builtins.7850f3bf58c73c71-cgu.353.rcgu.o):(.debug_frame)
    9734     9734       30     4         C:\Users\WilliamSpinelli\.rustup\toolchains\nightly-2024-10-13-x86_64-pc-windows-msvc\lib\rustlib\thumbv8m.main-none-eabihf\lib\libcompiler_builtins-788898541b60bffa.rlib(compiler_builtins-788898541b60bffa.compiler_builtins.7850f3bf58c73c71-cgu.324.rcgu.o):(.debug_frame)
    9764     9764       64     4         C:\Users\WilliamSpinelli\.rustup\toolchains\nightly-2024-10-13-x86_64-pc-windows-msvc\lib\rustlib\thumbv8m.main-none-eabihf\lib\libcompiler_builtins-788898541b60bffa.rlib(compiler_builtins-788898541b60bffa.compiler_builtins.7850f3bf58c73c71-cgu.008.rcgu.o):(.debug_frame)
       0        0    51e0c     1 .debug_line
       0        0     2922     1         C:\projects\contributions\embassy\examples\stm32u5\target\thumbv8m.main-none-eabihf\release\deps\hspi_memory_mapped-e768eefdf1e95a3c.hspi_memory_mapped.a6c91d3a9f8ce307-cgu.0.rcgu.o:(.debug_line)
    2922     2922     24ba     1         C:\projects\contributions\embassy\examples\stm32u5\target\thumbv8m.main-none-eabihf\release\deps\hspi_memory_mapped-e768eefdf1e95a3c.hspi_memory_mapped.a6c91d3a9f8ce307-cgu.1.rcgu.o:(.debug_line)
    4ddc     4ddc      494     1         C:\projects\contributions\embassy\examples\stm32u5\target\thumbv8m.main-none-eabihf\release\deps\libpanic_probe-f09ae00d2b2f7319.rlib(panic_probe-f09ae00d2b2f7319.panic_probe.b41ef4e3c89302ac-cgu.0.rcgu.o):(.debug_line)
    5270     5270      c35     1         C:\projects\contributions\embassy\examples\stm32u5\target\thumbv8m.main-none-eabihf\release\deps\libdefmt_rtt-049cb879375b2510.rlib(defmt_rtt-049cb879375b2510.defmt_rtt.6d3d73dc5a6b6dc0-cgu.0.rcgu.o):(.debug_line)
    5ea5     5ea5     3da1     1         C:\projects\contributions\embassy\examples\stm32u5\target\thumbv8m.main-none-eabihf\release\deps\libembassy_stm32-c4ede1c142b55d62.rlib(embassy_stm32-c4ede1c142b55d62.embassy_stm32.52b24915d1ceb477-cgu.00.rcgu.o):(.debug_line)
    9c46     9c46     6a90     1         C:\projects\contributions\embassy\examples\stm32u5\target\thumbv8m.main-none-eabihf\release\deps\libembassy_stm32-c4ede1c142b55d62.rlib(embassy_stm32-c4ede1c142b55d62.embassy_stm32.52b24915d1ceb477-cgu.01.rcgu.o):(.debug_line)
   106d6    106d6     1571     1         C:\projects\contributions\embassy\examples\stm32u5\target\thumbv8m.main-none-eabihf\release\deps\libembassy_stm32-c4ede1c142b55d62.rlib(embassy_stm32-c4ede1c142b55d62.embassy_stm32.52b24915d1ceb477-cgu.02.rcgu.o):(.debug_line)
   11c47    11c47     1c05     1         C:\projects\contributions\embassy\examples\stm32u5\target\thumbv8m.main-none-eabihf\release\deps\libembassy_stm32-c4ede1c142b55d62.rlib(embassy_stm32-c4ede1c142b55d62.embassy_stm32.52b24915d1ceb477-cgu.03.rcgu.o):(.debug_line)
   1384c    1384c     1ed0     1         C:\projects\contributions\embassy\examples\stm32u5\target\thumbv8m.main-none-eabihf\release\deps\libembassy_stm32-c4ede1c142b55d62.rlib(embassy_stm32-c4ede1c142b55d62.embassy_stm32.52b24915d1ceb477-cgu.04.rcgu.o):(.debug_line)
   1571c    1571c     236c     1         C:\projects\contributions\embassy\examples\stm32u5\target\thumbv8m.main-none-eabihf\release\deps\libembassy_stm32-c4ede1c142b55d62.rlib(embassy_stm32-c4ede1c142b55d62.embassy_stm32.52b24915d1ceb477-cgu.05.rcgu.o):(.debug_line)
   17a88    17a88     1c00     1         C:\projects\contributions\embassy\examples\stm32u5\target\thumbv8m.main-none-eabihf\release\deps\libembassy_stm32-c4ede1c142b55d62.rlib(embassy_stm32-c4ede1c142b55d62.embassy_stm32.52b24915d1ceb477-cgu.06.rcgu.o):(.debug_line)
   19688    19688     28d5     1         C:\projects\contributions\embassy\examples\stm32u5\target\thumbv8m.main-none-eabihf\release\deps\libembassy_stm32-c4ede1c142b55d62.rlib(embassy_stm32-c4ede1c142b55d62.embassy_stm32.52b24915d1ceb477-cgu.07.rcgu.o):(.debug_line)
   1bf5d    1bf5d     25b8     1         C:\projects\contributions\embassy\examples\stm32u5\target\thumbv8m.main-none-eabihf\release\deps\libembassy_stm32-c4ede1c142b55d62.rlib(embassy_stm32-c4ede1c142b55d62.embassy_stm32.52b24915d1ceb477-cgu.08.rcgu.o):(.debug_line)
   1e515    1e515     16e4     1         C:\projects\contributions\embassy\examples\stm32u5\target\thumbv8m.main-none-eabihf\release\deps\libembassy_stm32-c4ede1c142b55d62.rlib(embassy_stm32-c4ede1c142b55d62.embassy_stm32.52b24915d1ceb477-cgu.09.rcgu.o):(.debug_line)
   1fbf9    1fbf9     14da     1         C:\projects\contributions\embassy\examples\stm32u5\target\thumbv8m.main-none-eabihf\release\deps\libembassy_stm32-c4ede1c142b55d62.rlib(embassy_stm32-c4ede1c142b55d62.embassy_stm32.52b24915d1ceb477-cgu.10.rcgu.o):(.debug_line)
   210d3    210d3     367e     1         C:\projects\contributions\embassy\examples\stm32u5\target\thumbv8m.main-none-eabihf\release\deps\libembassy_stm32-c4ede1c142b55d62.rlib(embassy_stm32-c4ede1c142b55d62.embassy_stm32.52b24915d1ceb477-cgu.11.rcgu.o):(.debug_line)
   24751    24751     15d5     1         C:\projects\contributions\embassy\examples\stm32u5\target\thumbv8m.main-none-eabihf\release\deps\libembassy_stm32-c4ede1c142b55d62.rlib(embassy_stm32-c4ede1c142b55d62.embassy_stm32.52b24915d1ceb477-cgu.12.rcgu.o):(.debug_line)
   25d26    25d26     12d3     1         C:\projects\contributions\embassy\examples\stm32u5\target\thumbv8m.main-none-eabihf\release\deps\libembassy_stm32-c4ede1c142b55d62.rlib(embassy_stm32-c4ede1c142b55d62.embassy_stm32.52b24915d1ceb477-cgu.13.rcgu.o):(.debug_line)
   26ff9    26ff9      c81     1         C:\projects\contributions\embassy\examples\stm32u5\target\thumbv8m.main-none-eabihf\release\deps\libembassy_stm32-c4ede1c142b55d62.rlib(embassy_stm32-c4ede1c142b55d62.embassy_stm32.52b24915d1ceb477-cgu.14.rcgu.o):(.debug_line)
   27c7a    27c7a     1a8d     1         C:\projects\contributions\embassy\examples\stm32u5\target\thumbv8m.main-none-eabihf\release\deps\libembassy_stm32-c4ede1c142b55d62.rlib(embassy_stm32-c4ede1c142b55d62.embassy_stm32.52b24915d1ceb477-cgu.15.rcgu.o):(.debug_line)
   29707    29707      a09     1         C:\projects\contributions\embassy\examples\stm32u5\target\thumbv8m.main-none-eabihf\release\deps\libembassy_usb_synopsys_otg-3e645741396aff43.rlib(embassy_usb_synopsys_otg-3e645741396aff43.embassy_usb_synopsys_otg.46756723c362a0d9-cgu.0.rcgu.o):(.debug_line)
   2a110    2a110      2ed     1         C:\projects\contributions\embassy\examples\stm32u5\target\thumbv8m.main-none-eabihf\release\deps\libembassy_usb_driver-49c871405c4a44af.rlib(embassy_usb_driver-49c871405c4a44af.embassy_usb_driver.e87473d40cdd3698-cgu.0.rcgu.o):(.debug_line)
   2a3fd    2a3fd      238     1         C:\projects\contributions\embassy\examples\stm32u5\target\thumbv8m.main-none-eabihf\release\deps\libembassy_embedded_hal-8ebd2dbdeb765014.rlib(embassy_embedded_hal-8ebd2dbdeb765014.embassy_embedded_hal.f0b90f47b5f27b02-cgu.0.rcgu.o):(.debug_line)
   2a635    2a635     1360     1         C:\projects\contributions\embassy\examples\stm32u5\target\thumbv8m.main-none-eabihf\release\deps\libembassy_time-0cb908e5896376ca.rlib(embassy_time-0cb908e5896376ca.embassy_time.592797b8ccede7b1-cgu.0.rcgu.o):(.debug_line)
   2b995    2b995       3e     1         C:\projects\contributions\embassy\examples\stm32u5\target\thumbv8m.main-none-eabihf\release\deps\libstm32_metapac-43bcb7a497f38db8.rlib(stm32_metapac-43bcb7a497f38db8.stm32_metapac.f1d681a5e4127e88-cgu.0.rcgu.o):(.debug_line)
   2b9d3    2b9d3      25f     1         C:\projects\contributions\embassy\examples\stm32u5\target\thumbv8m.main-none-eabihf\release\deps\libcortex_m_rt-12da0f7f83f8655c.rlib(cortex_m_rt-12da0f7f83f8655c.cortex_m_rt.9af0fdcc373a2615-cgu.0.rcgu.o):(.debug_line)
   2bc32    2bc32      e02     1         C:\projects\contributions\embassy\examples\stm32u5\target\thumbv8m.main-none-eabihf\release\deps\libembassy_sync-751708c5be643027.rlib(embassy_sync-751708c5be643027.embassy_sync.493e1a41bafe1b8e-cgu.0.rcgu.o):(.debug_line)
   2ca34    2ca34      3b2     1         C:\projects\contributions\embassy\examples\stm32u5\target\thumbv8m.main-none-eabihf\release\deps\libembedded_io-c9cd4e9cec3a7a4c.rlib(embedded_io-c9cd4e9cec3a7a4c.embedded_io.20941f9b6cdaf4f9-cgu.0.rcgu.o):(.debug_line)
   2cde6    2cde6      de7     1         C:\projects\contributions\embassy\examples\stm32u5\target\thumbv8m.main-none-eabihf\release\deps\libembassy_hal_internal-7cc5ca0a8e0792de.rlib(embassy_hal_internal-7cc5ca0a8e0792de.embassy_hal_internal.347e596308821b15-cgu.0.rcgu.o):(.debug_line)
   2dbcd    2dbcd      b4c     1         C:\projects\contributions\embassy\examples\stm32u5\target\thumbv8m.main-none-eabihf\release\deps\libcortex_m-00d3499bdcc2cd79.rlib(cortex_m-00d3499bdcc2cd79.cortex_m.ad777470524c4902-cgu.0.rcgu.o):(.debug_line)
   2e719    2e719     11e4     1         C:\projects\contributions\embassy\examples\stm32u5\target\thumbv8m.main-none-eabihf\release\deps\libembassy_executor-6a57099363a1c363.rlib(embassy_executor-6a57099363a1c363.embassy_executor.677ae4c3f9fc87cf-cgu.0.rcgu.o):(.debug_line)
   2f8fd    2f8fd       3e     1         C:\projects\contributions\embassy\examples\stm32u5\target\thumbv8m.main-none-eabihf\release\deps\libembassy_time_queue_driver-c5b5d627eea6f56b.rlib(embassy_time_queue_driver-c5b5d627eea6f56b.embassy_time_queue_driver.17f3034303b35947-cgu.0.rcgu.o):(.debug_line)
   2f93b    2f93b       78     1         C:\projects\contributions\embassy\examples\stm32u5\target\thumbv8m.main-none-eabihf\release\deps\libembassy_time_driver-156be124ea90f617.rlib(embassy_time_driver-156be124ea90f617.embassy_time_driver.bcf9fc3466269bd1-cgu.0.rcgu.o):(.debug_line)
   2f9b3    2f9b3      ecd     1         C:\projects\contributions\embassy\examples\stm32u5\target\thumbv8m.main-none-eabihf\release\deps\libdefmt-ef1ac156233cd8c6.rlib(defmt-ef1ac156233cd8c6.defmt.199bd02f7069c18f-cgu.0.rcgu.o):(.debug_line)
   30880    30880    1c323     1         C:\Users\WilliamSpinelli\.rustup\toolchains\nightly-2024-10-13-x86_64-pc-windows-msvc\lib\rustlib\thumbv8m.main-none-eabihf\lib\libcore-f0c306036ef78580.rlib(core-f0c306036ef78580.core.201a00b13d263923-cgu.0.rcgu.o):(.debug_line)
   4cba3    4cba3       ab     1         C:\Users\WilliamSpinelli\.rustup\toolchains\nightly-2024-10-13-x86_64-pc-windows-msvc\lib\rustlib\thumbv8m.main-none-eabihf\lib\libcompiler_builtins-788898541b60bffa.rlib(compiler_builtins-788898541b60bffa.compiler_builtins.7850f3bf58c73c71-cgu.080.rcgu.o):(.debug_line)
   4cc4e    4cc4e      2e9     1         C:\Users\WilliamSpinelli\.rustup\toolchains\nightly-2024-10-13-x86_64-pc-windows-msvc\lib\rustlib\thumbv8m.main-none-eabihf\lib\libcompiler_builtins-788898541b60bffa.rlib(compiler_builtins-788898541b60bffa.compiler_builtins.7850f3bf58c73c71-cgu.123.rcgu.o):(.debug_line)
   4cf37    4cf37      2e7     1         C:\Users\WilliamSpinelli\.rustup\toolchains\nightly-2024-10-13-x86_64-pc-windows-msvc\lib\rustlib\thumbv8m.main-none-eabihf\lib\libcompiler_builtins-788898541b60bffa.rlib(compiler_builtins-788898541b60bffa.compiler_builtins.7850f3bf58c73c71-cgu.134.rcgu.o):(.debug_line)
   4d21e    4d21e      1d4     1         C:\Users\WilliamSpinelli\.rustup\toolchains\nightly-2024-10-13-x86_64-pc-windows-msvc\lib\rustlib\thumbv8m.main-none-eabihf\lib\libcompiler_builtins-788898541b60bffa.rlib(compiler_builtins-788898541b60bffa.compiler_builtins.7850f3bf58c73c71-cgu.157.rcgu.o):(.debug_line)
   4d3f2    4d3f2      d7e     1         C:\Users\WilliamSpinelli\.rustup\toolchains\nightly-2024-10-13-x86_64-pc-windows-msvc\lib\rustlib\thumbv8m.main-none-eabihf\lib\libcompiler_builtins-788898541b60bffa.rlib(compiler_builtins-788898541b60bffa.compiler_builtins.7850f3bf58c73c71-cgu.010.rcgu.o):(.debug_line)
   4e170    4e170      244     1         C:\Users\WilliamSpinelli\.rustup\toolchains\nightly-2024-10-13-x86_64-pc-windows-msvc\lib\rustlib\thumbv8m.main-none-eabihf\lib\libcompiler_builtins-788898541b60bffa.rlib(compiler_builtins-788898541b60bffa.compiler_builtins.7850f3bf58c73c71-cgu.174.rcgu.o):(.debug_line)
   4e3b4    4e3b4       42     1         C:\Users\WilliamSpinelli\.rustup\toolchains\nightly-2024-10-13-x86_64-pc-windows-msvc\lib\rustlib\thumbv8m.main-none-eabihf\lib\libcompiler_builtins-788898541b60bffa.rlib(compiler_builtins-788898541b60bffa.compiler_builtins.7850f3bf58c73c71-cgu.185.rcgu.o):(.debug_line)
   4e3f6    4e3f6      d8b     1         C:\Users\WilliamSpinelli\.rustup\toolchains\nightly-2024-10-13-x86_64-pc-windows-msvc\lib\rustlib\thumbv8m.main-none-eabihf\lib\libcompiler_builtins-788898541b60bffa.rlib(compiler_builtins-788898541b60bffa.compiler_builtins.7850f3bf58c73c71-cgu.005.rcgu.o):(.debug_line)
   4f181    4f181      5f3     1         C:\Users\WilliamSpinelli\.rustup\toolchains\nightly-2024-10-13-x86_64-pc-windows-msvc\lib\rustlib\thumbv8m.main-none-eabihf\lib\libcompiler_builtins-788898541b60bffa.rlib(compiler_builtins-788898541b60bffa.compiler_builtins.7850f3bf58c73c71-cgu.016.rcgu.o):(.debug_line)
   4f774    4f774       7b     1         C:\Users\WilliamSpinelli\.rustup\toolchains\nightly-2024-10-13-x86_64-pc-windows-msvc\lib\rustlib\thumbv8m.main-none-eabihf\lib\libcompiler_builtins-788898541b60bffa.rlib(compiler_builtins-788898541b60bffa.compiler_builtins.7850f3bf58c73c71-cgu.189.rcgu.o):(.debug_line)
   4f7ef    4f7ef      232     1         C:\Users\WilliamSpinelli\.rustup\toolchains\nightly-2024-10-13-x86_64-pc-windows-msvc\lib\rustlib\thumbv8m.main-none-eabihf\lib\libcompiler_builtins-788898541b60bffa.rlib(compiler_builtins-788898541b60bffa.compiler_builtins.7850f3bf58c73c71-cgu.201.rcgu.o):(.debug_line)
   4fa21    4fa21      215     1         C:\Users\WilliamSpinelli\.rustup\toolchains\nightly-2024-10-13-x86_64-pc-windows-msvc\lib\rustlib\thumbv8m.main-none-eabihf\lib\libcompiler_builtins-788898541b60bffa.rlib(compiler_builtins-788898541b60bffa.compiler_builtins.7850f3bf58c73c71-cgu.217.rcgu.o):(.debug_line)
   4fc36    4fc36      221     1         C:\Users\WilliamSpinelli\.rustup\toolchains\nightly-2024-10-13-x86_64-pc-windows-msvc\lib\rustlib\thumbv8m.main-none-eabihf\lib\libcompiler_builtins-788898541b60bffa.rlib(compiler_builtins-788898541b60bffa.compiler_builtins.7850f3bf58c73c71-cgu.227.rcgu.o):(.debug_line)
   4fe57    4fe57      204     1         C:\Users\WilliamSpinelli\.rustup\toolchains\nightly-2024-10-13-x86_64-pc-windows-msvc\lib\rustlib\thumbv8m.main-none-eabihf\lib\libcompiler_builtins-788898541b60bffa.rlib(compiler_builtins-788898541b60bffa.compiler_builtins.7850f3bf58c73c71-cgu.252.rcgu.o):(.debug_line)
   5005b    5005b      232     1         C:\Users\WilliamSpinelli\.rustup\toolchains\nightly-2024-10-13-x86_64-pc-windows-msvc\lib\rustlib\thumbv8m.main-none-eabihf\lib\libcompiler_builtins-788898541b60bffa.rlib(compiler_builtins-788898541b60bffa.compiler_builtins.7850f3bf58c73c71-cgu.306.rcgu.o):(.debug_line)
   5028d    5028d      223     1         C:\Users\WilliamSpinelli\.rustup\toolchains\nightly-2024-10-13-x86_64-pc-windows-msvc\lib\rustlib\thumbv8m.main-none-eabihf\lib\libcompiler_builtins-788898541b60bffa.rlib(compiler_builtins-788898541b60bffa.compiler_builtins.7850f3bf58c73c71-cgu.322.rcgu.o):(.debug_line)
   504b0    504b0       49     1         C:\Users\WilliamSpinelli\.rustup\toolchains\nightly-2024-10-13-x86_64-pc-windows-msvc\lib\rustlib\thumbv8m.main-none-eabihf\lib\libcompiler_builtins-788898541b60bffa.rlib(compiler_builtins-788898541b60bffa.compiler_builtins.7850f3bf58c73c71-cgu.335.rcgu.o):(.debug_line)
   504f9    504f9     104d     1         C:\Users\WilliamSpinelli\.rustup\toolchains\nightly-2024-10-13-x86_64-pc-windows-msvc\lib\rustlib\thumbv8m.main-none-eabihf\lib\libcompiler_builtins-788898541b60bffa.rlib(compiler_builtins-788898541b60bffa.compiler_builtins.7850f3bf58c73c71-cgu.001.rcgu.o):(.debug_line)
   51546    51546      1b2     1         C:\Users\WilliamSpinelli\.rustup\toolchains\nightly-2024-10-13-x86_64-pc-windows-msvc\lib\rustlib\thumbv8m.main-none-eabihf\lib\libcompiler_builtins-788898541b60bffa.rlib(compiler_builtins-788898541b60bffa.compiler_builtins.7850f3bf58c73c71-cgu.343.rcgu.o):(.debug_line)
   516f8    516f8       4b     1         C:\Users\WilliamSpinelli\.rustup\toolchains\nightly-2024-10-13-x86_64-pc-windows-msvc\lib\rustlib\thumbv8m.main-none-eabihf\lib\libcompiler_builtins-788898541b60bffa.rlib(compiler_builtins-788898541b60bffa.compiler_builtins.7850f3bf58c73c71-cgu.353.rcgu.o):(.debug_line)
   51743    51743       99     1         C:\Users\WilliamSpinelli\.rustup\toolchains\nightly-2024-10-13-x86_64-pc-windows-msvc\lib\rustlib\thumbv8m.main-none-eabihf\lib\libcompiler_builtins-788898541b60bffa.rlib(compiler_builtins-788898541b60bffa.compiler_builtins.7850f3bf58c73c71-cgu.324.rcgu.o):(.debug_line)
   517dc    517dc      630     1         C:\Users\WilliamSpinelli\.rustup\toolchains\nightly-2024-10-13-x86_64-pc-windows-msvc\lib\rustlib\thumbv8m.main-none-eabihf\lib\libcompiler_builtins-788898541b60bffa.rlib(compiler_builtins-788898541b60bffa.compiler_builtins.7850f3bf58c73c71-cgu.008.rcgu.o):(.debug_line)
       0        0     34e0     4 .symtab
       0        0     34e0     4         <internal>:(.symtab)
       0        0       ed     1 .shstrtab
       0        0       ed     1         <internal>:(.shstrtab)
       0        0     8f4c     1 .strtab
       0        0     8f4c     1         <internal>:(.strtab)
