     VMA      LMA     Size Align Out     In      Symbol
       0        0        0     1 __user_storage_start = ORIGIN ( USER_STORAGE ) - ORIGIN ( FLASH )
a0000000 a0000000        0     1 ExtFlashSection
a0000000 a0000000        0     1         . = ALIGN ( 0x4 )
a0000000 a0000000        0     1 PROVIDE ( NonMaskableInt = DefaultHandler )
a0000000 a0000000        0     1 PROVIDE ( MemoryManagement = DefaultHandler )
a0000000 a0000000        0     1 PROVIDE ( BusFault = DefaultHandler )
a0000000 a0000000        0     1 PROVIDE ( UsageFault = DefaultHandler )
a0000000 a0000000        0     1 PROVIDE ( SecureFault = DefaultHandler )
a0000000 a0000000        0     1 PROVIDE ( SVCall = DefaultHandler )
a0000000 a0000000        0     1 PROVIDE ( DebugMonitor = DefaultHandler )
a0000000 a0000000        0     1 PROVIDE ( PendSV = DefaultHandler )
a0000000 a0000000        0     1 PROVIDE ( SysTick = DefaultHandler )
a0000000 a0000000        0     1 PROVIDE ( DefaultHandler = DefaultHandler_ )
a0000000 a0000000        0     1 PROVIDE ( HardFault = HardFault_ )
a0000000 a0000000        0     1 PROVIDE ( __pre_init = DefaultPreInit )
a0000000 a0000000        0     1 PROVIDE ( _stack_start = ORIGIN ( RAM ) + LENGTH ( RAM ) )
 8000000  8000000      274     4 .vector_table
 8000000  8000000        0     1         __vector_table = .
 8000000  8000000        4     1         LONG ( _stack_start & 0xFFFFFFF8 )
 8000004  8000004        4     4         C:\projects\contributions\embassy\examples\stm32u5\target\thumbv8m.main-none-eabihf\release\deps\libcortex_m_rt-12da0f7f83f8655c.rlib(cortex_m_rt-12da0f7f83f8655c.cortex_m_rt.9af0fdcc373a2615-cgu.0.rcgu.o):(.vector_table.reset_vector)
 8000004  8000004        4     1                 __RESET_VECTOR
 8000008  8000008        0     1         __reset_vector = .
 8000008  8000008       38     4         C:\projects\contributions\embassy\examples\stm32u5\target\thumbv8m.main-none-eabihf\release\deps\libcortex_m_rt-12da0f7f83f8655c.rlib(cortex_m_rt-12da0f7f83f8655c.cortex_m_rt.9af0fdcc373a2615-cgu.0.rcgu.o):(.vector_table.exceptions)
 8000008  8000008       38     1                 __EXCEPTIONS
 8000040  8000040        0     1         __eexceptions = .
 8000040  8000040      234     4         C:\projects\contributions\embassy\examples\stm32u5\target\thumbv8m.main-none-eabihf\release\deps\libstm32_metapac-43bcb7a497f38db8.rlib(stm32_metapac-43bcb7a497f38db8.stm32_metapac.f1d681a5e4127e88-cgu.0.rcgu.o):(.vector_table.interrupts)
 8000040  8000040      234     1                 __INTERRUPTS
 8000274  8000274        0     1 PROVIDE ( _stext = ADDR ( .vector_table ) + SIZEOF ( .vector_table ) )
 8000274  8000274     855c     4 .text
 8000274  8000274        0     1         __stext = .
 8000274  8000274       58     4         C:\projects\contributions\embassy\examples\stm32u5\target\thumbv8m.main-none-eabihf\release\deps\libcortex_m_rt-12da0f7f83f8655c.rlib(cortex_m_rt-12da0f7f83f8655c.cortex_m_rt.9af0fdcc373a2615-cgu.0.rcgu.o):(.Reset)
 8000274  8000274        0     1                 $t
 8000275  8000275       3e     1                 Reset
 80002b4  80002b4        0     1                 $d
 80002cc  80002cc      14c     2         C:\projects\contributions\embassy\examples\stm32u5\target\thumbv8m.main-none-eabihf\release\deps\hspi_memory_mapped-e768eefdf1e95a3c.hspi_memory_mapped.a6c91d3a9f8ce307-cgu.0.rcgu.o:(.text._ZN13embassy_stm324hspi17Hspi$LT$T$C$M$GT$17configure_command17h9ebbc41a9c184cddE)
 80002cc  80002cc        0     1                 $t
 80002cd  80002cd      14c     1                 embassy_stm32::hspi::Hspi$LT$T$C$M$GT$::configure_command::h9ebbc41a9c184cdd
 8000418  8000418      366     4         C:\projects\contributions\embassy\examples\stm32u5\target\thumbv8m.main-none-eabihf\release\deps\hspi_memory_mapped-e768eefdf1e95a3c.hspi_memory_mapped.a6c91d3a9f8ce307-cgu.0.rcgu.o:(.text._ZN13embassy_stm324hspi45Hspi$LT$T$C$embassy_stm32..mode..Blocking$GT$20new_blocking_octospi17hab3f9b3eb89f26dbE)
 8000418  8000418        0     1                 $t
 8000419  8000419      366     1                 embassy_stm32::hspi::Hspi$LT$T$C$embassy_stm32..mode..Blocking$GT$::new_blocking_octospi::hab3f9b3eb89f26db
 800053a  800053a        0     1                 $d
 8000552  8000552        0     1                 $t
 800077e  800077e      1fa     2         C:\projects\contributions\embassy\examples\stm32u5\target\thumbv8m.main-none-eabihf\release\deps\hspi_memory_mapped-e768eefdf1e95a3c.hspi_memory_mapped.a6c91d3a9f8ce307-cgu.0.rcgu.o:(.text._ZN80_$LT$embassy_stm32..hspi..Hspi$LT$T$C$M$GT$$u20$as$u20$core..ops..drop..Drop$GT$4drop17ha7c477e01e819ca1E)
 800077e  800077e        0     1                 $t
 800077f  800077f      1fa     1                 _$LT$embassy_stm32..hspi..Hspi$LT$T$C$M$GT$$u20$as$u20$core..ops..drop..Drop$GT$::drop::ha7c477e01e819ca1
 8000978  8000978     21d0     4         C:\projects\contributions\embassy\examples\stm32u5\target\thumbv8m.main-none-eabihf\release\deps\hspi_memory_mapped-e768eefdf1e95a3c.hspi_memory_mapped.a6c91d3a9f8ce307-cgu.1.rcgu.o:(.text._ZN16embassy_executor3raw20TaskStorage$LT$F$GT$4poll17h5fb809135539258dE)
 8000978  8000978        0     1                 $t
 8000979  8000979     21d0     1                 embassy_executor::raw::TaskStorage$LT$F$GT$::poll::h5fb809135539258d
 8000998  8000998        0     1                 $d
 80009a6  80009a6        0     1                 $t
 8000acc  8000acc        0     1                 $d
 8000ad6  8000ad6        0     1                 $t
 8000e8c  8000e8c        0     1                 $d
 8000e96  8000e96        0     1                 $t
 8001dcc  8001dcc        0     1                 $d
 8001dd6  8001dd6        0     1                 $t
 8001e0a  8001e0a        0     1                 $d
 8001e12  8001e12        0     1                 $t
 8002b48  8002b48        a     2         C:\projects\contributions\embassy\examples\stm32u5\target\thumbv8m.main-none-eabihf\release\deps\hspi_memory_mapped-e768eefdf1e95a3c.hspi_memory_mapped.a6c91d3a9f8ce307-cgu.1.rcgu.o:(.text._ZN16embassy_executor3raw4util19UninitCell$LT$T$GT$14write_in_place17h898b798e5c04c1d5E)
 8002b48  8002b48        0     1                 $t
 8002b49  8002b49        a     1                 embassy_executor::raw::util::UninitCell$LT$T$GT$::write_in_place::h898b798e5c04c1d5
 8002b52  8002b52       e4     2         C:\projects\contributions\embassy\examples\stm32u5\target\thumbv8m.main-none-eabihf\release\deps\hspi_memory_mapped-e768eefdf1e95a3c.hspi_memory_mapped.a6c91d3a9f8ce307-cgu.1.rcgu.o:(.text._ZN16embassy_executor4arch6thread8Executor3run17hdd147195090b7e02E)
 8002b52  8002b52        0     1                 $t
 8002b53  8002b53       e4     1                 embassy_executor::arch::thread::Executor::run::hdd147195090b7e02
 8002c36  8002c36       18     2         C:\projects\contributions\embassy\examples\stm32u5\target\thumbv8m.main-none-eabihf\release\deps\hspi_memory_mapped-e768eefdf1e95a3c.hspi_memory_mapped.a6c91d3a9f8ce307-cgu.1.rcgu.o:(.text._ZN42_$LT$$RF$T$u20$as$u20$core..fmt..Debug$GT$3fmt17hd647aedcde0309e1E)
 8002c36  8002c36        0     1                 $t
 8002c37  8002c37       18     1                 _$LT$$RF$T$u20$as$u20$core..fmt..Debug$GT$::fmt::hd647aedcde0309e1
 8002c50  8002c50       20     4         C:\projects\contributions\embassy\examples\stm32u5\target\thumbv8m.main-none-eabihf\release\deps\hspi_memory_mapped-e768eefdf1e95a3c.hspi_memory_mapped.a6c91d3a9f8ce307-cgu.1.rcgu.o:(.text.unlikely._ZN4core9panicking13assert_failed17hcb6731a0b5acd07dE)
 8002c50  8002c50        0     1                 $t
 8002c51  8002c51       20     1                 core::panicking::assert_failed::hcb6731a0b5acd07d
 8002c6c  8002c6c        0     1                 $d
 8002c70  8002c70       1c     2         C:\projects\contributions\embassy\examples\stm32u5\target\thumbv8m.main-none-eabihf\release\deps\hspi_memory_mapped-e768eefdf1e95a3c.hspi_memory_mapped.a6c91d3a9f8ce307-cgu.1.rcgu.o:(.text._ZN5defmt6export3fmt17h3bc679ffb0b474a5E)
 8002c70  8002c70        0     1                 $t
 8002c71  8002c71       1c     1                 defmt::export::fmt::h3bc679ffb0b474a5
 8002c8c  8002c8c       22     2         C:\projects\contributions\embassy\examples\stm32u5\target\thumbv8m.main-none-eabihf\release\deps\hspi_memory_mapped-e768eefdf1e95a3c.hspi_memory_mapped.a6c91d3a9f8ce307-cgu.1.rcgu.o:(.text._ZN67_$LT$embassy_stm32..hspi..HspiError$u20$as$u20$core..fmt..Debug$GT$3fmt17hc077bc7717ec17feE)
 8002c8c  8002c8c        0     1                 $t
 8002c8d  8002c8d       22     1                 _$LT$embassy_stm32..hspi..HspiError$u20$as$u20$core..fmt..Debug$GT$::fmt::hc077bc7717ec17fe
 8002cae  8002cae      126     2         C:\projects\contributions\embassy\examples\stm32u5\target\thumbv8m.main-none-eabihf\release\deps\hspi_memory_mapped-e768eefdf1e95a3c.hspi_memory_mapped.a6c91d3a9f8ce307-cgu.1.rcgu.o:(.text._ZN18hspi_memory_mapped27OctaDtrFlashMemory$LT$I$GT$16exec_command_spi28_$u7b$$u7b$closure$u7d$$u7d$17hab6d07224d7adf6dE)
 8002cae  8002cae        0     1                 $t
 8002caf  8002caf      126     1                 hspi_memory_mapped::OctaDtrFlashMemory$LT$I$GT$::exec_command_spi::_$u7b$$u7b$closure$u7d$$u7d$::hab6d07224d7adf6d
 8002dd4  8002dd4      138     2         C:\projects\contributions\embassy\examples\stm32u5\target\thumbv8m.main-none-eabihf\release\deps\hspi_memory_mapped-e768eefdf1e95a3c.hspi_memory_mapped.a6c91d3a9f8ce307-cgu.1.rcgu.o:(.text._ZN18hspi_memory_mapped27OctaDtrFlashMemory$LT$I$GT$21exec_command_octa_dtr28_$u7b$$u7b$closure$u7d$$u7d$17h846d5d89544ae148E)
 8002dd4  8002dd4        0     1                 $t
 8002dd5  8002dd5      138     1                 hspi_memory_mapped::OctaDtrFlashMemory$LT$I$GT$::exec_command_octa_dtr::_$u7b$$u7b$closure$u7d$$u7d$::h846d5d89544ae148
 8002f0c  8002f0c        8     2         C:\projects\contributions\embassy\examples\stm32u5\target\thumbv8m.main-none-eabihf\release\deps\hspi_memory_mapped-e768eefdf1e95a3c.hspi_memory_mapped.a6c91d3a9f8ce307-cgu.1.rcgu.o:(.text.main)
 8002f0c  8002f0c        0     1                 $t
 8002f0d  8002f0d        8     1                 main
 8002f14  8002f14       14     2         C:\projects\contributions\embassy\examples\stm32u5\target\thumbv8m.main-none-eabihf\release\deps\hspi_memory_mapped-e768eefdf1e95a3c.hspi_memory_mapped.a6c91d3a9f8ce307-cgu.1.rcgu.o:(.text._ZN18hspi_memory_mapped18__cortex_m_rt_main17h9b187b4d45f2b1a1E)
 8002f14  8002f14        0     1                 $t
 8002f15  8002f15       14     1                 hspi_memory_mapped::__cortex_m_rt_main::h9b187b4d45f2b1a1
 8002f28  8002f28        6     2         C:\projects\contributions\embassy\examples\stm32u5\target\thumbv8m.main-none-eabihf\release\deps\libpanic_probe-f09ae00d2b2f7319.rlib(panic_probe-f09ae00d2b2f7319.panic_probe.b41ef4e3c89302ac-cgu.0.rcgu.o):(.text._ZN44_$LT$$RF$T$u20$as$u20$core..fmt..Display$GT$3fmt17h8d053607314c694bE)
 8002f28  8002f28        0     1                 $t
 8002f29  8002f29        6     1                 _$LT$$RF$T$u20$as$u20$core..fmt..Display$GT$::fmt::h8d053607314c694b
 8002f2e  8002f2e       68     2         C:\projects\contributions\embassy\examples\stm32u5\target\thumbv8m.main-none-eabihf\release\deps\libpanic_probe-f09ae00d2b2f7319.rlib(panic_probe-f09ae00d2b2f7319.panic_probe.b41ef4e3c89302ac-cgu.0.rcgu.o):(.text.rust_begin_unwind)
 8002f2e  8002f2e        0     1                 $t
 8002f2f  8002f2f       68     1                 rust_begin_unwind
 8002f96  8002f96       82     2         C:\projects\contributions\embassy\examples\stm32u5\target\thumbv8m.main-none-eabihf\release\deps\libdefmt_rtt-049cb879375b2510.rlib(defmt_rtt-049cb879375b2510.defmt_rtt.6d3d73dc5a6b6dc0-cgu.0.rcgu.o):(.text._ZN9defmt_rtt7channel7Channel14blocking_write17h5fee44ef662dc42aE)
 8002f96  8002f96        0     1                 $t
 8002f97  8002f97       82     1                 defmt_rtt::channel::Channel::blocking_write::h5fee44ef662dc42a
 8003018  8003018       5e     2         C:\projects\contributions\embassy\examples\stm32u5\target\thumbv8m.main-none-eabihf\release\deps\libdefmt_rtt-049cb879375b2510.rlib(defmt_rtt-049cb879375b2510.defmt_rtt.6d3d73dc5a6b6dc0-cgu.0.rcgu.o):(.text._ZN9defmt_rtt7channel7Channel17nonblocking_write17h364fe2a014deaf8dE)
 8003018  8003018        0     1                 $t
 8003019  8003019       5e     1                 defmt_rtt::channel::Channel::nonblocking_write::h364fe2a014deaf8d
 8003076  8003076       ea     2         C:\projects\contributions\embassy\examples\stm32u5\target\thumbv8m.main-none-eabihf\release\deps\libdefmt_rtt-049cb879375b2510.rlib(defmt_rtt-049cb879375b2510.defmt_rtt.6d3d73dc5a6b6dc0-cgu.0.rcgu.o):(.text._ZN59_$LT$defmt_rtt..Logger$u20$as$u20$defmt..traits..Logger$GT$7release17h330ca63c58327c85E)
 8003076  8003076        0     1                 $t
 8003077  8003077       ea     1                 _$LT$defmt_rtt..Logger$u20$as$u20$defmt..traits..Logger$GT$::release::h330ca63c58327c85
 8003160  8003160      1f2     2         C:\projects\contributions\embassy\examples\stm32u5\target\thumbv8m.main-none-eabihf\release\deps\libdefmt_rtt-049cb879375b2510.rlib(defmt_rtt-049cb879375b2510.defmt_rtt.6d3d73dc5a6b6dc0-cgu.0.rcgu.o):(.text._ZN59_$LT$defmt_rtt..Logger$u20$as$u20$defmt..traits..Logger$GT$5write17h109435cdac46a0a6E)
 8003160  8003160        0     1                 $t
 8003161  8003161      1f2     1                 _$LT$defmt_rtt..Logger$u20$as$u20$defmt..traits..Logger$GT$::write::h109435cdac46a0a6
 8003352  8003352       a0     2         C:\projects\contributions\embassy\examples\stm32u5\target\thumbv8m.main-none-eabihf\release\deps\libdefmt_rtt-049cb879375b2510.rlib(defmt_rtt-049cb879375b2510.defmt_rtt.6d3d73dc5a6b6dc0-cgu.0.rcgu.o):(.text._defmt_acquire)
 8003352  8003352        0     1                 $t
 8003353  8003353       a0     1                 _defmt_acquire
 80033f2  80033f2        4     2         C:\projects\contributions\embassy\examples\stm32u5\target\thumbv8m.main-none-eabihf\release\deps\libdefmt_rtt-049cb879375b2510.rlib(defmt_rtt-049cb879375b2510.defmt_rtt.6d3d73dc5a6b6dc0-cgu.0.rcgu.o):(.text._defmt_release)
 80033f2  80033f2        0     1                 $t
 80033f3  80033f3        4     1                 _defmt_release
 80033f6  80033f6        4     2         C:\projects\contributions\embassy\examples\stm32u5\target\thumbv8m.main-none-eabihf\release\deps\libdefmt_rtt-049cb879375b2510.rlib(defmt_rtt-049cb879375b2510.defmt_rtt.6d3d73dc5a6b6dc0-cgu.0.rcgu.o):(.text._defmt_write)
 80033f6  80033f6        0     1                 $t
 80033f7  80033f7        4     1                 _defmt_write
 80033fc  80033fc      12c     4         C:\projects\contributions\embassy\examples\stm32u5\target\thumbv8m.main-none-eabihf\release\deps\libembassy_stm32-c4ede1c142b55d62.rlib(embassy_stm32-c4ede1c142b55d62.embassy_stm32.52b24915d1ceb477-cgu.00.rcgu.o):(.text._ZN13embassy_stm3210_generated115_$LT$impl$u20$embassy_stm32..rcc..SealedRccPeripheral$u20$for$u20$embassy_stm32.._generated..peripherals..HSPI1$GT$9frequency17h01db61d897440123E)
 80033fc  80033fc        0     1                 $t
 80033fd  80033fd      12c     1                 embassy_stm32::_generated::_$LT$impl$u20$embassy_stm32..rcc..SealedRccPeripheral$u20$for$u20$embassy_stm32.._generated..peripherals..HSPI1$GT$::frequency::h01db61d897440123
 8003414  8003414        0     1                 $d
 8003418  8003418        0     1                 $t
 8003528  8003528      82a     4         C:\projects\contributions\embassy\examples\stm32u5\target\thumbv8m.main-none-eabihf\release\deps\libembassy_stm32-c4ede1c142b55d62.rlib(embassy_stm32-c4ede1c142b55d62.embassy_stm32.52b24915d1ceb477-cgu.01.rcgu.o):(.text._ZN13embassy_stm3210_generated118_$LT$impl$u20$core..ops..arith..Div$LT$stm32_metapac..rcc..vals..Plldiv$GT$$u20$for$u20$embassy_stm32..time..Hertz$GT$3div17he2321a3e6c768d3eE)
 8003528  8003528        0     1                 $t
 8003529  8003529      82a     1                 embassy_stm32::_generated::_$LT$impl$u20$core..ops..arith..Div$LT$stm32_metapac..rcc..vals..Plldiv$GT$$u20$for$u20$embassy_stm32..time..Hertz$GT$::div::he2321a3e6c768d3e
 800352e  800352e        0     1                 $d
 800362e  800362e        0     1                 $t
 8003d54  8003d54     124e     4         C:\projects\contributions\embassy\examples\stm32u5\target\thumbv8m.main-none-eabihf\release\deps\libembassy_stm32-c4ede1c142b55d62.rlib(embassy_stm32-c4ede1c142b55d62.embassy_stm32.52b24915d1ceb477-cgu.01.rcgu.o):(.text._ZN13embassy_stm3210_generated116_$LT$impl$u20$core..ops..arith..Mul$LT$stm32_metapac..rcc..vals..Plln$GT$$u20$for$u20$embassy_stm32..time..Hertz$GT$3mul17hb6f03fdb0ba91d6dE)
 8003d54  8003d54        0     1                 $t
 8003d55  8003d55     124e     1                 embassy_stm32::_generated::_$LT$impl$u20$core..ops..arith..Mul$LT$stm32_metapac..rcc..vals..Plln$GT$$u20$for$u20$embassy_stm32..time..Hertz$GT$::mul::hb6f03fdb0ba91d6d
 8003d64  8003d64        0     1                 $d
 800415e  800415e        0     1                 $t
 8004fa2  8004fa2       1c     2         C:\projects\contributions\embassy\examples\stm32u5\target\thumbv8m.main-none-eabihf\release\deps\libembassy_stm32-c4ede1c142b55d62.rlib(embassy_stm32-c4ede1c142b55d62.embassy_stm32.52b24915d1ceb477-cgu.02.rcgu.o):(.text._ZN5defmt6export3fmt17h1f114bd06ba58765E)
 8004fa2  8004fa2        0     1                 $t
 8004fa3  8004fa3       1c     1                 defmt::export::fmt::h1f114bd06ba58765
 8004fbe  8004fbe       28     2         C:\projects\contributions\embassy\examples\stm32u5\target\thumbv8m.main-none-eabihf\release\deps\libembassy_stm32-c4ede1c142b55d62.rlib(embassy_stm32-c4ede1c142b55d62.embassy_stm32.52b24915d1ceb477-cgu.02.rcgu.o):(.text._ZN5defmt6export3fmt17h542abbbb6eb65348E)
 8004fbe  8004fbe        0     1                 $t
 8004fbf  8004fbf       28     1                 defmt::export::fmt::h542abbbb6eb65348
 8004fe6  8004fe6       26     2         C:\projects\contributions\embassy\examples\stm32u5\target\thumbv8m.main-none-eabihf\release\deps\libembassy_stm32-c4ede1c142b55d62.rlib(embassy_stm32-c4ede1c142b55d62.embassy_stm32.52b24915d1ceb477-cgu.02.rcgu.o):(.text._ZN5defmt6export3fmt17h6c95a9ed77da0f4eE)
 8004fe6  8004fe6        0     1                 $t
 8004fe7  8004fe7       26     1                 defmt::export::fmt::h6c95a9ed77da0f4e
 800500c  800500c       26     2         C:\projects\contributions\embassy\examples\stm32u5\target\thumbv8m.main-none-eabihf\release\deps\libembassy_stm32-c4ede1c142b55d62.rlib(embassy_stm32-c4ede1c142b55d62.embassy_stm32.52b24915d1ceb477-cgu.02.rcgu.o):(.text._ZN5defmt6export3fmt17h7840e611ad5d58afE)
 800500c  800500c        0     1                 $t
 800500d  800500d       26     1                 defmt::export::fmt::h7840e611ad5d58af
 8005034  8005034      87a     4         C:\projects\contributions\embassy\examples\stm32u5\target\thumbv8m.main-none-eabihf\release\deps\libembassy_stm32-c4ede1c142b55d62.rlib(embassy_stm32-c4ede1c142b55d62.embassy_stm32.52b24915d1ceb477-cgu.03.rcgu.o):(.text._ZN13embassy_stm323rcc8_version4init17hb95f6209b2682554E)
 8005034  8005034        0     1                 $t
 8005035  8005035      87a     1                 embassy_stm32::rcc::_version::init::hb95f6209b2682554
 800531a  800531a        0     1                 $d
 800531e  800531e        0     1                 $t
 80053b2  80053b2        0     1                 $d
 80053b6  80053b6        0     1                 $t
 80054b2  80054b2        0     1                 $d
 80054d2  80054d2        0     1                 $t
 8005520  8005520        0     1                 $d
 8005530  8005530        0     1                 $t
 8005552  8005552        0     1                 $d
 8005562  8005562        0     1                 $t
 800558c  800558c        0     1                 $d
 800559c  800559c        0     1                 $t
 80058b0  80058b0      4c4     4         C:\projects\contributions\embassy\examples\stm32u5\target\thumbv8m.main-none-eabihf\release\deps\libembassy_stm32-c4ede1c142b55d62.rlib(embassy_stm32-c4ede1c142b55d62.embassy_stm32.52b24915d1ceb477-cgu.03.rcgu.o):(.text._ZN13embassy_stm323rcc8_version8init_pll17h686ffa2217a8a4feE)
 80058b0  80058b0        0     1                 $t
 80058b1  80058b1      4c4     1                 embassy_stm32::rcc::_version::init_pll::h686ffa2217a8a4fe
 800594e  800594e        0     1                 $d
 8005956  8005956        0     1                 $t
 800598a  800598a        0     1                 $d
 800599a  800599a        0     1                 $t
 8005a7a  8005a7a        0     1                 $d
 8005a82  8005a82        0     1                 $t
 8005d74  8005d74       bc     2         C:\projects\contributions\embassy\examples\stm32u5\target\thumbv8m.main-none-eabihf\release\deps\libembassy_stm32-c4ede1c142b55d62.rlib(embassy_stm32-c4ede1c142b55d62.embassy_stm32.52b24915d1ceb477-cgu.07.rcgu.o):(.text._ZN13embassy_stm323rcc7RccInfo24enable_and_reset_with_cs17h536f0ac126a3df97E)
 8005d74  8005d74        0     1                 $t
 8005d75  8005d75       bc     1                 embassy_stm32::rcc::RccInfo::enable_and_reset_with_cs::h536f0ac126a3df97
 8005e30  8005e30       1c     2         C:\projects\contributions\embassy\examples\stm32u5\target\thumbv8m.main-none-eabihf\release\deps\libembassy_stm32-c4ede1c142b55d62.rlib(embassy_stm32-c4ede1c142b55d62.embassy_stm32.52b24915d1ceb477-cgu.07.rcgu.o):(.text._ZN13embassy_stm323rcc7RccInfo16enable_and_reset17h9f8ab0e0fa2c4560E)
 8005e30  8005e30        0     1                 $t
 8005e31  8005e31       1c     1                 embassy_stm32::rcc::RccInfo::enable_and_reset::h9f8ab0e0fa2c4560
 8005e4c  8005e4c       86     2         C:\projects\contributions\embassy\examples\stm32u5\target\thumbv8m.main-none-eabihf\release\deps\libembassy_stm32-c4ede1c142b55d62.rlib(embassy_stm32-c4ede1c142b55d62.embassy_stm32.52b24915d1ceb477-cgu.07.rcgu.o):(.text._ZN13embassy_stm323rcc7RccInfo7disable17h5d3567f13858fbaeE)
 8005e4c  8005e4c        0     1                 $t
 8005e4d  8005e4d       86     1                 embassy_stm32::rcc::RccInfo::disable::h5d3567f13858fbae
 8005ed2  8005ed2       4c     2         C:\projects\contributions\embassy\examples\stm32u5\target\thumbv8m.main-none-eabihf\release\deps\libembassy_stm32-c4ede1c142b55d62.rlib(embassy_stm32-c4ede1c142b55d62.embassy_stm32.52b24915d1ceb477-cgu.07.rcgu.o):(.text._ZN64_$LT$embassy_stm32..Config$u20$as$u20$core..default..Default$GT$7default17hd391288457334eabE)
 8005ed2  8005ed2        0     1                 $t
 8005ed3  8005ed3       4c     1                 _$LT$embassy_stm32..Config$u20$as$u20$core..default..Default$GT$::default::hd391288457334eab
 8005f1e  8005f1e      1da     2         C:\projects\contributions\embassy\examples\stm32u5\target\thumbv8m.main-none-eabihf\release\deps\libembassy_stm32-c4ede1c142b55d62.rlib(embassy_stm32-c4ede1c142b55d62.embassy_stm32.52b24915d1ceb477-cgu.07.rcgu.o):(.text._ZN13embassy_stm324init17h0ae8935db4e56a59E)
 8005f1e  8005f1e        0     1                 $t
 8005f1f  8005f1f      1da     1                 embassy_stm32::init::h0ae8935db4e56a59
 80060f8  80060f8      110     2         C:\projects\contributions\embassy\examples\stm32u5\target\thumbv8m.main-none-eabihf\release\deps\libembassy_stm32-c4ede1c142b55d62.rlib(embassy_stm32-c4ede1c142b55d62.embassy_stm32.52b24915d1ceb477-cgu.08.rcgu.o):(.text._ZN13embassy_stm3210_generated3mux8ClockMux4init17hce404f47272273ecE)
 80060f8  80060f8        0     1                 $t
 80060f9  80060f9      110     1                 embassy_stm32::_generated::mux::ClockMux::init::hce404f47272273ec
 8006208  8006208       de     2         C:\projects\contributions\embassy\examples\stm32u5\target\thumbv8m.main-none-eabihf\release\deps\libembassy_stm32-c4ede1c142b55d62.rlib(embassy_stm32-c4ede1c142b55d62.embassy_stm32.52b24915d1ceb477-cgu.09.rcgu.o):(.text._ZN13embassy_stm3211time_driver4init17h8951c9ebbfa6ea23E)
 8006208  8006208        0     1                 $t
 8006209  8006209       de     1                 embassy_stm32::time_driver::init::h8951c9ebbfa6ea23
 80062e6  80062e6       2a     2         C:\projects\contributions\embassy\examples\stm32u5\target\thumbv8m.main-none-eabihf\release\deps\libembassy_stm32-c4ede1c142b55d62.rlib(embassy_stm32-c4ede1c142b55d62.embassy_stm32.52b24915d1ceb477-cgu.09.rcgu.o):(.text._embassy_time_now)
 80062e6  80062e6        0     1                 $t
 80062e7  80062e7       2a     1                 _embassy_time_now
 8006310  8006310       28     2         C:\projects\contributions\embassy\examples\stm32u5\target\thumbv8m.main-none-eabihf\release\deps\libembassy_stm32-c4ede1c142b55d62.rlib(embassy_stm32-c4ede1c142b55d62.embassy_stm32.52b24915d1ceb477-cgu.09.rcgu.o):(.text._embassy_time_allocate_alarm)
 8006310  8006310        0     1                 $t
 8006311  8006311       28     1                 _embassy_time_allocate_alarm
 8006338  8006338       28     2         C:\projects\contributions\embassy\examples\stm32u5\target\thumbv8m.main-none-eabihf\release\deps\libembassy_stm32-c4ede1c142b55d62.rlib(embassy_stm32-c4ede1c142b55d62.embassy_stm32.52b24915d1ceb477-cgu.09.rcgu.o):(.text._embassy_time_set_alarm_callback)
 8006338  8006338        0     1                 $t
 8006339  8006339       28     1                 _embassy_time_set_alarm_callback
 8006360  8006360       ba     2         C:\projects\contributions\embassy\examples\stm32u5\target\thumbv8m.main-none-eabihf\release\deps\libembassy_stm32-c4ede1c142b55d62.rlib(embassy_stm32-c4ede1c142b55d62.embassy_stm32.52b24915d1ceb477-cgu.09.rcgu.o):(.text._embassy_time_set_alarm)
 8006360  8006360        0     1                 $t
 8006361  8006361       ba     1                 _embassy_time_set_alarm
 800641a  800641a       ec     2         C:\projects\contributions\embassy\examples\stm32u5\target\thumbv8m.main-none-eabihf\release\deps\libembassy_stm32-c4ede1c142b55d62.rlib(embassy_stm32-c4ede1c142b55d62.embassy_stm32.52b24915d1ceb477-cgu.09.rcgu.o):(.text.TIM15)
 800641a  800641a        0     1                 $t
 800641b  800641b       ec     1                 TIM15
 8006506  8006506      27c     2         C:\projects\contributions\embassy\examples\stm32u5\target\thumbv8m.main-none-eabihf\release\deps\libembassy_stm32-c4ede1c142b55d62.rlib(embassy_stm32-c4ede1c142b55d62.embassy_stm32.52b24915d1ceb477-cgu.11.rcgu.o):(.text._ZN75_$LT$embassy_stm32.._generated..Clocks$u20$as$u20$defmt..traits..Format$GT$12_format_data17h7b453914bc37ba19E)
 8006506  8006506        0     1                 $t
 8006507  8006507      27c     1                 _$LT$embassy_stm32.._generated..Clocks$u20$as$u20$defmt..traits..Format$GT$::_format_data::h7b453914bc37ba19
 8006782  8006782        c     2         C:\projects\contributions\embassy\examples\stm32u5\target\thumbv8m.main-none-eabihf\release\deps\libembassy_stm32-c4ede1c142b55d62.rlib(embassy_stm32-c4ede1c142b55d62.embassy_stm32.52b24915d1ceb477-cgu.11.rcgu.o):(.text.LPDMA1_CHANNEL3)
 8006782  8006782        0     1                 $t
 8006783  8006783        c     1                 LPDMA1_CHANNEL3
 800678e  800678e        c     2         C:\projects\contributions\embassy\examples\stm32u5\target\thumbv8m.main-none-eabihf\release\deps\libembassy_stm32-c4ede1c142b55d62.rlib(embassy_stm32-c4ede1c142b55d62.embassy_stm32.52b24915d1ceb477-cgu.11.rcgu.o):(.text.LPDMA1_CHANNEL2)
 800678e  800678e        0     1                 $t
 800678f  800678f        c     1                 LPDMA1_CHANNEL2
 800679a  800679a        c     2         C:\projects\contributions\embassy\examples\stm32u5\target\thumbv8m.main-none-eabihf\release\deps\libembassy_stm32-c4ede1c142b55d62.rlib(embassy_stm32-c4ede1c142b55d62.embassy_stm32.52b24915d1ceb477-cgu.11.rcgu.o):(.text.LPDMA1_CHANNEL1)
 800679a  800679a        0     1                 $t
 800679b  800679b        c     1                 LPDMA1_CHANNEL1
 80067a6  80067a6        c     2         C:\projects\contributions\embassy\examples\stm32u5\target\thumbv8m.main-none-eabihf\release\deps\libembassy_stm32-c4ede1c142b55d62.rlib(embassy_stm32-c4ede1c142b55d62.embassy_stm32.52b24915d1ceb477-cgu.11.rcgu.o):(.text.LPDMA1_CHANNEL0)
 80067a6  80067a6        0     1                 $t
 80067a7  80067a7        c     1                 LPDMA1_CHANNEL0
 80067b2  80067b2        c     2         C:\projects\contributions\embassy\examples\stm32u5\target\thumbv8m.main-none-eabihf\release\deps\libembassy_stm32-c4ede1c142b55d62.rlib(embassy_stm32-c4ede1c142b55d62.embassy_stm32.52b24915d1ceb477-cgu.11.rcgu.o):(.text.GPDMA1_CHANNEL9)
 80067b2  80067b2        0     1                 $t
 80067b3  80067b3        c     1                 GPDMA1_CHANNEL9
 80067be  80067be        c     2         C:\projects\contributions\embassy\examples\stm32u5\target\thumbv8m.main-none-eabihf\release\deps\libembassy_stm32-c4ede1c142b55d62.rlib(embassy_stm32-c4ede1c142b55d62.embassy_stm32.52b24915d1ceb477-cgu.11.rcgu.o):(.text.GPDMA1_CHANNEL8)
 80067be  80067be        0     1                 $t
 80067bf  80067bf        c     1                 GPDMA1_CHANNEL8
 80067ca  80067ca        c     2         C:\projects\contributions\embassy\examples\stm32u5\target\thumbv8m.main-none-eabihf\release\deps\libembassy_stm32-c4ede1c142b55d62.rlib(embassy_stm32-c4ede1c142b55d62.embassy_stm32.52b24915d1ceb477-cgu.11.rcgu.o):(.text.GPDMA1_CHANNEL7)
 80067ca  80067ca        0     1                 $t
 80067cb  80067cb        c     1                 GPDMA1_CHANNEL7
 80067d6  80067d6        c     2         C:\projects\contributions\embassy\examples\stm32u5\target\thumbv8m.main-none-eabihf\release\deps\libembassy_stm32-c4ede1c142b55d62.rlib(embassy_stm32-c4ede1c142b55d62.embassy_stm32.52b24915d1ceb477-cgu.11.rcgu.o):(.text.GPDMA1_CHANNEL6)
 80067d6  80067d6        0     1                 $t
 80067d7  80067d7        c     1                 GPDMA1_CHANNEL6
 80067e2  80067e2        c     2         C:\projects\contributions\embassy\examples\stm32u5\target\thumbv8m.main-none-eabihf\release\deps\libembassy_stm32-c4ede1c142b55d62.rlib(embassy_stm32-c4ede1c142b55d62.embassy_stm32.52b24915d1ceb477-cgu.11.rcgu.o):(.text.GPDMA1_CHANNEL5)
 80067e2  80067e2        0     1                 $t
 80067e3  80067e3        c     1                 GPDMA1_CHANNEL5
 80067ee  80067ee        c     2         C:\projects\contributions\embassy\examples\stm32u5\target\thumbv8m.main-none-eabihf\release\deps\libembassy_stm32-c4ede1c142b55d62.rlib(embassy_stm32-c4ede1c142b55d62.embassy_stm32.52b24915d1ceb477-cgu.11.rcgu.o):(.text.GPDMA1_CHANNEL4)
 80067ee  80067ee        0     1                 $t
 80067ef  80067ef        c     1                 GPDMA1_CHANNEL4
 80067fa  80067fa        c     2         C:\projects\contributions\embassy\examples\stm32u5\target\thumbv8m.main-none-eabihf\release\deps\libembassy_stm32-c4ede1c142b55d62.rlib(embassy_stm32-c4ede1c142b55d62.embassy_stm32.52b24915d1ceb477-cgu.11.rcgu.o):(.text.GPDMA1_CHANNEL3)
 80067fa  80067fa        0     1                 $t
 80067fb  80067fb        c     1                 GPDMA1_CHANNEL3
 8006806  8006806        c     2         C:\projects\contributions\embassy\examples\stm32u5\target\thumbv8m.main-none-eabihf\release\deps\libembassy_stm32-c4ede1c142b55d62.rlib(embassy_stm32-c4ede1c142b55d62.embassy_stm32.52b24915d1ceb477-cgu.11.rcgu.o):(.text.GPDMA1_CHANNEL2)
 8006806  8006806        0     1                 $t
 8006807  8006807        c     1                 GPDMA1_CHANNEL2
 8006812  8006812        c     2         C:\projects\contributions\embassy\examples\stm32u5\target\thumbv8m.main-none-eabihf\release\deps\libembassy_stm32-c4ede1c142b55d62.rlib(embassy_stm32-c4ede1c142b55d62.embassy_stm32.52b24915d1ceb477-cgu.11.rcgu.o):(.text.GPDMA1_CHANNEL15)
 8006812  8006812        0     1                 $t
 8006813  8006813        c     1                 GPDMA1_CHANNEL15
 800681e  800681e        c     2         C:\projects\contributions\embassy\examples\stm32u5\target\thumbv8m.main-none-eabihf\release\deps\libembassy_stm32-c4ede1c142b55d62.rlib(embassy_stm32-c4ede1c142b55d62.embassy_stm32.52b24915d1ceb477-cgu.11.rcgu.o):(.text.GPDMA1_CHANNEL14)
 800681e  800681e        0     1                 $t
 800681f  800681f        c     1                 GPDMA1_CHANNEL14
 800682a  800682a        c     2         C:\projects\contributions\embassy\examples\stm32u5\target\thumbv8m.main-none-eabihf\release\deps\libembassy_stm32-c4ede1c142b55d62.rlib(embassy_stm32-c4ede1c142b55d62.embassy_stm32.52b24915d1ceb477-cgu.11.rcgu.o):(.text.GPDMA1_CHANNEL13)
 800682a  800682a        0     1                 $t
 800682b  800682b        c     1                 GPDMA1_CHANNEL13
 8006836  8006836        c     2         C:\projects\contributions\embassy\examples\stm32u5\target\thumbv8m.main-none-eabihf\release\deps\libembassy_stm32-c4ede1c142b55d62.rlib(embassy_stm32-c4ede1c142b55d62.embassy_stm32.52b24915d1ceb477-cgu.11.rcgu.o):(.text.GPDMA1_CHANNEL12)
 8006836  8006836        0     1                 $t
 8006837  8006837        c     1                 GPDMA1_CHANNEL12
 8006842  8006842        c     2         C:\projects\contributions\embassy\examples\stm32u5\target\thumbv8m.main-none-eabihf\release\deps\libembassy_stm32-c4ede1c142b55d62.rlib(embassy_stm32-c4ede1c142b55d62.embassy_stm32.52b24915d1ceb477-cgu.11.rcgu.o):(.text.GPDMA1_CHANNEL11)
 8006842  8006842        0     1                 $t
 8006843  8006843        c     1                 GPDMA1_CHANNEL11
 800684e  800684e        c     2         C:\projects\contributions\embassy\examples\stm32u5\target\thumbv8m.main-none-eabihf\release\deps\libembassy_stm32-c4ede1c142b55d62.rlib(embassy_stm32-c4ede1c142b55d62.embassy_stm32.52b24915d1ceb477-cgu.11.rcgu.o):(.text.GPDMA1_CHANNEL10)
 800684e  800684e        0     1                 $t
 800684f  800684f        c     1                 GPDMA1_CHANNEL10
 800685a  800685a        c     2         C:\projects\contributions\embassy\examples\stm32u5\target\thumbv8m.main-none-eabihf\release\deps\libembassy_stm32-c4ede1c142b55d62.rlib(embassy_stm32-c4ede1c142b55d62.embassy_stm32.52b24915d1ceb477-cgu.11.rcgu.o):(.text.GPDMA1_CHANNEL1)
 800685a  800685a        0     1                 $t
 800685b  800685b        c     1                 GPDMA1_CHANNEL1
 8006866  8006866        c     2         C:\projects\contributions\embassy\examples\stm32u5\target\thumbv8m.main-none-eabihf\release\deps\libembassy_stm32-c4ede1c142b55d62.rlib(embassy_stm32-c4ede1c142b55d62.embassy_stm32.52b24915d1ceb477-cgu.11.rcgu.o):(.text.GPDMA1_CHANNEL0)
 8006866  8006866        0     1                 $t
 8006867  8006867        c     1                 GPDMA1_CHANNEL0
 8006874  8006874      2a0     4         C:\projects\contributions\embassy\examples\stm32u5\target\thumbv8m.main-none-eabihf\release\deps\libembassy_stm32-c4ede1c142b55d62.rlib(embassy_stm32-c4ede1c142b55d62.embassy_stm32.52b24915d1ceb477-cgu.12.rcgu.o):(.text._ZN13embassy_stm323rcc2bd8LsConfig4init17he48864074710faf4E)
 8006874  8006874        0     1                 $t
 8006875  8006875      2a0     1                 embassy_stm32::rcc::bd::LsConfig::init::he48864074710faf4
 8006888  8006888        0     1                 $d
 8006890  8006890        0     1                 $t
 8006b14  8006b14        6     2         C:\projects\contributions\embassy\examples\stm32u5\target\thumbv8m.main-none-eabihf\release\deps\libembassy_stm32-c4ede1c142b55d62.rlib(embassy_stm32-c4ede1c142b55d62.embassy_stm32.52b24915d1ceb477-cgu.13.rcgu.o):(.text._ZN13embassy_stm324gpio6AfType6output17hb76f30a63a87230fE)
 8006b14  8006b14        0     1                 $t
 8006b15  8006b15        6     1                 embassy_stm32::gpio::AfType::output::hb76f30a63a87230f
 8006b1a  8006b1a       b2     2         C:\projects\contributions\embassy\examples\stm32u5\target\thumbv8m.main-none-eabihf\release\deps\libembassy_stm32-c4ede1c142b55d62.rlib(embassy_stm32-c4ede1c142b55d62.embassy_stm32.52b24915d1ceb477-cgu.13.rcgu.o):(.text._ZN13embassy_stm324gpio9set_as_af17hec381807e160b3a2E)
 8006b1a  8006b1a        0     1                 $t
 8006b1b  8006b1b       b2     1                 embassy_stm32::gpio::set_as_af::hec381807e160b3a2
 8006bcc  8006bcc       2c     2         C:\projects\contributions\embassy\examples\stm32u5\target\thumbv8m.main-none-eabihf\release\deps\libembassy_stm32-c4ede1c142b55d62.rlib(embassy_stm32-c4ede1c142b55d62.embassy_stm32.52b24915d1ceb477-cgu.13.rcgu.o):(.text._ZN13embassy_stm324gpio13set_as_analog17hdabd3d03651c5ba4E)
 8006bcc  8006bcc        0     1                 $t
 8006bcd  8006bcd       2c     1                 embassy_stm32::gpio::set_as_analog::hdabd3d03651c5ba4
 8006bf8  8006bf8       c8     2         C:\projects\contributions\embassy\examples\stm32u5\target\thumbv8m.main-none-eabihf\release\deps\libembassy_stm32-c4ede1c142b55d62.rlib(embassy_stm32-c4ede1c142b55d62.embassy_stm32.52b24915d1ceb477-cgu.15.rcgu.o):(.text._ZN13embassy_stm323dma5gpdma48_$LT$impl$u20$embassy_stm32..dma..AnyChannel$GT$6on_irq17hb688897992831cb8E)
 8006bf8  8006bf8        0     1                 $t
 8006bf9  8006bf9       c8     1                 embassy_stm32::dma::gpdma::_$LT$impl$u20$embassy_stm32..dma..AnyChannel$GT$::on_irq::hb688897992831cb8
 8006cc0  8006cc0       2c     2         C:\projects\contributions\embassy\examples\stm32u5\target\thumbv8m.main-none-eabihf\release\deps\libembassy_time-0cb908e5896376ca.rlib(embassy_time-0cb908e5896376ca.embassy_time.592797b8ccede7b1-cgu.0.rcgu.o):(.text._defmt_timestamp)
 8006cc0  8006cc0        0     1                 $t
 8006cc1  8006cc1       2c     1                 _defmt_timestamp
 8006cec  8006cec        2     2         C:\projects\contributions\embassy\examples\stm32u5\target\thumbv8m.main-none-eabihf\release\deps\libcortex_m_rt-12da0f7f83f8655c.rlib(cortex_m_rt-12da0f7f83f8655c.cortex_m_rt.9af0fdcc373a2615-cgu.0.rcgu.o):(.text.DefaultHandler_)
 8006cec  8006cec        0     1                 $t
 8006ced  8006ced        2     1                 DefaultHandler_
 8006cee  8006cee        2     2         C:\projects\contributions\embassy\examples\stm32u5\target\thumbv8m.main-none-eabihf\release\deps\libcortex_m_rt-12da0f7f83f8655c.rlib(cortex_m_rt-12da0f7f83f8655c.cortex_m_rt.9af0fdcc373a2615-cgu.0.rcgu.o):(.text.DefaultPreInit)
 8006cee  8006cee        0     1                 $t
 8006cef  8006cef        2     1                 DefaultPreInit
 8006cf0  8006cf0       3e     2         C:\projects\contributions\embassy\examples\stm32u5\target\thumbv8m.main-none-eabihf\release\deps\libembassy_sync-751708c5be643027.rlib(embassy_sync-751708c5be643027.embassy_sync.493e1a41bafe1b8e-cgu.0.rcgu.o):(.text._ZN12embassy_sync9waitqueue12atomic_waker11AtomicWaker4wake17h415f83967c3a83a6E)
 8006cf0  8006cf0        0     1                 $t
 8006cf1  8006cf1       3e     1                 embassy_sync::waitqueue::atomic_waker::AtomicWaker::wake::h415f83967c3a83a6
 8006d2e  8006d2e        e     2         C:\projects\contributions\embassy\examples\stm32u5\target\thumbv8m.main-none-eabihf\release\deps\libcortex_m-00d3499bdcc2cd79.rlib(cortex_m-00d3499bdcc2cd79.cortex_m.ad777470524c4902-cgu.0.rcgu.o):(.text._ZN126_$LT$cortex_m..critical_section..single_core_critical_section..SingleCoreCriticalSection$u20$as$u20$critical_section..Impl$GT$7acquire17hefe7dc763efcbe53E)
 8006d2e  8006d2e        0     1                 $t
 8006d2f  8006d2f        e     1                 _$LT$cortex_m..critical_section..single_core_critical_section..SingleCoreCriticalSection$u20$as$u20$critical_section..Impl$GT$::acquire::hefe7dc763efcbe53
 8006d2f  8006d2f        e     1                 _critical_section_1_0_acquire
 8006d3c  8006d3c        a     2         C:\projects\contributions\embassy\examples\stm32u5\target\thumbv8m.main-none-eabihf\release\deps\libcortex_m-00d3499bdcc2cd79.rlib(cortex_m-00d3499bdcc2cd79.cortex_m.ad777470524c4902-cgu.0.rcgu.o):(.text._ZN126_$LT$cortex_m..critical_section..single_core_critical_section..SingleCoreCriticalSection$u20$as$u20$critical_section..Impl$GT$7release17h23ad6c10e1ee2f60E)
 8006d3c  8006d3c        0     1                 $t
 8006d3d  8006d3d        a     1                 _$LT$cortex_m..critical_section..single_core_critical_section..SingleCoreCriticalSection$u20$as$u20$critical_section..Impl$GT$::release::h23ad6c10e1ee2f60
 8006d3d  8006d3d        a     1                 _critical_section_1_0_release
 8006d46  8006d46       1c     2         C:\projects\contributions\embassy\examples\stm32u5\target\thumbv8m.main-none-eabihf\release\deps\libembassy_executor-6a57099363a1c363.rlib(embassy_executor-6a57099363a1c363.embassy_executor.677ae4c3f9fc87cf-cgu.0.rcgu.o):(.text._ZN5defmt6export3fmt17h622331f0650ee19eE)
 8006d46  8006d46        0     1                 $t
 8006d47  8006d47       1c     1                 defmt::export::fmt::h622331f0650ee19e
 8006d62  8006d62       48     2         C:\projects\contributions\embassy\examples\stm32u5\target\thumbv8m.main-none-eabihf\release\deps\libembassy_executor-6a57099363a1c363.rlib(embassy_executor-6a57099363a1c363.embassy_executor.677ae4c3f9fc87cf-cgu.0.rcgu.o):(.text._ZN16embassy_executor4arch6thread8Executor3new17hb8f7da8a45baeab4E)
 8006d62  8006d62        0     1                 $t
 8006d63  8006d63       48     1                 embassy_executor::arch::thread::Executor::new::hb8f7da8a45baeab4
 8006daa  8006daa        8     2         C:\projects\contributions\embassy\examples\stm32u5\target\thumbv8m.main-none-eabihf\release\deps\libembassy_executor-6a57099363a1c363.rlib(embassy_executor-6a57099363a1c363.embassy_executor.677ae4c3f9fc87cf-cgu.0.rcgu.o):(.text._ZN16embassy_executor3raw12SyncExecutor14alarm_callback17h8902b9e66cf4fe19E)
 8006daa  8006daa        0     1                 $t
 8006dab  8006dab        8     1                 embassy_executor::raw::SyncExecutor::alarm_callback::h8902b9e66cf4fe19
 8006db2  8006db2       c2     2         C:\projects\contributions\embassy\examples\stm32u5\target\thumbv8m.main-none-eabihf\release\deps\libembassy_executor-6a57099363a1c363.rlib(embassy_executor-6a57099363a1c363.embassy_executor.677ae4c3f9fc87cf-cgu.0.rcgu.o):(.text._ZN16embassy_executor3raw12SyncExecutor5spawn17h428cd28c94423806E)
 8006db2  8006db2        0     1                 $t
 8006db3  8006db3       c2     1                 embassy_executor::raw::SyncExecutor::spawn::h428cd28c94423806
 8006db3  8006db3       c2     1                 embassy_executor::raw::Executor::spawn::h5995d102d7f12823
 8006e74  8006e74       10     2         C:\projects\contributions\embassy\examples\stm32u5\target\thumbv8m.main-none-eabihf\release\deps\libembassy_executor-6a57099363a1c363.rlib(embassy_executor-6a57099363a1c363.embassy_executor.677ae4c3f9fc87cf-cgu.0.rcgu.o):(.text._ZN16embassy_executor3raw8Executor10initialize17hcd1ee3b5a721d124E)
 8006e74  8006e74        0     1                 $t
 8006e75  8006e75       10     1                 embassy_executor::raw::Executor::initialize::hcd1ee3b5a721d124
 8006e84  8006e84      2ea     2         C:\projects\contributions\embassy\examples\stm32u5\target\thumbv8m.main-none-eabihf\release\deps\libembassy_executor-6a57099363a1c363.rlib(embassy_executor-6a57099363a1c363.embassy_executor.677ae4c3f9fc87cf-cgu.0.rcgu.o):(.text._ZN16embassy_executor3raw8Executor4poll17hc53a82e2e48a974cE)
 8006e84  8006e84        0     1                 $t
 8006e85  8006e85      2ea     1                 embassy_executor::raw::Executor::poll::hc53a82e2e48a974c
 800716e  800716e        4     2         C:\projects\contributions\embassy\examples\stm32u5\target\thumbv8m.main-none-eabihf\release\deps\libembassy_time_driver-156be124ea90f617.rlib(embassy_time_driver-156be124ea90f617.embassy_time_driver.bcf9fc3466269bd1-cgu.0.rcgu.o):(.text._ZN19embassy_time_driver3now17h0a744ac0e11c747bE)
 800716e  800716e        0     1                 $t
 800716f  800716f        4     1                 embassy_time_driver::now::h0a744ac0e11c747b
 8007172  8007172        4     2         C:\projects\contributions\embassy\examples\stm32u5\target\thumbv8m.main-none-eabihf\release\deps\libembassy_time_driver-156be124ea90f617.rlib(embassy_time_driver-156be124ea90f617.embassy_time_driver.bcf9fc3466269bd1-cgu.0.rcgu.o):(.text._ZN19embassy_time_driver14allocate_alarm17h0922a5c40fcc89b3E)
 8007172  8007172        0     1                 $t
 8007173  8007173        4     1                 embassy_time_driver::allocate_alarm::h0922a5c40fcc89b3
 8007176  8007176        4     2         C:\projects\contributions\embassy\examples\stm32u5\target\thumbv8m.main-none-eabihf\release\deps\libembassy_time_driver-156be124ea90f617.rlib(embassy_time_driver-156be124ea90f617.embassy_time_driver.bcf9fc3466269bd1-cgu.0.rcgu.o):(.text._ZN19embassy_time_driver18set_alarm_callback17h7e99d5e947c38c55E)
 8007176  8007176        0     1                 $t
 8007177  8007177        4     1                 embassy_time_driver::set_alarm_callback::h7e99d5e947c38c55
 800717a  800717a        4     2         C:\projects\contributions\embassy\examples\stm32u5\target\thumbv8m.main-none-eabihf\release\deps\libembassy_time_driver-156be124ea90f617.rlib(embassy_time_driver-156be124ea90f617.embassy_time_driver.bcf9fc3466269bd1-cgu.0.rcgu.o):(.text._ZN19embassy_time_driver9set_alarm17h5ad0f089c6026d6cE)
 800717a  800717a        0     1                 $t
 800717b  800717b        4     1                 embassy_time_driver::set_alarm::h5ad0f089c6026d6c
 800717e  800717e        8     2         C:\projects\contributions\embassy\examples\stm32u5\target\thumbv8m.main-none-eabihf\release\deps\libdefmt-ef1ac156233cd8c6.rlib(defmt-ef1ac156233cd8c6.defmt.199bd02f7069c18f-cgu.0.rcgu.o):(.text._ZN42_$LT$$RF$T$u20$as$u20$core..fmt..Debug$GT$3fmt17ha447f4957b05a43aE)
 800717e  800717e        0     1                 $t
 800717f  800717f        8     1                 _$LT$$RF$T$u20$as$u20$core..fmt..Debug$GT$::fmt::ha447f4957b05a43a
 8007186  8007186       8c     2         C:\projects\contributions\embassy\examples\stm32u5\target\thumbv8m.main-none-eabihf\release\deps\libdefmt-ef1ac156233cd8c6.rlib(defmt-ef1ac156233cd8c6.defmt.199bd02f7069c18f-cgu.0.rcgu.o):(.text._ZN4core3fmt5Write10write_char17h895fb0b53b5936dcE)
 8007186  8007186        0     1                 $t
 8007187  8007187       8c     1                 core::fmt::Write::write_char::h895fb0b53b5936dc
 8007212  8007212        e     2         C:\projects\contributions\embassy\examples\stm32u5\target\thumbv8m.main-none-eabihf\release\deps\libdefmt-ef1ac156233cd8c6.rlib(defmt-ef1ac156233cd8c6.defmt.199bd02f7069c18f-cgu.0.rcgu.o):(.text._ZN4core3fmt5Write9write_fmt17h13c95256ec5ae592E)
 8007212  8007212        0     1                 $t
 8007213  8007213        e     1                 core::fmt::Write::write_fmt::h13c95256ec5ae592
 8007220  8007220       16     2         C:\projects\contributions\embassy\examples\stm32u5\target\thumbv8m.main-none-eabihf\release\deps\libdefmt-ef1ac156233cd8c6.rlib(defmt-ef1ac156233cd8c6.defmt.199bd02f7069c18f-cgu.0.rcgu.o):(.text._ZN5defmt6export3f3217h61d5257563f7ae4bE)
 8007220  8007220        0     1                 $t
 8007221  8007221       16     1                 defmt::export::f32::h61d5257563f7ae4b
 8007221  8007221       16     1                 defmt::export::integers::usize::h1e95359af44e8c85
 8007221  8007221       16     1                 defmt::export::integers::isize::hce2829d97914c0d6
 8007221  8007221       16     1                 defmt::export::integers::u32::h3863d0898cd3aea6
 8007221  8007221       16     1                 defmt::export::integers::i32::h7e5cfdbaf51b25ea
 8007236  8007236       1a     2         C:\projects\contributions\embassy\examples\stm32u5\target\thumbv8m.main-none-eabihf\release\deps\libdefmt-ef1ac156233cd8c6.rlib(defmt-ef1ac156233cd8c6.defmt.199bd02f7069c18f-cgu.0.rcgu.o):(.text._ZN5defmt6export3f6417h2d720c22de448261E)
 8007236  8007236        0     1                 $t
 8007237  8007237       1a     1                 defmt::export::f64::h2d720c22de448261
 8007237  8007237       1a     1                 defmt::export::integers::u64::h7a47d55679ec1541
 8007237  8007237       1a     1                 defmt::export::integers::i64::h106aa4079da52d96
 8007250  8007250       20     2         C:\projects\contributions\embassy\examples\stm32u5\target\thumbv8m.main-none-eabihf\release\deps\libdefmt-ef1ac156233cd8c6.rlib(defmt-ef1ac156233cd8c6.defmt.199bd02f7069c18f-cgu.0.rcgu.o):(.text._ZN5defmt6export3str17h14dfa56d36eca18aE)
 8007250  8007250        0     1                 $t
 8007251  8007251       20     1                 defmt::export::str::h14dfa56d36eca18a
 8007251  8007251       20     1                 defmt::export::slice::haad687ffc7f7198b
 8007270  8007270       18     2         C:\projects\contributions\embassy\examples\stm32u5\target\thumbv8m.main-none-eabihf\release\deps\libdefmt-ef1ac156233cd8c6.rlib(defmt-ef1ac156233cd8c6.defmt.199bd02f7069c18f-cgu.0.rcgu.o):(.text._ZN5defmt6export4istr17ha10b01676cc84349E)
 8007270  8007270        0     1                 $t
 8007271  8007271       18     1                 defmt::export::istr::ha10b01676cc84349
 8007271  8007271       18     1                 defmt::export::integers::u16::hef3d798045f330e6
 8007271  8007271       18     1                 defmt::export::integers::i16::h2e9419b7059706fc
 8007288  8007288       52     2         C:\projects\contributions\embassy\examples\stm32u5\target\thumbv8m.main-none-eabihf\release\deps\libdefmt-ef1ac156233cd8c6.rlib(defmt-ef1ac156233cd8c6.defmt.199bd02f7069c18f-cgu.0.rcgu.o):(.text._ZN5defmt6export5debug17h4581dabedf0a35f8E)
 8007288  8007288        0     1                 $t
 8007289  8007289       52     1                 defmt::export::debug::h4581dabedf0a35f8
 8007289  8007289       52     1                 defmt::export::display::h7c4314478a2bbfd5
 80072da  80072da       1c     2         C:\projects\contributions\embassy\examples\stm32u5\target\thumbv8m.main-none-eabihf\release\deps\libdefmt-ef1ac156233cd8c6.rlib(defmt-ef1ac156233cd8c6.defmt.199bd02f7069c18f-cgu.0.rcgu.o):(.text._ZN5defmt6export6header17hbaa5d50a076cf6abE)
 80072da  80072da        0     1                 $t
 80072db  80072db       1c     1                 defmt::export::header::hbaa5d50a076cf6ab
 80072f6  80072f6       10     2         C:\projects\contributions\embassy\examples\stm32u5\target\thumbv8m.main-none-eabihf\release\deps\libdefmt-ef1ac156233cd8c6.rlib(defmt-ef1ac156233cd8c6.defmt.199bd02f7069c18f-cgu.0.rcgu.o):(.text._ZN60_$LT$defmt..export..FmtWrite$u20$as$u20$core..fmt..Write$GT$9write_str17h5765a481306cf7a5E)
 80072f6  80072f6        0     1                 $t
 80072f7  80072f7       10     1                 _$LT$defmt..export..FmtWrite$u20$as$u20$core..fmt..Write$GT$::write_str::h5765a481306cf7a5
 8007306  8007306        2     2         C:\projects\contributions\embassy\examples\stm32u5\target\thumbv8m.main-none-eabihf\release\deps\libdefmt-ef1ac156233cd8c6.rlib(defmt-ef1ac156233cd8c6.defmt.199bd02f7069c18f-cgu.0.rcgu.o):(.text.__defmt_default_timestamp)
 8007306  8007306        0     1                 $t
 8007307  8007307        2     1                 __defmt_default_timestamp
 8007308  8007308        8     2         C:\projects\contributions\embassy\examples\stm32u5\target\thumbv8m.main-none-eabihf\release\deps\libdefmt-ef1ac156233cd8c6.rlib(defmt-ef1ac156233cd8c6.defmt.199bd02f7069c18f-cgu.0.rcgu.o):(.text.__defmt_default_panic)
 8007308  8007308        0     1                 $t
 8007309  8007309        8     1                 __defmt_default_panic
 8007310  8007310       10     2         C:\projects\contributions\embassy\examples\stm32u5\target\thumbv8m.main-none-eabihf\release\deps\libdefmt-ef1ac156233cd8c6.rlib(defmt-ef1ac156233cd8c6.defmt.199bd02f7069c18f-cgu.0.rcgu.o):(.text.unlikely._ZN5defmt13default_panic19panic_cold_explicit17h3430da4cba3d103cE)
 8007310  8007310        0     1                 $t
 8007311  8007311       10     1                 defmt::default_panic::panic_cold_explicit::h3430da4cba3d103c
 8007320  8007320       14     2         C:\Users\WilliamSpinelli\.rustup\toolchains\nightly-2024-10-13-x86_64-pc-windows-msvc\lib\rustlib\thumbv8m.main-none-eabihf\lib\libcore-f0c306036ef78580.rlib(core-f0c306036ef78580.core.201a00b13d263923-cgu.0.rcgu.o):(.text.unlikely._ZN4core6option13unwrap_failed17h8cb0e780c8203ea7E)
 8007320  8007320        0     1                 $t
 8007321  8007321       14     1                 core::option::unwrap_failed::h8cb0e780c8203ea7
 8007334  8007334       c0     2         C:\Users\WilliamSpinelli\.rustup\toolchains\nightly-2024-10-13-x86_64-pc-windows-msvc\lib\rustlib\thumbv8m.main-none-eabihf\lib\libcore-f0c306036ef78580.rlib(core-f0c306036ef78580.core.201a00b13d263923-cgu.0.rcgu.o):(.text._ZN73_$LT$core..panic..panic_info..PanicInfo$u20$as$u20$core..fmt..Display$GT$3fmt17h2b1808f12ca58ef6E)
 8007334  8007334        0     1                 $t
 8007335  8007335       c0     1                 _$LT$core..panic..panic_info..PanicInfo$u20$as$u20$core..fmt..Display$GT$::fmt::h2b1808f12ca58ef6
 80073f4  80073f4       16     2         C:\Users\WilliamSpinelli\.rustup\toolchains\nightly-2024-10-13-x86_64-pc-windows-msvc\lib\rustlib\thumbv8m.main-none-eabihf\lib\libcore-f0c306036ef78580.rlib(core-f0c306036ef78580.core.201a00b13d263923-cgu.0.rcgu.o):(.text.unlikely._ZN4core9panicking9panic_fmt17h4385a0ef777dbd72E)
 80073f4  80073f4        0     1                 $t
 80073f5  80073f5       16     1                 core::panicking::panic_fmt::h4385a0ef777dbd72
 800740a  800740a       26     2         C:\Users\WilliamSpinelli\.rustup\toolchains\nightly-2024-10-13-x86_64-pc-windows-msvc\lib\rustlib\thumbv8m.main-none-eabihf\lib\libcore-f0c306036ef78580.rlib(core-f0c306036ef78580.core.201a00b13d263923-cgu.0.rcgu.o):(.text.unlikely._ZN4core9panicking5panic17hf30811f3dc91981aE)
 800740a  800740a        0     1                 $t
 800740b  800740b       26     1                 core::panicking::panic::hf30811f3dc91981a
 8007430  8007430       3a     2         C:\Users\WilliamSpinelli\.rustup\toolchains\nightly-2024-10-13-x86_64-pc-windows-msvc\lib\rustlib\thumbv8m.main-none-eabihf\lib\libcore-f0c306036ef78580.rlib(core-f0c306036ef78580.core.201a00b13d263923-cgu.0.rcgu.o):(.text.unlikely._ZN4core9panicking14panic_explicit17hce1319d7627a0e35E)
 8007430  8007430        0     1                 $t
 8007431  8007431       3a     1                 core::panicking::panic_explicit::hce1319d7627a0e35
 800746c  800746c       3c     4         C:\Users\WilliamSpinelli\.rustup\toolchains\nightly-2024-10-13-x86_64-pc-windows-msvc\lib\rustlib\thumbv8m.main-none-eabihf\lib\libcore-f0c306036ef78580.rlib(core-f0c306036ef78580.core.201a00b13d263923-cgu.0.rcgu.o):(.text.unlikely._ZN4core9panicking18panic_bounds_check17h27428b78d9cedb6eE)
 800746c  800746c        0     1                 $t
 800746d  800746d       3c     1                 core::panicking::panic_bounds_check::h27428b78d9cedb6e
 80074a0  80074a0        0     1                 $d
 80074a8  80074a8       bc     4         C:\Users\WilliamSpinelli\.rustup\toolchains\nightly-2024-10-13-x86_64-pc-windows-msvc\lib\rustlib\thumbv8m.main-none-eabihf\lib\libcore-f0c306036ef78580.rlib(core-f0c306036ef78580.core.201a00b13d263923-cgu.0.rcgu.o):(.text.unlikely._ZN4core9panicking19assert_failed_inner17hd4a01abbf88276caE)
 80074a8  80074a8        0     1                 $t
 80074a9  80074a9       bc     1                 core::panicking::assert_failed_inner::hd4a01abbf88276ca
 8007544  8007544        0     1                 $d
 8007564  8007564       4a     2         C:\Users\WilliamSpinelli\.rustup\toolchains\nightly-2024-10-13-x86_64-pc-windows-msvc\lib\rustlib\thumbv8m.main-none-eabihf\lib\libcore-f0c306036ef78580.rlib(core-f0c306036ef78580.core.201a00b13d263923-cgu.0.rcgu.o):(.text.unlikely._ZN4core6result13unwrap_failed17h252e6c4129511b08E)
 8007564  8007564        0     1                 $t
 8007565  8007565       4a     1                 core::result::unwrap_failed::h252e6c4129511b08
 80075ae  80075ae        a     2         C:\Users\WilliamSpinelli\.rustup\toolchains\nightly-2024-10-13-x86_64-pc-windows-msvc\lib\rustlib\thumbv8m.main-none-eabihf\lib\libcore-f0c306036ef78580.rlib(core-f0c306036ef78580.core.201a00b13d263923-cgu.0.rcgu.o):(.text._ZN59_$LT$core..fmt..Arguments$u20$as$u20$core..fmt..Display$GT$3fmt17h52fb91f6ac814f62E)
 80075ae  80075ae        0     1                 $t
 80075af  80075af        a     1                 _$LT$core..fmt..Arguments$u20$as$u20$core..fmt..Display$GT$::fmt::h52fb91f6ac814f62
 80075b8  80075b8      184     2         C:\Users\WilliamSpinelli\.rustup\toolchains\nightly-2024-10-13-x86_64-pc-windows-msvc\lib\rustlib\thumbv8m.main-none-eabihf\lib\libcore-f0c306036ef78580.rlib(core-f0c306036ef78580.core.201a00b13d263923-cgu.0.rcgu.o):(.text._ZN4core3fmt5write17h246acdb6d3bd9c66E)
 80075b8  80075b8        0     1                 $t
 80075b9  80075b9      184     1                 core::fmt::write::h246acdb6d3bd9c66
 800773c  800773c      2c2     4         C:\Users\WilliamSpinelli\.rustup\toolchains\nightly-2024-10-13-x86_64-pc-windows-msvc\lib\rustlib\thumbv8m.main-none-eabihf\lib\libcore-f0c306036ef78580.rlib(core-f0c306036ef78580.core.201a00b13d263923-cgu.0.rcgu.o):(.text._ZN4core3fmt9Formatter12pad_integral17hc60689f07d01130dE)
 800773c  800773c        0     1                 $t
 800773d  800773d      2c2     1                 core::fmt::Formatter::pad_integral::hc60689f07d01130d
 80078ac  80078ac        0     1                 $d
 80078b0  80078b0        0     1                 $t
 80079fe  80079fe       46     2         C:\Users\WilliamSpinelli\.rustup\toolchains\nightly-2024-10-13-x86_64-pc-windows-msvc\lib\rustlib\thumbv8m.main-none-eabihf\lib\libcore-f0c306036ef78580.rlib(core-f0c306036ef78580.core.201a00b13d263923-cgu.0.rcgu.o):(.text._ZN4core3fmt9Formatter12pad_integral12write_prefix17h136f8466f7a0ffedE)
 80079fe  80079fe        0     1                 $t
 80079ff  80079ff       46     1                 core::fmt::Formatter::pad_integral::write_prefix::h136f8466f7a0ffed
 8007a44  8007a44      206     4         C:\Users\WilliamSpinelli\.rustup\toolchains\nightly-2024-10-13-x86_64-pc-windows-msvc\lib\rustlib\thumbv8m.main-none-eabihf\lib\libcore-f0c306036ef78580.rlib(core-f0c306036ef78580.core.201a00b13d263923-cgu.0.rcgu.o):(.text._ZN4core3fmt9Formatter3pad17h7955b84deed5a89eE)
 8007a44  8007a44        0     1                 $t
 8007a45  8007a45      206     1                 core::fmt::Formatter::pad::h7955b84deed5a89e
 8007bc2  8007bc2        0     1                 $d
 8007bc6  8007bc6        0     1                 $t
 8007c4a  8007c4a        8     2         C:\Users\WilliamSpinelli\.rustup\toolchains\nightly-2024-10-13-x86_64-pc-windows-msvc\lib\rustlib\thumbv8m.main-none-eabihf\lib\libcore-f0c306036ef78580.rlib(core-f0c306036ef78580.core.201a00b13d263923-cgu.0.rcgu.o):(.text._ZN4core3fmt9Formatter9write_str17hcf941490fbee9722E)
 8007c4a  8007c4a        0     1                 $t
 8007c4b  8007c4b        8     1                 core::fmt::Formatter::write_str::hcf941490fbee9722
 8007c4b  8007c4b        8     1                 _$LT$core..fmt..Formatter$u20$as$u20$core..fmt..Write$GT$::write_str::h71e96e36f82c1e0d
 8007c52  8007c52       3e     2         C:\Users\WilliamSpinelli\.rustup\toolchains\nightly-2024-10-13-x86_64-pc-windows-msvc\lib\rustlib\thumbv8m.main-none-eabihf\lib\libcore-f0c306036ef78580.rlib(core-f0c306036ef78580.core.201a00b13d263923-cgu.0.rcgu.o):(.text.unlikely._ZN4core5slice5index26slice_start_index_len_fail17h63913e2c4616e321E)
 8007c52  8007c52        0     1                 $t
 8007c53  8007c53       3e     1                 core::slice::index::slice_start_index_len_fail::h63913e2c4616e321
 8007c90  8007c90       3e     2         C:\Users\WilliamSpinelli\.rustup\toolchains\nightly-2024-10-13-x86_64-pc-windows-msvc\lib\rustlib\thumbv8m.main-none-eabihf\lib\libcore-f0c306036ef78580.rlib(core-f0c306036ef78580.core.201a00b13d263923-cgu.0.rcgu.o):(.text.unlikely._ZN4core5slice5index24slice_end_index_len_fail17h5d6162c58a345c2eE)
 8007c90  8007c90        0     1                 $t
 8007c91  8007c91       3e     1                 core::slice::index::slice_end_index_len_fail::h5d6162c58a345c2e
 8007cce  8007cce       3e     2         C:\Users\WilliamSpinelli\.rustup\toolchains\nightly-2024-10-13-x86_64-pc-windows-msvc\lib\rustlib\thumbv8m.main-none-eabihf\lib\libcore-f0c306036ef78580.rlib(core-f0c306036ef78580.core.201a00b13d263923-cgu.0.rcgu.o):(.text.unlikely._ZN4core5slice5index22slice_index_order_fail17h67a6f0461eba09b1E)
 8007cce  8007cce        0     1                 $t
 8007ccf  8007ccf       3e     1                 core::slice::index::slice_index_order_fail::h67a6f0461eba09b1
 8007d0c  8007d0c      4d0     2         C:\Users\WilliamSpinelli\.rustup\toolchains\nightly-2024-10-13-x86_64-pc-windows-msvc\lib\rustlib\thumbv8m.main-none-eabihf\lib\libcore-f0c306036ef78580.rlib(core-f0c306036ef78580.core.201a00b13d263923-cgu.0.rcgu.o):(.text._ZN4core3str5count14do_count_chars17heb6aa505f79b53fdE)
 8007d0c  8007d0c        0     1                 $t
 8007d0d  8007d0d      4d0     1                 core::str::count::do_count_chars::heb6aa505f79b53fd
 80081dc  80081dc       26     2         C:\Users\WilliamSpinelli\.rustup\toolchains\nightly-2024-10-13-x86_64-pc-windows-msvc\lib\rustlib\thumbv8m.main-none-eabihf\lib\libcore-f0c306036ef78580.rlib(core-f0c306036ef78580.core.201a00b13d263923-cgu.0.rcgu.o):(.text.unlikely._ZN4core9panicking11panic_const28panic_const_async_fn_resumed17hb5215f4dfe0d3736E)
 80081dc  80081dc        0     1                 $t
 80081dd  80081dd       26     1                 core::panicking::panic_const::panic_const_async_fn_resumed::hb5215f4dfe0d3736
 8008202  8008202       c6     2         C:\Users\WilliamSpinelli\.rustup\toolchains\nightly-2024-10-13-x86_64-pc-windows-msvc\lib\rustlib\thumbv8m.main-none-eabihf\lib\libcore-f0c306036ef78580.rlib(core-f0c306036ef78580.core.201a00b13d263923-cgu.0.rcgu.o):(.text._ZN4core3fmt3num53_$LT$impl$u20$core..fmt..LowerHex$u20$for$u20$i32$GT$3fmt17h7a093860da5a7d6cE)
 8008202  8008202        0     1                 $t
 8008203  8008203       c6     1                 core::fmt::num::_$LT$impl$u20$core..fmt..LowerHex$u20$for$u20$i32$GT$::fmt::h7a093860da5a7d6c
 8008203  8008203       c6     1                 core::fmt::num::_$LT$impl$u20$core..fmt..LowerHex$u20$for$u20$usize$GT$::fmt::h750c595c77de1c05
 8008203  8008203       c6     1                 core::fmt::num::_$LT$impl$u20$core..fmt..LowerHex$u20$for$u20$isize$GT$::fmt::he43455b92ffdfa7b
 8008203  8008203       c6     1                 core::fmt::num::_$LT$impl$u20$core..fmt..LowerHex$u20$for$u20$u32$GT$::fmt::hb9cf50b02dce8dfc
 80082c8  80082c8       c6     2         C:\Users\WilliamSpinelli\.rustup\toolchains\nightly-2024-10-13-x86_64-pc-windows-msvc\lib\rustlib\thumbv8m.main-none-eabihf\lib\libcore-f0c306036ef78580.rlib(core-f0c306036ef78580.core.201a00b13d263923-cgu.0.rcgu.o):(.text._ZN4core3fmt3num53_$LT$impl$u20$core..fmt..UpperHex$u20$for$u20$i32$GT$3fmt17he5bddcaf62444910E)
 80082c8  80082c8        0     1                 $t
 80082c9  80082c9       c6     1                 core::fmt::num::_$LT$impl$u20$core..fmt..UpperHex$u20$for$u20$i32$GT$::fmt::he5bddcaf62444910
 80082c9  80082c9       c6     1                 core::fmt::num::_$LT$impl$u20$core..fmt..UpperHex$u20$for$u20$usize$GT$::fmt::h8ee3091f1fea9de7
 80082c9  80082c9       c6     1                 core::fmt::num::_$LT$impl$u20$core..fmt..UpperHex$u20$for$u20$isize$GT$::fmt::h5f4a1e3c205e67a0
 80082c9  80082c9       c6     1                 core::fmt::num::_$LT$impl$u20$core..fmt..UpperHex$u20$for$u20$u32$GT$::fmt::h9aca0529ede9c93b
 800838e  800838e       ee     2         C:\Users\WilliamSpinelli\.rustup\toolchains\nightly-2024-10-13-x86_64-pc-windows-msvc\lib\rustlib\thumbv8m.main-none-eabihf\lib\libcore-f0c306036ef78580.rlib(core-f0c306036ef78580.core.201a00b13d263923-cgu.0.rcgu.o):(.text._ZN4core3fmt3num3imp52_$LT$impl$u20$core..fmt..Display$u20$for$u20$u32$GT$3fmt17h99cf9375c20dbdb6E)
 800838e  800838e        0     1                 $t
 800838f  800838f       ee     1                 core::fmt::num::imp::_$LT$impl$u20$core..fmt..Display$u20$for$u20$u32$GT$::fmt::h99cf9375c20dbdb6
 800838f  800838f       ee     1                 core::fmt::num::imp::_$LT$impl$u20$core..fmt..Display$u20$for$u20$usize$GT$::fmt::h00c8443433104b60
 800847c  800847c        8     2         C:\Users\WilliamSpinelli\.rustup\toolchains\nightly-2024-10-13-x86_64-pc-windows-msvc\lib\rustlib\thumbv8m.main-none-eabihf\lib\libcore-f0c306036ef78580.rlib(core-f0c306036ef78580.core.201a00b13d263923-cgu.0.rcgu.o):(.text._ZN42_$LT$$RF$T$u20$as$u20$core..fmt..Debug$GT$3fmt17h93c81afd0e914239E)
 800847c  800847c        0     1                 $t
 800847d  800847d        8     1                 _$LT$$RF$T$u20$as$u20$core..fmt..Debug$GT$::fmt::h93c81afd0e914239
 8008484  8008484        c     2         C:\Users\WilliamSpinelli\.rustup\toolchains\nightly-2024-10-13-x86_64-pc-windows-msvc\lib\rustlib\thumbv8m.main-none-eabihf\lib\libcore-f0c306036ef78580.rlib(core-f0c306036ef78580.core.201a00b13d263923-cgu.0.rcgu.o):(.text._ZN44_$LT$$RF$T$u20$as$u20$core..fmt..Display$GT$3fmt17h55b2f5a634080406E)
 8008484  8008484        0     1                 $t
 8008485  8008485        c     1                 _$LT$$RF$T$u20$as$u20$core..fmt..Display$GT$::fmt::h55b2f5a634080406
 8008490  8008490       92     2         C:\Users\WilliamSpinelli\.rustup\toolchains\nightly-2024-10-13-x86_64-pc-windows-msvc\lib\rustlib\thumbv8m.main-none-eabihf\lib\libcompiler_builtins-788898541b60bffa.rlib(compiler_builtins-788898541b60bffa.compiler_builtins.7850f3bf58c73c71-cgu.134.rcgu.o):(.text.__aeabi_memclr)
 8008490  8008490        0     1                 $t
 8008491  8008491       92     1                 __aeabi_memclr
 8008522  8008522       a4     2         C:\Users\WilliamSpinelli\.rustup\toolchains\nightly-2024-10-13-x86_64-pc-windows-msvc\lib\rustlib\thumbv8m.main-none-eabihf\lib\libcompiler_builtins-788898541b60bffa.rlib(compiler_builtins-788898541b60bffa.compiler_builtins.7850f3bf58c73c71-cgu.157.rcgu.o):(.text.__aeabi_memcpy4)
 8008522  8008522        0     1                 $t
 8008523  8008523       a4     1                 __aeabi_memcpy4
 80085c6  80085c6      148     2         C:\Users\WilliamSpinelli\.rustup\toolchains\nightly-2024-10-13-x86_64-pc-windows-msvc\lib\rustlib\thumbv8m.main-none-eabihf\lib\libcompiler_builtins-788898541b60bffa.rlib(compiler_builtins-788898541b60bffa.compiler_builtins.7850f3bf58c73c71-cgu.010.rcgu.o):(.text._ZN17compiler_builtins3mem6memcpy17h6f744dff1d9c016cE)
 80085c6  80085c6        0     1                 $t
 80085c7  80085c7      148     1                 compiler_builtins::mem::memcpy::h6f744dff1d9c016c
 800870e  800870e        4     2         C:\Users\WilliamSpinelli\.rustup\toolchains\nightly-2024-10-13-x86_64-pc-windows-msvc\lib\rustlib\thumbv8m.main-none-eabihf\lib\libcompiler_builtins-788898541b60bffa.rlib(compiler_builtins-788898541b60bffa.compiler_builtins.7850f3bf58c73c71-cgu.189.rcgu.o):(.text.__aeabi_memcpy)
 800870e  800870e        0     1                 $t
 800870f  800870f        4     1                 __aeabi_memcpy
 8008712  8008712       a4     2         C:\Users\WilliamSpinelli\.rustup\toolchains\nightly-2024-10-13-x86_64-pc-windows-msvc\lib\rustlib\thumbv8m.main-none-eabihf\lib\libcompiler_builtins-788898541b60bffa.rlib(compiler_builtins-788898541b60bffa.compiler_builtins.7850f3bf58c73c71-cgu.201.rcgu.o):(.text.__aeabi_memclr8)
 8008712  8008712        0     1                 $t
 8008713  8008713       a4     1                 __aeabi_memclr8
 80087b6  80087b6       18     1         C:\projects\contributions\embassy\examples\stm32u5\target\thumbv8m.main-none-eabihf\release\deps\libcortex_m_rt-12da0f7f83f8655c.rlib(cortex_m_rt-12da0f7f83f8655c.cortex_m_rt.9af0fdcc373a2615-cgu.0.rcgu.o):(.HardFaultTrampoline)
 80087b6  80087b6        0     1                 $t
 80087b7  80087b7       18     1                 HardFaultTrampoline
 80087ce  80087ce        2     2         C:\projects\contributions\embassy\examples\stm32u5\target\thumbv8m.main-none-eabihf\release\deps\libcortex_m_rt-12da0f7f83f8655c.rlib(cortex_m_rt-12da0f7f83f8655c.cortex_m_rt.9af0fdcc373a2615-cgu.0.rcgu.o):(.HardFault.default)
 80087ce  80087ce        0     1                 $t
 80087cf  80087cf        2     1                 HardFault_
 80087d0  80087d0        0     1         . = ALIGN ( 4 )
 80087d0  80087d0        0     1         __etext = .
 80087d0  80087d0      b54     4 .rodata
 80087d0  80087d0        0     1         . = ALIGN ( 4 )
 80087d0  80087d0        0     1         __srodata = .
 80087d0  80087d0        5     1         C:\projects\contributions\embassy\examples\stm32u5\target\thumbv8m.main-none-eabihf\release\deps\hspi_memory_mapped-e768eefdf1e95a3c.hspi_memory_mapped.a6c91d3a9f8ce307-cgu.0.rcgu.o:(.rodata..Lanon.9fbbb295b64341adc58cb3a635d5d9d6.0)
 80087d0  80087d0        5     1                 .Lanon.9fbbb295b64341adc58cb3a635d5d9d6.0
 80087d8  80087d8       18     4         C:\projects\contributions\embassy\examples\stm32u5\target\thumbv8m.main-none-eabihf\release\deps\hspi_memory_mapped-e768eefdf1e95a3c.hspi_memory_mapped.a6c91d3a9f8ce307-cgu.0.rcgu.o:(.rodata..Lswitch.table._ZN13embassy_stm324hspi45Hspi$LT$T$C$embassy_stm32..mode..Blocking$GT$20new_blocking_octospi17hab3f9b3eb89f26dbE)
 80087d8  80087d8       18     1                 .Lswitch.table._ZN13embassy_stm324hspi45Hspi$LT$T$C$embassy_stm32..mode..Blocking$GT$20new_blocking_octospi17hab3f9b3eb89f26dbE
 80087f0  80087f0       14     4         C:\projects\contributions\embassy\examples\stm32u5\target\thumbv8m.main-none-eabihf\release\deps\hspi_memory_mapped-e768eefdf1e95a3c.hspi_memory_mapped.a6c91d3a9f8ce307-cgu.0.rcgu.o:(.rodata..Lswitch.table._ZN13embassy_stm324hspi45Hspi$LT$T$C$embassy_stm32..mode..Blocking$GT$20new_blocking_octospi17hab3f9b3eb89f26dbE.1)
 80087f0  80087f0       14     1                 .Lswitch.table._ZN13embassy_stm324hspi45Hspi$LT$T$C$embassy_stm32..mode..Blocking$GT$20new_blocking_octospi17hab3f9b3eb89f26dbE.1
 8008804  8008804       3f     1         C:\projects\contributions\embassy\examples\stm32u5\target\thumbv8m.main-none-eabihf\release\deps\hspi_memory_mapped-e768eefdf1e95a3c.hspi_memory_mapped.a6c91d3a9f8ce307-cgu.1.rcgu.o:(.rodata..Lanon.a06925a351ce8de0c4292ee50a8167cc.0)
 8008844  8008844       10     4         C:\projects\contributions\embassy\examples\stm32u5\target\thumbv8m.main-none-eabihf\release\deps\hspi_memory_mapped-e768eefdf1e95a3c.hspi_memory_mapped.a6c91d3a9f8ce307-cgu.1.rcgu.o:(.rodata..Lanon.a06925a351ce8de0c4292ee50a8167cc.1)
 8008844  8008844       10     1                 .Lanon.a06925a351ce8de0c4292ee50a8167cc.1
 8008854  8008854       10     4         C:\projects\contributions\embassy\examples\stm32u5\target\thumbv8m.main-none-eabihf\release\deps\hspi_memory_mapped-e768eefdf1e95a3c.hspi_memory_mapped.a6c91d3a9f8ce307-cgu.1.rcgu.o:(.rodata..Lanon.a06925a351ce8de0c4292ee50a8167cc.2)
 8008854  8008854       10     1                 .Lanon.a06925a351ce8de0c4292ee50a8167cc.2
 8008864  8008864       2b     1         C:\projects\contributions\embassy\examples\stm32u5\target\thumbv8m.main-none-eabihf\release\deps\hspi_memory_mapped-e768eefdf1e95a3c.hspi_memory_mapped.a6c91d3a9f8ce307-cgu.1.rcgu.o:(.rodata..Lanon.a06925a351ce8de0c4292ee50a8167cc.3)
 8008864  8008864       2b     1                 .Lanon.a06925a351ce8de0c4292ee50a8167cc.3
 8008890  8008890       10     4         C:\projects\contributions\embassy\examples\stm32u5\target\thumbv8m.main-none-eabihf\release\deps\hspi_memory_mapped-e768eefdf1e95a3c.hspi_memory_mapped.a6c91d3a9f8ce307-cgu.1.rcgu.o:(.rodata..Lanon.a06925a351ce8de0c4292ee50a8167cc.4)
 80088a0  80088a0       14     1         C:\projects\contributions\embassy\examples\stm32u5\target\thumbv8m.main-none-eabihf\release\deps\hspi_memory_mapped-e768eefdf1e95a3c.hspi_memory_mapped.a6c91d3a9f8ce307-cgu.1.rcgu.o:(.rodata..Lanon.a06925a351ce8de0c4292ee50a8167cc.5)
 80088b4  80088b4        e     1         C:\projects\contributions\embassy\examples\stm32u5\target\thumbv8m.main-none-eabihf\release\deps\hspi_memory_mapped-e768eefdf1e95a3c.hspi_memory_mapped.a6c91d3a9f8ce307-cgu.1.rcgu.o:(.rodata..Lanon.a06925a351ce8de0c4292ee50a8167cc.6)
 80088c2  80088c2        b     1         C:\projects\contributions\embassy\examples\stm32u5\target\thumbv8m.main-none-eabihf\release\deps\hspi_memory_mapped-e768eefdf1e95a3c.hspi_memory_mapped.a6c91d3a9f8ce307-cgu.1.rcgu.o:(.rodata..Lanon.a06925a351ce8de0c4292ee50a8167cc.7)
 80088cd  80088cd       1d     1         C:\projects\contributions\embassy\examples\stm32u5\target\thumbv8m.main-none-eabihf\release\deps\hspi_memory_mapped-e768eefdf1e95a3c.hspi_memory_mapped.a6c91d3a9f8ce307-cgu.1.rcgu.o:(.rodata..Lanon.a06925a351ce8de0c4292ee50a8167cc.8)
 80088ec  80088ec       10     4         C:\projects\contributions\embassy\examples\stm32u5\target\thumbv8m.main-none-eabihf\release\deps\hspi_memory_mapped-e768eefdf1e95a3c.hspi_memory_mapped.a6c91d3a9f8ce307-cgu.1.rcgu.o:(.rodata..Lanon.a06925a351ce8de0c4292ee50a8167cc.9)
 80088ec  80088ec       10     1                 .Lanon.a06925a351ce8de0c4292ee50a8167cc.9
 80088fc  80088fc       10     4         C:\projects\contributions\embassy\examples\stm32u5\target\thumbv8m.main-none-eabihf\release\deps\hspi_memory_mapped-e768eefdf1e95a3c.hspi_memory_mapped.a6c91d3a9f8ce307-cgu.1.rcgu.o:(.rodata..Lanon.a06925a351ce8de0c4292ee50a8167cc.10)
 80088fc  80088fc       10     1                 .Lanon.a06925a351ce8de0c4292ee50a8167cc.10
 800890c  800890c       10     4         C:\projects\contributions\embassy\examples\stm32u5\target\thumbv8m.main-none-eabihf\release\deps\hspi_memory_mapped-e768eefdf1e95a3c.hspi_memory_mapped.a6c91d3a9f8ce307-cgu.1.rcgu.o:(.rodata..Lanon.a06925a351ce8de0c4292ee50a8167cc.11)
 800890c  800890c       10     1                 .Lanon.a06925a351ce8de0c4292ee50a8167cc.11
 800891c  800891c       10     4         C:\projects\contributions\embassy\examples\stm32u5\target\thumbv8m.main-none-eabihf\release\deps\hspi_memory_mapped-e768eefdf1e95a3c.hspi_memory_mapped.a6c91d3a9f8ce307-cgu.1.rcgu.o:(.rodata..Lanon.a06925a351ce8de0c4292ee50a8167cc.12)
 800891c  800891c       10     1                 .Lanon.a06925a351ce8de0c4292ee50a8167cc.12
 800892c  800892c       10     4         C:\projects\contributions\embassy\examples\stm32u5\target\thumbv8m.main-none-eabihf\release\deps\hspi_memory_mapped-e768eefdf1e95a3c.hspi_memory_mapped.a6c91d3a9f8ce307-cgu.1.rcgu.o:(.rodata..Lanon.a06925a351ce8de0c4292ee50a8167cc.13)
 800892c  800892c       10     1                 .Lanon.a06925a351ce8de0c4292ee50a8167cc.13
 800893c  800893c       10     4         C:\projects\contributions\embassy\examples\stm32u5\target\thumbv8m.main-none-eabihf\release\deps\hspi_memory_mapped-e768eefdf1e95a3c.hspi_memory_mapped.a6c91d3a9f8ce307-cgu.1.rcgu.o:(.rodata..Lanon.a06925a351ce8de0c4292ee50a8167cc.14)
 800893c  800893c       10     1                 .Lanon.a06925a351ce8de0c4292ee50a8167cc.14
 800894c  800894c       10     4         C:\projects\contributions\embassy\examples\stm32u5\target\thumbv8m.main-none-eabihf\release\deps\hspi_memory_mapped-e768eefdf1e95a3c.hspi_memory_mapped.a6c91d3a9f8ce307-cgu.1.rcgu.o:(.rodata..Lanon.a06925a351ce8de0c4292ee50a8167cc.15)
 800894c  800894c       10     1                 .Lanon.a06925a351ce8de0c4292ee50a8167cc.15
 800895c  800895c       10     4         C:\projects\contributions\embassy\examples\stm32u5\target\thumbv8m.main-none-eabihf\release\deps\hspi_memory_mapped-e768eefdf1e95a3c.hspi_memory_mapped.a6c91d3a9f8ce307-cgu.1.rcgu.o:(.rodata..Lanon.a06925a351ce8de0c4292ee50a8167cc.16)
 800895c  800895c       10     1                 .Lanon.a06925a351ce8de0c4292ee50a8167cc.16
 800896c  800896c       10     4         C:\projects\contributions\embassy\examples\stm32u5\target\thumbv8m.main-none-eabihf\release\deps\hspi_memory_mapped-e768eefdf1e95a3c.hspi_memory_mapped.a6c91d3a9f8ce307-cgu.1.rcgu.o:(.rodata..Lanon.a06925a351ce8de0c4292ee50a8167cc.17)
 800896c  800896c       10     1                 .Lanon.a06925a351ce8de0c4292ee50a8167cc.17
 800897c  800897c       10     4         C:\projects\contributions\embassy\examples\stm32u5\target\thumbv8m.main-none-eabihf\release\deps\hspi_memory_mapped-e768eefdf1e95a3c.hspi_memory_mapped.a6c91d3a9f8ce307-cgu.1.rcgu.o:(.rodata..Lanon.a06925a351ce8de0c4292ee50a8167cc.18)
 800897c  800897c       10     1                 .Lanon.a06925a351ce8de0c4292ee50a8167cc.18
 800898c  800898c       10     4         C:\projects\contributions\embassy\examples\stm32u5\target\thumbv8m.main-none-eabihf\release\deps\hspi_memory_mapped-e768eefdf1e95a3c.hspi_memory_mapped.a6c91d3a9f8ce307-cgu.1.rcgu.o:(.rodata..Lanon.a06925a351ce8de0c4292ee50a8167cc.19)
 800898c  800898c       10     1                 .Lanon.a06925a351ce8de0c4292ee50a8167cc.19
 800899c  800899c       10     4         C:\projects\contributions\embassy\examples\stm32u5\target\thumbv8m.main-none-eabihf\release\deps\hspi_memory_mapped-e768eefdf1e95a3c.hspi_memory_mapped.a6c91d3a9f8ce307-cgu.1.rcgu.o:(.rodata..Lanon.a06925a351ce8de0c4292ee50a8167cc.20)
 800899c  800899c       10     1                 .Lanon.a06925a351ce8de0c4292ee50a8167cc.20
 80089ac  80089ac       10     4         C:\projects\contributions\embassy\examples\stm32u5\target\thumbv8m.main-none-eabihf\release\deps\hspi_memory_mapped-e768eefdf1e95a3c.hspi_memory_mapped.a6c91d3a9f8ce307-cgu.1.rcgu.o:(.rodata..Lanon.a06925a351ce8de0c4292ee50a8167cc.21)
 80089ac  80089ac       10     1                 .Lanon.a06925a351ce8de0c4292ee50a8167cc.21
 80089bc  80089bc       10     4         C:\projects\contributions\embassy\examples\stm32u5\target\thumbv8m.main-none-eabihf\release\deps\hspi_memory_mapped-e768eefdf1e95a3c.hspi_memory_mapped.a6c91d3a9f8ce307-cgu.1.rcgu.o:(.rodata..Lanon.a06925a351ce8de0c4292ee50a8167cc.22)
 80089bc  80089bc       10     1                 .Lanon.a06925a351ce8de0c4292ee50a8167cc.22
 80089cc  80089cc       10     4         C:\projects\contributions\embassy\examples\stm32u5\target\thumbv8m.main-none-eabihf\release\deps\hspi_memory_mapped-e768eefdf1e95a3c.hspi_memory_mapped.a6c91d3a9f8ce307-cgu.1.rcgu.o:(.rodata..Lanon.a06925a351ce8de0c4292ee50a8167cc.23)
 80089cc  80089cc       10     1                 .Lanon.a06925a351ce8de0c4292ee50a8167cc.23
 80089dc  80089dc       3d     1         C:\projects\contributions\embassy\examples\stm32u5\target\thumbv8m.main-none-eabihf\release\deps\hspi_memory_mapped-e768eefdf1e95a3c.hspi_memory_mapped.a6c91d3a9f8ce307-cgu.1.rcgu.o:(.rodata..Lanon.a06925a351ce8de0c4292ee50a8167cc.24)
 8008a19  8008a19        9     1         C:\projects\contributions\embassy\examples\stm32u5\target\thumbv8m.main-none-eabihf\release\deps\hspi_memory_mapped-e768eefdf1e95a3c.hspi_memory_mapped.a6c91d3a9f8ce307-cgu.1.rcgu.o:(.rodata..Lanon.a06925a351ce8de0c4292ee50a8167cc.25)
 8008a24  8008a24       10     4         C:\projects\contributions\embassy\examples\stm32u5\target\thumbv8m.main-none-eabihf\release\deps\hspi_memory_mapped-e768eefdf1e95a3c.hspi_memory_mapped.a6c91d3a9f8ce307-cgu.1.rcgu.o:(.rodata..Lanon.a06925a351ce8de0c4292ee50a8167cc.26)
 8008a24  8008a24       10     1                 .Lanon.a06925a351ce8de0c4292ee50a8167cc.26
 8008a34  8008a34       10     4         C:\projects\contributions\embassy\examples\stm32u5\target\thumbv8m.main-none-eabihf\release\deps\hspi_memory_mapped-e768eefdf1e95a3c.hspi_memory_mapped.a6c91d3a9f8ce307-cgu.1.rcgu.o:(.rodata..Lanon.a06925a351ce8de0c4292ee50a8167cc.27)
 8008a34  8008a34       10     1                 .Lanon.a06925a351ce8de0c4292ee50a8167cc.27
[...]
    92f0     92f0       34     4         C:\Users\WilliamSpinelli\.rustup\toolchains\nightly-2024-10-13-x86_64-pc-windows-msvc\lib\rustlib\thumbv8m.main-none-eabihf\lib\libcompiler_builtins-788898541b60bffa.rlib(compiler_builtins-788898541b60bffa.compiler_builtins.7850f3bf58c73c71-cgu.227.rcgu.o):(.debug_frame)
    9324     9324       30     4         C:\Users\WilliamSpinelli\.rustup\toolchains\nightly-2024-10-13-x86_64-pc-windows-msvc\lib\rustlib\thumbv8m.main-none-eabihf\lib\libcompiler_builtins-788898541b60bffa.rlib(compiler_builtins-788898541b60bffa.compiler_builtins.7850f3bf58c73c71-cgu.252.rcgu.o):(.debug_frame)
    9354     9354       30     4         C:\Users\WilliamSpinelli\.rustup\toolchains\nightly-2024-10-13-x86_64-pc-windows-msvc\lib\rustlib\thumbv8m.main-none-eabihf\lib\libcompiler_builtins-788898541b60bffa.rlib(compiler_builtins-788898541b60bffa.compiler_builtins.7850f3bf58c73c71-cgu.306.rcgu.o):(.debug_frame)
    9384     9384       38     4         C:\Users\WilliamSpinelli\.rustup\toolchains\nightly-2024-10-13-x86_64-pc-windows-msvc\lib\rustlib\thumbv8m.main-none-eabihf\lib\libcompiler_builtins-788898541b60bffa.rlib(compiler_builtins-788898541b60bffa.compiler_builtins.7850f3bf58c73c71-cgu.322.rcgu.o):(.debug_frame)
    93bc     93bc       30     4         C:\Users\WilliamSpinelli\.rustup\toolchains\nightly-2024-10-13-x86_64-pc-windows-msvc\lib\rustlib\thumbv8m.main-none-eabihf\lib\libcompiler_builtins-788898541b60bffa.rlib(compiler_builtins-788898541b60bffa.compiler_builtins.7850f3bf58c73c71-cgu.335.rcgu.o):(.debug_frame)
    93ec     93ec       90     4         C:\Users\WilliamSpinelli\.rustup\toolchains\nightly-2024-10-13-x86_64-pc-windows-msvc\lib\rustlib\thumbv8m.main-none-eabihf\lib\libcompiler_builtins-788898541b60bffa.rlib(compiler_builtins-788898541b60bffa.compiler_builtins.7850f3bf58c73c71-cgu.001.rcgu.o):(.debug_frame)
    947c     947c       34     4         C:\Users\WilliamSpinelli\.rustup\toolchains\nightly-2024-10-13-x86_64-pc-windows-msvc\lib\rustlib\thumbv8m.main-none-eabihf\lib\libcompiler_builtins-788898541b60bffa.rlib(compiler_builtins-788898541b60bffa.compiler_builtins.7850f3bf58c73c71-cgu.343.rcgu.o):(.debug_frame)
    94b0     94b0       24     4         C:\Users\WilliamSpinelli\.rustup\toolchains\nightly-2024-10-13-x86_64-pc-windows-msvc\lib\rustlib\thumbv8m.main-none-eabihf\lib\libcompiler_builtins-788898541b60bffa.rlib(compiler_builtins-788898541b60bffa.compiler_builtins.7850f3bf58c73c71-cgu.353.rcgu.o):(.debug_frame)
    94d4     94d4       30     4         C:\Users\WilliamSpinelli\.rustup\toolchains\nightly-2024-10-13-x86_64-pc-windows-msvc\lib\rustlib\thumbv8m.main-none-eabihf\lib\libcompiler_builtins-788898541b60bffa.rlib(compiler_builtins-788898541b60bffa.compiler_builtins.7850f3bf58c73c71-cgu.324.rcgu.o):(.debug_frame)
    9504     9504       64     4         C:\Users\WilliamSpinelli\.rustup\toolchains\nightly-2024-10-13-x86_64-pc-windows-msvc\lib\rustlib\thumbv8m.main-none-eabihf\lib\libcompiler_builtins-788898541b60bffa.rlib(compiler_builtins-788898541b60bffa.compiler_builtins.7850f3bf58c73c71-cgu.008.rcgu.o):(.debug_frame)
       0        0    51dd7     1 .debug_line
       0        0     1084     1         C:\projects\contributions\embassy\examples\stm32u5\target\thumbv8m.main-none-eabihf\release\deps\hspi_memory_mapped-e768eefdf1e95a3c.hspi_memory_mapped.a6c91d3a9f8ce307-cgu.0.rcgu.o:(.debug_line)
    1084     1084     4012     1         C:\projects\contributions\embassy\examples\stm32u5\target\thumbv8m.main-none-eabihf\release\deps\hspi_memory_mapped-e768eefdf1e95a3c.hspi_memory_mapped.a6c91d3a9f8ce307-cgu.1.rcgu.o:(.debug_line)
    5096     5096      494     1         C:\projects\contributions\embassy\examples\stm32u5\target\thumbv8m.main-none-eabihf\release\deps\libpanic_probe-f09ae00d2b2f7319.rlib(panic_probe-f09ae00d2b2f7319.panic_probe.b41ef4e3c89302ac-cgu.0.rcgu.o):(.debug_line)
    552a     552a      c35     1         C:\projects\contributions\embassy\examples\stm32u5\target\thumbv8m.main-none-eabihf\release\deps\libdefmt_rtt-049cb879375b2510.rlib(defmt_rtt-049cb879375b2510.defmt_rtt.6d3d73dc5a6b6dc0-cgu.0.rcgu.o):(.debug_line)
    615f     615f     3da1     1         C:\projects\contributions\embassy\examples\stm32u5\target\thumbv8m.main-none-eabihf\release\deps\libembassy_stm32-c4ede1c142b55d62.rlib(embassy_stm32-c4ede1c142b55d62.embassy_stm32.52b24915d1ceb477-cgu.00.rcgu.o):(.debug_line)
    9f00     9f00     6a90     1         C:\projects\contributions\embassy\examples\stm32u5\target\thumbv8m.main-none-eabihf\release\deps\libembassy_stm32-c4ede1c142b55d62.rlib(embassy_stm32-c4ede1c142b55d62.embassy_stm32.52b24915d1ceb477-cgu.01.rcgu.o):(.debug_line)
   10990    10990     15ad     1         C:\projects\contributions\embassy\examples\stm32u5\target\thumbv8m.main-none-eabihf\release\deps\libembassy_stm32-c4ede1c142b55d62.rlib(embassy_stm32-c4ede1c142b55d62.embassy_stm32.52b24915d1ceb477-cgu.02.rcgu.o):(.debug_line)
   11f3d    11f3d     1c35     1         C:\projects\contributions\embassy\examples\stm32u5\target\thumbv8m.main-none-eabihf\release\deps\libembassy_stm32-c4ede1c142b55d62.rlib(embassy_stm32-c4ede1c142b55d62.embassy_stm32.52b24915d1ceb477-cgu.03.rcgu.o):(.debug_line)
   13b72    13b72     1ed0     1         C:\projects\contributions\embassy\examples\stm32u5\target\thumbv8m.main-none-eabihf\release\deps\libembassy_stm32-c4ede1c142b55d62.rlib(embassy_stm32-c4ede1c142b55d62.embassy_stm32.52b24915d1ceb477-cgu.04.rcgu.o):(.debug_line)
   15a42    15a42      c63     1         C:\projects\contributions\embassy\examples\stm32u5\target\thumbv8m.main-none-eabihf\release\deps\libembassy_stm32-c4ede1c142b55d62.rlib(embassy_stm32-c4ede1c142b55d62.embassy_stm32.52b24915d1ceb477-cgu.05.rcgu.o):(.debug_line)
   166a5    166a5     1a2f     1         C:\projects\contributions\embassy\examples\stm32u5\target\thumbv8m.main-none-eabihf\release\deps\libembassy_stm32-c4ede1c142b55d62.rlib(embassy_stm32-c4ede1c142b55d62.embassy_stm32.52b24915d1ceb477-cgu.06.rcgu.o):(.debug_line)
   180d4    180d4     33f2     1         C:\projects\contributions\embassy\examples\stm32u5\target\thumbv8m.main-none-eabihf\release\deps\libembassy_stm32-c4ede1c142b55d62.rlib(embassy_stm32-c4ede1c142b55d62.embassy_stm32.52b24915d1ceb477-cgu.07.rcgu.o):(.debug_line)
   1b4c6    1b4c6     1904     1         C:\projects\contributions\embassy\examples\stm32u5\target\thumbv8m.main-none-eabihf\release\deps\libembassy_stm32-c4ede1c142b55d62.rlib(embassy_stm32-c4ede1c142b55d62.embassy_stm32.52b24915d1ceb477-cgu.08.rcgu.o):(.debug_line)
   1cdca    1cdca     24bb     1         C:\projects\contributions\embassy\examples\stm32u5\target\thumbv8m.main-none-eabihf\release\deps\libembassy_stm32-c4ede1c142b55d62.rlib(embassy_stm32-c4ede1c142b55d62.embassy_stm32.52b24915d1ceb477-cgu.09.rcgu.o):(.debug_line)
   1f285    1f285     19f4     1         C:\projects\contributions\embassy\examples\stm32u5\target\thumbv8m.main-none-eabihf\release\deps\libembassy_stm32-c4ede1c142b55d62.rlib(embassy_stm32-c4ede1c142b55d62.embassy_stm32.52b24915d1ceb477-cgu.10.rcgu.o):(.debug_line)
   20c79    20c79     1329     1         C:\projects\contributions\embassy\examples\stm32u5\target\thumbv8m.main-none-eabihf\release\deps\libembassy_stm32-c4ede1c142b55d62.rlib(embassy_stm32-c4ede1c142b55d62.embassy_stm32.52b24915d1ceb477-cgu.11.rcgu.o):(.debug_line)
   21fa2    21fa2     179f     1         C:\projects\contributions\embassy\examples\stm32u5\target\thumbv8m.main-none-eabihf\release\deps\libembassy_stm32-c4ede1c142b55d62.rlib(embassy_stm32-c4ede1c142b55d62.embassy_stm32.52b24915d1ceb477-cgu.12.rcgu.o):(.debug_line)
   23741    23741     157e     1         C:\projects\contributions\embassy\examples\stm32u5\target\thumbv8m.main-none-eabihf\release\deps\libembassy_stm32-c4ede1c142b55d62.rlib(embassy_stm32-c4ede1c142b55d62.embassy_stm32.52b24915d1ceb477-cgu.13.rcgu.o):(.debug_line)
   24cbf    24cbf     2460     1         C:\projects\contributions\embassy\examples\stm32u5\target\thumbv8m.main-none-eabihf\release\deps\libembassy_stm32-c4ede1c142b55d62.rlib(embassy_stm32-c4ede1c142b55d62.embassy_stm32.52b24915d1ceb477-cgu.14.rcgu.o):(.debug_line)
   2711f    2711f     25b3     1         C:\projects\contributions\embassy\examples\stm32u5\target\thumbv8m.main-none-eabihf\release\deps\libembassy_stm32-c4ede1c142b55d62.rlib(embassy_stm32-c4ede1c142b55d62.embassy_stm32.52b24915d1ceb477-cgu.15.rcgu.o):(.debug_line)
   296d2    296d2      a09     1         C:\projects\contributions\embassy\examples\stm32u5\target\thumbv8m.main-none-eabihf\release\deps\libembassy_usb_synopsys_otg-3e645741396aff43.rlib(embassy_usb_synopsys_otg-3e645741396aff43.embassy_usb_synopsys_otg.46756723c362a0d9-cgu.0.rcgu.o):(.debug_line)
   2a0db    2a0db      2ed     1         C:\projects\contributions\embassy\examples\stm32u5\target\thumbv8m.main-none-eabihf\release\deps\libembassy_usb_driver-49c871405c4a44af.rlib(embassy_usb_driver-49c871405c4a44af.embassy_usb_driver.e87473d40cdd3698-cgu.0.rcgu.o):(.debug_line)
   2a3c8    2a3c8      238     1         C:\projects\contributions\embassy\examples\stm32u5\target\thumbv8m.main-none-eabihf\release\deps\libembassy_embedded_hal-8ebd2dbdeb765014.rlib(embassy_embedded_hal-8ebd2dbdeb765014.embassy_embedded_hal.f0b90f47b5f27b02-cgu.0.rcgu.o):(.debug_line)
   2a600    2a600     1360     1         C:\projects\contributions\embassy\examples\stm32u5\target\thumbv8m.main-none-eabihf\release\deps\libembassy_time-0cb908e5896376ca.rlib(embassy_time-0cb908e5896376ca.embassy_time.592797b8ccede7b1-cgu.0.rcgu.o):(.debug_line)
   2b960    2b960       3e     1         C:\projects\contributions\embassy\examples\stm32u5\target\thumbv8m.main-none-eabihf\release\deps\libstm32_metapac-43bcb7a497f38db8.rlib(stm32_metapac-43bcb7a497f38db8.stm32_metapac.f1d681a5e4127e88-cgu.0.rcgu.o):(.debug_line)
   2b99e    2b99e      25f     1         C:\projects\contributions\embassy\examples\stm32u5\target\thumbv8m.main-none-eabihf\release\deps\libcortex_m_rt-12da0f7f83f8655c.rlib(cortex_m_rt-12da0f7f83f8655c.cortex_m_rt.9af0fdcc373a2615-cgu.0.rcgu.o):(.debug_line)
   2bbfd    2bbfd      e02     1         C:\projects\contributions\embassy\examples\stm32u5\target\thumbv8m.main-none-eabihf\release\deps\libembassy_sync-751708c5be643027.rlib(embassy_sync-751708c5be643027.embassy_sync.493e1a41bafe1b8e-cgu.0.rcgu.o):(.debug_line)
   2c9ff    2c9ff      3b2     1         C:\projects\contributions\embassy\examples\stm32u5\target\thumbv8m.main-none-eabihf\release\deps\libembedded_io-c9cd4e9cec3a7a4c.rlib(embedded_io-c9cd4e9cec3a7a4c.embedded_io.20941f9b6cdaf4f9-cgu.0.rcgu.o):(.debug_line)
   2cdb1    2cdb1      de7     1         C:\projects\contributions\embassy\examples\stm32u5\target\thumbv8m.main-none-eabihf\release\deps\libembassy_hal_internal-7cc5ca0a8e0792de.rlib(embassy_hal_internal-7cc5ca0a8e0792de.embassy_hal_internal.347e596308821b15-cgu.0.rcgu.o):(.debug_line)
   2db98    2db98      b4c     1         C:\projects\contributions\embassy\examples\stm32u5\target\thumbv8m.main-none-eabihf\release\deps\libcortex_m-00d3499bdcc2cd79.rlib(cortex_m-00d3499bdcc2cd79.cortex_m.ad777470524c4902-cgu.0.rcgu.o):(.debug_line)
   2e6e4    2e6e4     11e4     1         C:\projects\contributions\embassy\examples\stm32u5\target\thumbv8m.main-none-eabihf\release\deps\libembassy_executor-6a57099363a1c363.rlib(embassy_executor-6a57099363a1c363.embassy_executor.677ae4c3f9fc87cf-cgu.0.rcgu.o):(.debug_line)
   2f8c8    2f8c8       3e     1         C:\projects\contributions\embassy\examples\stm32u5\target\thumbv8m.main-none-eabihf\release\deps\libembassy_time_queue_driver-c5b5d627eea6f56b.rlib(embassy_time_queue_driver-c5b5d627eea6f56b.embassy_time_queue_driver.17f3034303b35947-cgu.0.rcgu.o):(.debug_line)
   2f906    2f906       78     1         C:\projects\contributions\embassy\examples\stm32u5\target\thumbv8m.main-none-eabihf\release\deps\libembassy_time_driver-156be124ea90f617.rlib(embassy_time_driver-156be124ea90f617.embassy_time_driver.bcf9fc3466269bd1-cgu.0.rcgu.o):(.debug_line)
   2f97e    2f97e      ecd     1         C:\projects\contributions\embassy\examples\stm32u5\target\thumbv8m.main-none-eabihf\release\deps\libdefmt-ef1ac156233cd8c6.rlib(defmt-ef1ac156233cd8c6.defmt.199bd02f7069c18f-cgu.0.rcgu.o):(.debug_line)
   3084b    3084b    1c323     1         C:\Users\WilliamSpinelli\.rustup\toolchains\nightly-2024-10-13-x86_64-pc-windows-msvc\lib\rustlib\thumbv8m.main-none-eabihf\lib\libcore-f0c306036ef78580.rlib(core-f0c306036ef78580.core.201a00b13d263923-cgu.0.rcgu.o):(.debug_line)
   4cb6e    4cb6e       ab     1         C:\Users\WilliamSpinelli\.rustup\toolchains\nightly-2024-10-13-x86_64-pc-windows-msvc\lib\rustlib\thumbv8m.main-none-eabihf\lib\libcompiler_builtins-788898541b60bffa.rlib(compiler_builtins-788898541b60bffa.compiler_builtins.7850f3bf58c73c71-cgu.080.rcgu.o):(.debug_line)
   4cc19    4cc19      2e9     1         C:\Users\WilliamSpinelli\.rustup\toolchains\nightly-2024-10-13-x86_64-pc-windows-msvc\lib\rustlib\thumbv8m.main-none-eabihf\lib\libcompiler_builtins-788898541b60bffa.rlib(compiler_builtins-788898541b60bffa.compiler_builtins.7850f3bf58c73c71-cgu.123.rcgu.o):(.debug_line)
   4cf02    4cf02      2e7     1         C:\Users\WilliamSpinelli\.rustup\toolchains\nightly-2024-10-13-x86_64-pc-windows-msvc\lib\rustlib\thumbv8m.main-none-eabihf\lib\libcompiler_builtins-788898541b60bffa.rlib(compiler_builtins-788898541b60bffa.compiler_builtins.7850f3bf58c73c71-cgu.134.rcgu.o):(.debug_line)
   4d1e9    4d1e9      1d4     1         C:\Users\WilliamSpinelli\.rustup\toolchains\nightly-2024-10-13-x86_64-pc-windows-msvc\lib\rustlib\thumbv8m.main-none-eabihf\lib\libcompiler_builtins-788898541b60bffa.rlib(compiler_builtins-788898541b60bffa.compiler_builtins.7850f3bf58c73c71-cgu.157.rcgu.o):(.debug_line)
   4d3bd    4d3bd      d7e     1         C:\Users\WilliamSpinelli\.rustup\toolchains\nightly-2024-10-13-x86_64-pc-windows-msvc\lib\rustlib\thumbv8m.main-none-eabihf\lib\libcompiler_builtins-788898541b60bffa.rlib(compiler_builtins-788898541b60bffa.compiler_builtins.7850f3bf58c73c71-cgu.010.rcgu.o):(.debug_line)
   4e13b    4e13b      244     1         C:\Users\WilliamSpinelli\.rustup\toolchains\nightly-2024-10-13-x86_64-pc-windows-msvc\lib\rustlib\thumbv8m.main-none-eabihf\lib\libcompiler_builtins-788898541b60bffa.rlib(compiler_builtins-788898541b60bffa.compiler_builtins.7850f3bf58c73c71-cgu.174.rcgu.o):(.debug_line)
   4e37f    4e37f       42     1         C:\Users\WilliamSpinelli\.rustup\toolchains\nightly-2024-10-13-x86_64-pc-windows-msvc\lib\rustlib\thumbv8m.main-none-eabihf\lib\libcompiler_builtins-788898541b60bffa.rlib(compiler_builtins-788898541b60bffa.compiler_builtins.7850f3bf58c73c71-cgu.185.rcgu.o):(.debug_line)
   4e3c1    4e3c1      d8b     1         C:\Users\WilliamSpinelli\.rustup\toolchains\nightly-2024-10-13-x86_64-pc-windows-msvc\lib\rustlib\thumbv8m.main-none-eabihf\lib\libcompiler_builtins-788898541b60bffa.rlib(compiler_builtins-788898541b60bffa.compiler_builtins.7850f3bf58c73c71-cgu.005.rcgu.o):(.debug_line)
   4f14c    4f14c      5f3     1         C:\Users\WilliamSpinelli\.rustup\toolchains\nightly-2024-10-13-x86_64-pc-windows-msvc\lib\rustlib\thumbv8m.main-none-eabihf\lib\libcompiler_builtins-788898541b60bffa.rlib(compiler_builtins-788898541b60bffa.compiler_builtins.7850f3bf58c73c71-cgu.016.rcgu.o):(.debug_line)
   4f73f    4f73f       7b     1         C:\Users\WilliamSpinelli\.rustup\toolchains\nightly-2024-10-13-x86_64-pc-windows-msvc\lib\rustlib\thumbv8m.main-none-eabihf\lib\libcompiler_builtins-788898541b60bffa.rlib(compiler_builtins-788898541b60bffa.compiler_builtins.7850f3bf58c73c71-cgu.189.rcgu.o):(.debug_line)
   4f7ba    4f7ba      232     1         C:\Users\WilliamSpinelli\.rustup\toolchains\nightly-2024-10-13-x86_64-pc-windows-msvc\lib\rustlib\thumbv8m.main-none-eabihf\lib\libcompiler_builtins-788898541b60bffa.rlib(compiler_builtins-788898541b60bffa.compiler_builtins.7850f3bf58c73c71-cgu.201.rcgu.o):(.debug_line)
   4f9ec    4f9ec      215     1         C:\Users\WilliamSpinelli\.rustup\toolchains\nightly-2024-10-13-x86_64-pc-windows-msvc\lib\rustlib\thumbv8m.main-none-eabihf\lib\libcompiler_builtins-788898541b60bffa.rlib(compiler_builtins-788898541b60bffa.compiler_builtins.7850f3bf58c73c71-cgu.217.rcgu.o):(.debug_line)
   4fc01    4fc01      221     1         C:\Users\WilliamSpinelli\.rustup\toolchains\nightly-2024-10-13-x86_64-pc-windows-msvc\lib\rustlib\thumbv8m.main-none-eabihf\lib\libcompiler_builtins-788898541b60bffa.rlib(compiler_builtins-788898541b60bffa.compiler_builtins.7850f3bf58c73c71-cgu.227.rcgu.o):(.debug_line)
   4fe22    4fe22      204     1         C:\Users\WilliamSpinelli\.rustup\toolchains\nightly-2024-10-13-x86_64-pc-windows-msvc\lib\rustlib\thumbv8m.main-none-eabihf\lib\libcompiler_builtins-788898541b60bffa.rlib(compiler_builtins-788898541b60bffa.compiler_builtins.7850f3bf58c73c71-cgu.252.rcgu.o):(.debug_line)
   50026    50026      232     1         C:\Users\WilliamSpinelli\.rustup\toolchains\nightly-2024-10-13-x86_64-pc-windows-msvc\lib\rustlib\thumbv8m.main-none-eabihf\lib\libcompiler_builtins-788898541b60bffa.rlib(compiler_builtins-788898541b60bffa.compiler_builtins.7850f3bf58c73c71-cgu.306.rcgu.o):(.debug_line)
   50258    50258      223     1         C:\Users\WilliamSpinelli\.rustup\toolchains\nightly-2024-10-13-x86_64-pc-windows-msvc\lib\rustlib\thumbv8m.main-none-eabihf\lib\libcompiler_builtins-788898541b60bffa.rlib(compiler_builtins-788898541b60bffa.compiler_builtins.7850f3bf58c73c71-cgu.322.rcgu.o):(.debug_line)
   5047b    5047b       49     1         C:\Users\WilliamSpinelli\.rustup\toolchains\nightly-2024-10-13-x86_64-pc-windows-msvc\lib\rustlib\thumbv8m.main-none-eabihf\lib\libcompiler_builtins-788898541b60bffa.rlib(compiler_builtins-788898541b60bffa.compiler_builtins.7850f3bf58c73c71-cgu.335.rcgu.o):(.debug_line)
   504c4    504c4     104d     1         C:\Users\WilliamSpinelli\.rustup\toolchains\nightly-2024-10-13-x86_64-pc-windows-msvc\lib\rustlib\thumbv8m.main-none-eabihf\lib\libcompiler_builtins-788898541b60bffa.rlib(compiler_builtins-788898541b60bffa.compiler_builtins.7850f3bf58c73c71-cgu.001.rcgu.o):(.debug_line)
   51511    51511      1b2     1         C:\Users\WilliamSpinelli\.rustup\toolchains\nightly-2024-10-13-x86_64-pc-windows-msvc\lib\rustlib\thumbv8m.main-none-eabihf\lib\libcompiler_builtins-788898541b60bffa.rlib(compiler_builtins-788898541b60bffa.compiler_builtins.7850f3bf58c73c71-cgu.343.rcgu.o):(.debug_line)
   516c3    516c3       4b     1         C:\Users\WilliamSpinelli\.rustup\toolchains\nightly-2024-10-13-x86_64-pc-windows-msvc\lib\rustlib\thumbv8m.main-none-eabihf\lib\libcompiler_builtins-788898541b60bffa.rlib(compiler_builtins-788898541b60bffa.compiler_builtins.7850f3bf58c73c71-cgu.353.rcgu.o):(.debug_line)
   5170e    5170e       99     1         C:\Users\WilliamSpinelli\.rustup\toolchains\nightly-2024-10-13-x86_64-pc-windows-msvc\lib\rustlib\thumbv8m.main-none-eabihf\lib\libcompiler_builtins-788898541b60bffa.rlib(compiler_builtins-788898541b60bffa.compiler_builtins.7850f3bf58c73c71-cgu.324.rcgu.o):(.debug_line)
   517a7    517a7      630     1         C:\Users\WilliamSpinelli\.rustup\toolchains\nightly-2024-10-13-x86_64-pc-windows-msvc\lib\rustlib\thumbv8m.main-none-eabihf\lib\libcompiler_builtins-788898541b60bffa.rlib(compiler_builtins-788898541b60bffa.compiler_builtins.7850f3bf58c73c71-cgu.008.rcgu.o):(.debug_line)
       0        0     2dc0     4 .symtab
       0        0     2dc0     4         <internal>:(.symtab)
       0        0       ed     1 .shstrtab
       0        0       ed     1         <internal>:(.shstrtab)
       0        0     76ed     1 .strtab
       0        0     76ed     1         <internal>:(.strtab)
